Component: ARM Compiler 5.06 update 1 (build 61) Tool: armlink [4d35a8]

==============================================================================

Section Cross References

    startup_stm32f10x_md.o(RESET) refers to startup_stm32f10x_md.o(STACK) for __initial_sp
    startup_stm32f10x_md.o(RESET) refers to startup_stm32f10x_md.o(.text) for Reset_Handler
    startup_stm32f10x_md.o(RESET) refers to stm32f10x_it.o(.text) for NMI_Handler
    startup_stm32f10x_md.o(RESET) refers to timer.o(.text) for TIM3_IRQHandler
    startup_stm32f10x_md.o(RESET) refers to usart3.o(.text) for USART1_IRQHandler
    startup_stm32f10x_md.o(.text) refers to system_stm32f10x.o(.text) for SystemInit
    startup_stm32f10x_md.o(.text) refers to entry.o(.ARM.Collect$$$$00000000) for __main
    system_stm32f10x.o(.text) refers to system_stm32f10x.o(.data) for SystemCoreClock
    stm32f10x_adc.o(.text) refers to stm32f10x_rcc.o(.text) for RCC_APB2PeriphResetCmd
    stm32f10x_bkp.o(.text) refers to stm32f10x_rcc.o(.text) for RCC_BackupResetCmd
    stm32f10x_can.o(.text) refers to stm32f10x_rcc.o(.text) for RCC_APB1PeriphResetCmd
    stm32f10x_cec.o(.text) refers to stm32f10x_rcc.o(.text) for RCC_APB1PeriphResetCmd
    stm32f10x_dac.o(.text) refers to stm32f10x_rcc.o(.text) for RCC_APB1PeriphResetCmd
    stm32f10x_gpio.o(.text) refers to stm32f10x_rcc.o(.text) for RCC_APB2PeriphResetCmd
    stm32f10x_i2c.o(.text) refers to stm32f10x_rcc.o(.text) for RCC_APB1PeriphResetCmd
    stm32f10x_pwr.o(.text) refers to stm32f10x_rcc.o(.text) for RCC_APB1PeriphResetCmd
    stm32f10x_rcc.o(.text) refers to stm32f10x_rcc.o(.data) for APBAHBPrescTable
    stm32f10x_spi.o(.text) refers to stm32f10x_rcc.o(.text) for RCC_APB2PeriphResetCmd
    stm32f10x_tim.o(.text) refers to stm32f10x_rcc.o(.text) for RCC_APB2PeriphResetCmd
    stm32f10x_usart.o(.text) refers to stm32f10x_rcc.o(.text) for RCC_APB2PeriphResetCmd
    stm32f10x_wwdg.o(.text) refers to stm32f10x_rcc.o(.text) for RCC_APB1PeriphResetCmd
    main.o(.text) refers to oled_i2c.o(.text) for GB16_NUM
    main.o(.text) refers to misc.o(.text) for NVIC_PriorityGroupConfig
    main.o(.text) refers to delay.o(.text) for DelayInit
    main.o(.text) refers to bsp_advance_tim.o(.text) for TIM_Init
    main.o(.text) refers to usart3.o(.text) for usart3_init
    main.o(.text) refers to key.o(.text) for KEY_Init
    main.o(.text) refers to bsp_led.o(.text) for LED_GPIO_Config
    main.o(.text) refers to jdy_10m.o(.text) for JDY_10M_Init
    main.o(.text) refers to light.o(.text) for Light_Init
    main.o(.text) refers to bsp_dht11.o(.text) for DHT11_Init
    main.o(.text) refers to bsp_adc.o(.text) for ADCx_Init
    main.o(.text) refers to ffltui.o(.text) for __aeabi_ui2f
    main.o(.text) refers to as608.o(.text) for Add_FR
    main.o(.text) refers to fflti.o(.text) for __aeabi_i2f
    main.o(.text) refers to cfcmple.o(.text) for __aeabi_cfcmple
    main.o(.text) refers to stm32f10x_tim.o(.text) for TIM_SetCompare1
    main.o(.text) refers to oled_i2c.o(.data) for HZ
    main.o(.text) refers to main.o(.bss) for Node_data1
    main.o(.text) refers to main.o(.data) for send_data
    main.o(.text) refers to timer.o(.data) for key_num
    oled_i2c.o(.text) refers to stm32f10x_gpio.o(.text) for GPIO_SetBits
    oled_i2c.o(.text) refers to stm32f10x_rcc.o(.text) for RCC_APB2PeriphClockCmd
    oled_i2c.o(.text) refers to delay.o(.text) for DelayMs
    oled_i2c.o(.text) refers to oled_i2c.o(.data) for hz_index
    oled_i2c.o(.text) refers to oled_i2c.o(.constdata) for F6x8
    oled_i2c.o(.text) refers to f2d.o(.text) for __aeabi_f2d
    oled_i2c.o(.text) refers to printfa.o(i.__0sprintf) for __2sprintf
    oled_i2c.o(.text) refers to strchr.o(.text) for strchr
    delay.o(.text) refers to misc.o(.text) for SysTick_CLKSourceConfig
    delay.o(.text) refers to system_stm32f10x.o(.data) for SystemCoreClock
    delay.o(.text) refers to delay.o(.data) for fac_us
    light.o(.text) refers to oled_i2c.o(.text) for i2c_Start
    light.o(.text) refers to delay.o(.text) for DelayMs
    bsp_dht11.o(.text) refers to stm32f10x_rcc.o(.text) for RCC_APB2PeriphClockCmd
    bsp_dht11.o(.text) refers to stm32f10x_gpio.o(.text) for GPIO_Init
    bsp_dht11.o(.text) refers to delay.o(.text) for DelayUs
    as608.o(.text) refers to delay.o(.text) for DelayMs
    as608.o(.text) refers to strstr.o(.text) for strstr
    as608.o(.text) refers to as608.o(.data) for AS608Addr
    as608.o(.text) refers to usart3.o(.data) for USART3_RX_STA
    as608.o(.text) refers to usart3.o(.bss) for USART3_RX_BUF
    as608.o(.text) refers to printfa.o(i.__0printf) for __2printf
    as608.o(.text) refers to oled_i2c.o(.text) for OLED_ShowCH
    as608.o(.text) refers to key.o(.text) for KEY_Scan
    as608.o(.text) refers to printfa.o(i.__0sprintf) for __2sprintf
    as608.o(.text) refers to timer.o(.data) for key_num
    as608.o(.text) refers to stm32f10x_gpio.o(.text) for GPIO_SetBits
    as608.o(.text) refers to memseta.o(.text) for __aeabi_memclr4
[...]
    printfa.o(i.__0snprintf) refers to printfa.o(i._snputc) for _snputc
    printfa.o(i.__0sprintf) refers (Special) to iusefp.o(.text) for __I$use$fp
    printfa.o(i.__0sprintf) refers to printfa.o(i._printf_core) for _printf_core
    printfa.o(i.__0sprintf) refers to printfa.o(i._sputc) for _sputc
    printfa.o(i.__0vfprintf) refers (Special) to iusefp.o(.text) for __I$use$fp
    printfa.o(i.__0vfprintf) refers to printfa.o(i._printf_core) for _printf_core
    printfa.o(i.__0vfprintf) refers to usart3.o(.text) for fputc
    printfa.o(i.__0vprintf) refers (Special) to iusefp.o(.text) for __I$use$fp
    printfa.o(i.__0vprintf) refers to printfa.o(i._printf_core) for _printf_core
    printfa.o(i.__0vprintf) refers to usart3.o(.text) for fputc
    printfa.o(i.__0vprintf) refers to stdout.o(.data) for __stdout
    printfa.o(i.__0vsnprintf) refers (Special) to iusefp.o(.text) for __I$use$fp
    printfa.o(i.__0vsnprintf) refers to printfa.o(i._printf_core) for _printf_core
    printfa.o(i.__0vsnprintf) refers to printfa.o(i._snputc) for _snputc
    printfa.o(i.__0vsprintf) refers (Special) to iusefp.o(.text) for __I$use$fp
    printfa.o(i.__0vsprintf) refers to printfa.o(i._printf_core) for _printf_core
    printfa.o(i.__0vsprintf) refers to printfa.o(i._sputc) for _sputc
    printfa.o(i._fp_digits) refers (Special) to iusefp.o(.text) for __I$use$fp
    printfa.o(i._fp_digits) refers to dmul.o(.text) for __aeabi_dmul
    printfa.o(i._fp_digits) refers to ddiv.o(.text) for __aeabi_ddiv
    printfa.o(i._fp_digits) refers to cdrcmple.o(.text) for __aeabi_cdrcmple
    printfa.o(i._fp_digits) refers to dadd.o(.text) for __aeabi_dadd
    printfa.o(i._fp_digits) refers to dfixul.o(.text) for __aeabi_d2ulz
    printfa.o(i._fp_digits) refers to uldiv.o(.text) for __aeabi_uldivmod
    printfa.o(i._printf_core) refers (Special) to iusefp.o(.text) for __I$use$fp
    printfa.o(i._printf_core) refers to printfa.o(i._printf_pre_padding) for _printf_pre_padding
    printfa.o(i._printf_core) refers to uldiv.o(.text) for __aeabi_uldivmod
    printfa.o(i._printf_core) refers to printfa.o(i._printf_post_padding) for _printf_post_padding
    printfa.o(i._printf_core) refers to printfa.o(i._fp_digits) for _fp_digits
    printfa.o(i._printf_core) refers to uidiv.o(.text) for __aeabi_uidivmod
    printfa.o(i._printf_post_padding) refers (Special) to iusefp.o(.text) for __I$use$fp
    printfa.o(i._printf_pre_padding) refers (Special) to iusefp.o(.text) for __I$use$fp
    printfa.o(i._snputc) refers (Special) to iusefp.o(.text) for __I$use$fp
    printfa.o(i._sputc) refers (Special) to iusefp.o(.text) for __I$use$fp
    fmul.o(.text) refers (Special) to iusefp.o(.text) for __I$use$fp
    fdiv.o(.text) refers (Special) to iusefp.o(.text) for __I$use$fp
    fdiv.o(.text) refers to fepilogue.o(.text) for _float_round
    dadd.o(.text) refers (Special) to iusefp.o(.text) for __I$use$fp
    dadd.o(.text) refers to llshl.o(.text) for __aeabi_llsl
    dadd.o(.text) refers to llsshr.o(.text) for __aeabi_lasr
    dadd.o(.text) refers to depilogue.o(.text) for _double_epilogue
    dmul.o(.text) refers (Special) to iusefp.o(.text) for __I$use$fp
    dmul.o(.text) refers to depilogue.o(.text) for _double_epilogue
    fflti.o(.text) refers (Special) to iusefp.o(.text) for __I$use$fp
    fflti.o(.text) refers to fepilogue.o(.text) for _float_epilogue
    ffltui.o(.text) refers (Special) to iusefp.o(.text) for __I$use$fp
    ffltui.o(.text) refers to fepilogue.o(.text) for _float_epilogue
    ffixi.o(.text) refers (Special) to iusefp.o(.text) for __I$use$fp
    f2d.o(.text) refers (Special) to iusefp.o(.text) for __I$use$fp
    d2f.o(.text) refers (Special) to iusefp.o(.text) for __I$use$fp
    d2f.o(.text) refers to fepilogue.o(.text) for _float_round
    cfcmple.o(.text) refers (Special) to iusefp.o(.text) for __I$use$fp
    entry2.o(.ARM.Collect$$$$00000001) refers to entry2.o(.ARM.Collect$$$$00002712) for __lit__00000000
    entry2.o(.ARM.Collect$$$$00002712) refers to startup_stm32f10x_md.o(STACK) for __initial_sp
    entry2.o(__vectab_stack_and_reset_area) refers to startup_stm32f10x_md.o(STACK) for __initial_sp
    entry2.o(__vectab_stack_and_reset_area) refers to entry.o(.ARM.Collect$$$$00000000) for __main
    entry5.o(.ARM.Collect$$$$00000004) refers to init.o(.text) for __scatterload
    entry9a.o(.ARM.Collect$$$$0000000B) refers to main.o(.text) for main
    entry9b.o(.ARM.Collect$$$$0000000C) refers to main.o(.text) for main
    uldiv.o(.text) refers to llushr.o(.text) for __aeabi_llsr
    uldiv.o(.text) refers to llshl.o(.text) for __aeabi_llsl
    depilogue.o(.text) refers to llshl.o(.text) for __aeabi_llsl
    depilogue.o(.text) refers to llushr.o(.text) for __aeabi_llsr
    ddiv.o(.text) refers to depilogue.o(.text) for _double_round
    dfixul.o(.text) refers to llushr.o(.text) for __aeabi_llsr
    dfixul.o(.text) refers to llshl.o(.text) for __aeabi_llsl
    init.o(.text) refers to entry5.o(.ARM.Collect$$$$00000004) for __main_after_scatterload


==============================================================================

Removing Unused input sections from the image.

    Removing startup_stm32f10x_md.o(HEAP), (512 bytes).
    Removing core_cm3.o(.emb_text), (32 bytes).
    Removing stm32f10x_bkp.o(.text), (196 bytes).
    Removing stm32f10x_can.o(.text), (2544 bytes).
    Removing stm32f10x_cec.o(.text), (288 bytes).
    Removing stm32f10x_crc.o(.text), (72 bytes).
    Removing stm32f10x_dac.o(.text), (396 bytes).
    Removing stm32f10x_dbgmcu.o(.text), (48 bytes).
    Removing stm32f10x_exti.o(.text), (284 bytes).
    Removing stm32f10x_flash.o(.text), (1468 bytes).
    Removing stm32f10x_fsmc.o(.text), (1548 bytes).
    Removing stm32f10x_i2c.o(.text), (1028 bytes).
    Removing stm32f10x_iwdg.o(.text), (64 bytes).
    Removing stm32f10x_pwr.o(.text), (204 bytes).
    Removing stm32f10x_rtc.o(.text), (328 bytes).
    Removing stm32f10x_sdio.o(.text), (468 bytes).
    Removing stm32f10x_spi.o(.text), (780 bytes).
    Removing stm32f10x_wwdg.o(.text), (136 bytes).
    Removing as608.o(.bss), (12 bytes).
    Removing sys.o(.emb_text), (6 bytes).
    Removing sys.o(.text), (12 bytes).

21 unused section(s) (total 10426 bytes) removed from the image.

==============================================================================

Image Symbol Table

    Local Symbols

    Symbol Name                              Value     Ov Type        Size  Object(Section)

    ../clib/../cmprslib/lz77c.c              0x00000000   Number         0  __dclz77c.o ABSOLUTE
    ../clib/microlib/division.c              0x00000000   Number         0  uldiv.o ABSOLUTE
    ../clib/microlib/division.c              0x00000000   Number         0  uidiv.o ABSOLUTE
    ../clib/microlib/init/entry.s            0x00000000   Number         0  entry10a.o ABSOLUTE
    ../clib/microlib/init/entry.s            0x00000000   Number         0  entry9b.o ABSOLUTE
    ../clib/microlib/init/entry.s            0x00000000   Number         0  entry9a.o ABSOLUTE
    ../clib/microlib/init/entry.s            0x00000000   Number         0  entry2.o ABSOLUTE
    ../clib/microlib/init/entry.s            0x00000000   Number         0  entry5.o ABSOLUTE
    ../clib/microlib/init/entry.s            0x00000000   Number         0  entry8b.o ABSOLUTE
    ../clib/microlib/init/entry.s            0x00000000   Number         0  entry7a.o ABSOLUTE
    ../clib/microlib/init/entry.s            0x00000000   Number         0  entry7b.o ABSOLUTE
    ../clib/microlib/init/entry.s            0x00000000   Number         0  entry8a.o ABSOLUTE
    ../clib/microlib/init/entry.s            0x00000000   Number         0  entry.o ABSOLUTE
    ../clib/microlib/init/entry.s            0x00000000   Number         0  entry11b.o ABSOLUTE
    ../clib/microlib/init/entry.s            0x00000000   Number         0  entry11a.o ABSOLUTE
    ../clib/microlib/init/entry.s            0x00000000   Number         0  entry10b.o ABSOLUTE
    ../clib/microlib/longlong.c              0x00000000   Number         0  llushr.o ABSOLUTE
    ../clib/microlib/longlong.c              0x00000000   Number         0  llshl.o ABSOLUTE
    ../clib/microlib/longlong.c              0x00000000   Number         0  llsshr.o ABSOLUTE
    ../clib/microlib/printf/printf.c         0x00000000   Number         0  printf0.o ABSOLUTE
    ../clib/microlib/printf/printf.c         0x00000000   Number         0  printf5.o ABSOLUTE
    ../clib/microlib/printf/printf.c         0x00000000   Number         0  printf4.o ABSOLUTE
    ../clib/microlib/printf/printf.c         0x00000000   Number         0  printf3.o ABSOLUTE
    ../clib/microlib/printf/printf.c         0x00000000   Number         0  printf2.o ABSOLUTE
    ../clib/microlib/printf/printf.c         0x00000000   Number         0  printf1.o ABSOLUTE
    ../clib/microlib/printf/printf.c         0x00000000   Number         0  printfb.o ABSOLUTE
    ../clib/microlib/printf/printf.c         0x00000000   Number         0  printfa.o ABSOLUTE
    ../clib/microlib/printf/printf.c         0x00000000   Number         0  printf8.o ABSOLUTE
    ../clib/microlib/printf/printf.c         0x00000000   Number         0  printf7.o ABSOLUTE
    ../clib/microlib/printf/printf.c         0x00000000   Number         0  printf6.o ABSOLUTE
    ../clib/microlib/printf/stubs.s          0x00000000   Number         0  stubs.o ABSOLUTE
    ../clib/microlib/stdio/streams.c         0x00000000   Number         0  stdout.o ABSOLUTE
    ../clib/microlib/string/memset.c         0x00000000   Number         0  memseta.o ABSOLUTE
    ../clib/microlib/string/strchr.c         0x00000000   Number         0  strchr.o ABSOLUTE
    ../clib/microlib/string/strlen.c         0x00000000   Number         0  strlen.o ABSOLUTE
    ../clib/microlib/string/strstr.c         0x00000000   Number         0  strstr.o ABSOLUTE
    ../clib/microlib/stubs.s                 0x00000000   Number         0  iusefp.o ABSOLUTE
    ../fplib/microlib/d2f.c                  0x00000000   Number         0  d2f.o ABSOLUTE
    ../fplib/microlib/f2d.c                  0x00000000   Number         0  f2d.o ABSOLUTE
    ../fplib/microlib/fpadd.c                0x00000000   Number         0  dadd.o ABSOLUTE
    ../fplib/microlib/fpdiv.c                0x00000000   Number         0  fdiv.o ABSOLUTE
    ../fplib/microlib/fpdiv.c                0x00000000   Number         0  ddiv.o ABSOLUTE
    ../fplib/microlib/fpepilogue.c           0x00000000   Number         0  fepilogue.o ABSOLUTE
    ../fplib/microlib/fpepilogue.c           0x00000000   Number         0  depilogue.o ABSOLUTE
    ../fplib/microlib/fpfix.c                0x00000000   Number         0  ffixi.o ABSOLUTE
    ../fplib/microlib/fpfix.c                0x00000000   Number         0  dfixul.o ABSOLUTE
    ../fplib/microlib/fpflt.c                0x00000000   Number         0  ffltui.o ABSOLUTE
    ../fplib/microlib/fpflt.c                0x00000000   Number         0  fflti.o ABSOLUTE
    ../fplib/microlib/fpmul.c                0x00000000   Number         0  fmul.o ABSOLUTE
    ../fplib/microlib/fpmul.c                0x00000000   Number         0  dmul.o ABSOLUTE
    ..\..\Libraries\CMSIS\core_cm3.c         0x00000000   Number         0  core_cm3.o ABSOLUTE
    ..\..\Libraries\CMSIS\startup\startup_stm32f10x_md.s 0x00000000   Number         0  startup_stm32f10x_md.o ABSOLUTE
    ..\..\Libraries\CMSIS\system_stm32f10x.c 0x00000000   Number         0  system_stm32f10x.o ABSOLUTE
    ..\..\Libraries\src\misc.c               0x00000000   Number         0  misc.o ABSOLUTE
    ..\..\Libraries\src\stm32f10x_adc.c      0x00000000   Number         0  stm32f10x_adc.o ABSOLUTE
    ..\..\Libraries\src\stm32f10x_bkp.c      0x00000000   Number         0  stm32f10x_bkp.o ABSOLUTE
    ..\..\Libraries\src\stm32f10x_can.c      0x00000000   Number         0  stm32f10x_can.o ABSOLUTE
    ..\..\Libraries\src\stm32f10x_cec.c      0x00000000   Number         0  stm32f10x_cec.o ABSOLUTE
    ..\..\Libraries\src\stm32f10x_crc.c      0x00000000   Number         0  stm32f10x_crc.o ABSOLUTE
    ..\..\Libraries\src\stm32f10x_dac.c      0x00000000   Number         0  stm32f10x_dac.o ABSOLUTE
    ..\..\Libraries\src\stm32f10x_dbgmcu.c   0x00000000   Number         0  stm32f10x_dbgmcu.o ABSOLUTE
    ..\..\Libraries\src\stm32f10x_dma.c      0x00000000   Number         0  stm32f10x_dma.o ABSOLUTE
    ..\..\Libraries\src\stm32f10x_exti.c     0x00000000   Number         0  stm32f10x_exti.o ABSOLUTE
    ..\..\Libraries\src\stm32f10x_flash.c    0x00000000   Number         0  stm32f10x_flash.o ABSOLUTE
    ..\..\Libraries\src\stm32f10x_fsmc.c     0x00000000   Number         0  stm32f10x_fsmc.o ABSOLUTE
    ..\..\Libraries\src\stm32f10x_gpio.c     0x00000000   Number         0  stm32f10x_gpio.o ABSOLUTE
    ..\..\Libraries\src\stm32f10x_i2c.c      0x00000000   Number         0  stm32f10x_i2c.o ABSOLUTE
    ..\..\Libraries\src\stm32f10x_iwdg.c     0x00000000   Number         0  stm32f10x_iwdg.o ABSOLUTE
    ..\..\Libraries\src\stm32f10x_pwr.c      0x00000000   Number         0  stm32f10x_pwr.o ABSOLUTE
    ..\..\Libraries\src\stm32f10x_rcc.c      0x00000000   Number         0  stm32f10x_rcc.o ABSOLUTE
    ..\..\Libraries\src\stm32f10x_rtc.c      0x00000000   Number         0  stm32f10x_rtc.o ABSOLUTE
    ..\..\Libraries\src\stm32f10x_sdio.c     0x00000000   Number         0  stm32f10x_sdio.o ABSOLUTE
    ..\..\Libraries\src\stm32f10x_spi.c      0x00000000   Number         0  stm32f10x_spi.o ABSOLUTE
    ..\..\Libraries\src\stm32f10x_tim.c      0x00000000   Number         0  stm32f10x_tim.o ABSOLUTE
    ..\..\Libraries\src\stm32f10x_usart.c    0x00000000   Number         0  stm32f10x_usart.o ABSOLUTE
    ..\..\Libraries\src\stm32f10x_wwdg.c     0x00000000   Number         0  stm32f10x_wwdg.o ABSOLUTE
    ..\..\User\AS608\as608.c                 0x00000000   Number         0  as608.o ABSOLUTE
    ..\..\User\Advance_TIM\bsp_Advance_tim.c 0x00000000   Number         0  bsp_advance_tim.o ABSOLUTE
    ..\..\User\KEY\key.c                     0x00000000   Number         0  key.o ABSOLUTE
    ..\..\User\Led\bsp_led.c                 0x00000000   Number         0  bsp_led.o ABSOLUTE
    ..\..\User\OLED_I2C.c                    0x00000000   Number         0  oled_i2c.o ABSOLUTE
    ..\..\User\TIMER\timer.c                 0x00000000   Number         0  timer.o ABSOLUTE
    ..\..\User\USART3\usart3.c               0x00000000   Number         0  usart3.o ABSOLUTE
    ..\..\User\adc\bsp_adc.c                 0x00000000   Number         0  bsp_adc.o ABSOLUTE
    ..\..\User\delay.c                       0x00000000   Number         0  delay.o ABSOLUTE
    ..\..\User\dht11\bsp_dht11.c             0x00000000   Number         0  bsp_dht11.o ABSOLUTE
    ..\..\User\jdy_10m\jdy_10m.c             0x00000000   Number         0  jdy_10m.o ABSOLUTE
    ..\..\User\light\light.c                 0x00000000   Number         0  light.o ABSOLUTE
    ..\..\User\main.c                        0x00000000   Number         0  main.o ABSOLUTE
    ..\..\User\stm32f10x_it.c                0x00000000   Number         0  stm32f10x_it.o ABSOLUTE
    ..\..\User\sys\sys.c                     0x00000000   Number         0  sys.o ABSOLUTE
    ..\\..\\Libraries\\CMSIS\\core_cm3.c     0x00000000   Number         0  core_cm3.o ABSOLUTE
    ..\\..\\User\\sys\\sys.c                 0x00000000   Number         0  sys.o ABSOLUTE
    cdrcmple.s                               0x00000000   Number         0  cdrcmple.o ABSOLUTE
    cfcmple.s                                0x00000000   Number         0  cfcmple.o ABSOLUTE
    dc.s                                     0x00000000   Number         0  dc.o ABSOLUTE
    handlers.s                               0x00000000   Number         0  handlers.o ABSOLUTE
    init.s                                   0x00000000   Number         0  init.o ABSOLUTE
    RESET                                    0x08000000   Section      236  startup_stm32f10x_md.o(RESET)
    .ARM.Collect$$$$00000000                 0x080000ec   Section        0  entry.o(.ARM.Collect$$$$00000000)
    .ARM.Collect$$$$00000001                 0x080000ec   Section        4  entry2.o(.ARM.Collect$$$$00000001)
    .ARM.Collect$$$$00000004                 0x080000f0   Section        4  entry5.o(.ARM.Collect$$$$00000004)
    .ARM.Collect$$$$00000008                 0x080000f4   Section        0  entry7b.o(.ARM.Collect$$$$00000008)
    .ARM.Collect$$$$0000000A                 0x080000f4   Section        0  entry8b.o(.ARM.Collect$$$$0000000A)
    .ARM.Collect$$$$0000000B                 0x080000f4   Section        8  entry9a.o(.ARM.Collect$$$$0000000B)
    .ARM.Collect$$$$0000000D                 0x080000fc   Section        0  entry10a.o(.ARM.Collect$$$$0000000D)
    .ARM.Collect$$$$0000000F                 0x080000fc   Section        0  entry11a.o(.ARM.Collect$$$$0000000F)
    .ARM.Collect$$$$00002712                 0x080000fc   Section        4  entry2.o(.ARM.Collect$$$$00002712)
    __lit__00000000                          0x080000fc   Data           4  entry2.o(.ARM.Collect$$$$00002712)
    .text                                    0x08000100   Section       36  startup_stm32f10x_md.o(.text)
    .text                                    0x08000124   Section        0  system_stm32f10x.o(.text)
    SetSysClockTo72                          0x08000125   Thumb Code   214  system_stm32f10x.o(.text)
    SetSysClock                              0x080001fb   Thumb Code     8  system_stm32f10x.o(.text)
    .text                                    0x08000304   Section        0  misc.o(.text)
    .text                                    0x080003e0   Section        0  stm32f10x_adc.o(.text)
    .text                                    0x08000830   Section        0  stm32f10x_dma.o(.text)
    .text                                    0x08000a84   Section        0  stm32f10x_gpio.o(.text)
    .text                                    0x08000de0   Section        0  stm32f10x_rcc.o(.text)
    .text                                    0x08001184   Section        0  stm32f10x_tim.o(.text)
    TI4_Config                               0x0800162b   Thumb Code   130  stm32f10x_tim.o(.text)
    TI3_Config                               0x080016bf   Thumb Code   122  stm32f10x_tim.o(.text)
    TI2_Config                               0x08001753   Thumb Code   130  stm32f10x_tim.o(.text)
    TI1_Config                               0x080017e7   Thumb Code   108  stm32f10x_tim.o(.text)
    .text                                    0x08001fa0   Section        0  stm32f10x_usart.o(.text)
    .text                                    0x080023a8   Section        0  main.o(.text)
    .text                                    0x08002648   Section        0  stm32f10x_it.o(.text)
    .text                                    0x08002664   Section        0  oled_i2c.o(.text)
    i2c_Delay                                0x08002677   Thumb Code    14  oled_i2c.o(.text)
    .text                                    0x08002f94   Section        0  delay.o(.text)
    .text                                    0x08003080   Section        0  light.o(.text)
    .text                                    0x0800311c   Section        0  bsp_dht11.o(.text)
    DHT11_GPIO_Config                        0x0800311d   Thumb Code    40  bsp_dht11.o(.text)
    DHT11_Mode_IPU                           0x08003157   Thumb Code    26  bsp_dht11.o(.text)
    DHT11_Mode_Out_PP                        0x08003171   Thumb Code    32  bsp_dht11.o(.text)
    DHT11_ReadByte                           0x08003191   Thumb Code    96  bsp_dht11.o(.text)
    .text                                    0x0800329c   Section        0  as608.o(.text)
    MYUSART_SendData                         0x0800329d   Thumb Code    22  as608.o(.text)
    SendHead                                 0x080032b3   Thumb Code    16  as608.o(.text)
    SendAddr                                 0x080032c3   Thumb Code    46  as608.o(.text)
    SendFlag                                 0x080032f1   Thumb Code    12  as608.o(.text)
    SendLength                               0x080032fd   Thumb Code    20  as608.o(.text)
    Sendcmd                                  0x08003311   Thumb Code    12  as608.o(.text)
    SendCheck                                0x0800331d   Thumb Code    18  as608.o(.text)
    JudgeStr                                 0x0800332f   Thumb Code   122  as608.o(.text)
    .text                                    0x080044fc   Section        0  usart3.o(.text)
    NVIC_Configuration                       0x0800468d   Thumb Code    38  usart3.o(.text)
    NVIC1_Configuration                      0x0800475f   Thumb Code    42  usart3.o(.text)
    itoa                                     0x080048c5   Thumb Code   134  usart3.o(.text)
    .text                                    0x08004b38   Section        0  key.o(.text)
    .text                                    0x08004c54   Section        0  timer.o(.text)
    .text                                    0x08004d54   Section        0  bsp_advance_tim.o(.text)
    TIM_GPIO_Config                          0x08004d55   Thumb Code    86  bsp_advance_tim.o(.text)
    Advance_TIM_Config                       0x08004dab   Thumb Code   132  bsp_advance_tim.o(.text)
    .text                                    0x08004e48   Section        0  bsp_adc.o(.text)
    LED_GPIO_Config                          0x08004e49   Thumb Code    40  bsp_adc.o(.text)
    ADCx_GPIO_Config                         0x08004e71   Thumb Code    32  bsp_adc.o(.text)
    ADCx_Mode_Config                         0x08004e91   Thumb Code   226  bsp_adc.o(.text)
    .text                                    0x08005030   Section        0  bsp_led.o(.text)
    .text                                    0x0800509c   Section        0  jdy_10m.o(.text)
    .text                                    0x0800517c   Section        0  memseta.o(.text)
    .text                                    0x080051a0   Section        0  strstr.o(.text)
    .text                                    0x080051c4   Section        0  strchr.o(.text)
    .text                                    0x080051d8   Section        0  strlen.o(.text)
    .text                                    0x080051e6   Section        0  fmul.o(.text)
    .text                                    0x0800524a   Section        0  fdiv.o(.text)
    .text                                    0x080052c6   Section        0  dadd.o(.text)
    .text                                    0x08005414   Section        0  dmul.o(.text)
    .text                                    0x080054f8   Section        0  fflti.o(.text)
    .text                                    0x0800550a   Section        0  ffltui.o(.text)
    .text                                    0x08005514   Section        0  ffixi.o(.text)
    .text                                    0x08005546   Section        0  f2d.o(.text)
    .text                                    0x0800556c   Section        0  d2f.o(.text)
    .text                                    0x080055a4   Section       20  cfcmple.o(.text)
    .text                                    0x080055b8   Section        0  uidiv.o(.text)
    .text                                    0x080055e4   Section        0  uldiv.o(.text)
    .text                                    0x08005646   Section        0  llshl.o(.text)
    .text                                    0x08005664   Section        0  llsshr.o(.text)
    .text                                    0x08005688   Section        0  iusefp.o(.text)
    .text                                    0x08005688   Section        0  fepilogue.o(.text)
    .text                                    0x080056f6   Section        0  depilogue.o(.text)
    .text                                    0x080057b0   Section        0  ddiv.o(.text)
    .text                                    0x0800588e   Section        0  dfixul.o(.text)
    .text                                    0x080058c0   Section       48  cdrcmple.o(.text)
    .text                                    0x080058f0   Section       36  init.o(.text)
    .text                                    0x08005914   Section        0  llushr.o(.text)
    .text                                    0x08005934   Section        0  __dclz77c.o(.text)
    i.__0printf                              0x08005994   Section        0  printfa.o(i.__0printf)
    i.__0sprintf                             0x080059b4   Section        0  printfa.o(i.__0sprintf)
    i.__0vsprintf                            0x080059dc   Section        0  printfa.o(i.__0vsprintf)
    i.__scatterload_copy                     0x08005a00   Section       14  handlers.o(i.__scatterload_copy)
    i.__scatterload_null                     0x08005a0e   Section        2  handlers.o(i.__scatterload_null)
    i.__scatterload_zeroinit                 0x08005a10   Section       14  handlers.o(i.__scatterload_zeroinit)
    i._fp_digits                             0x08005a20   Section        0  printfa.o(i._fp_digits)
    _fp_digits                               0x08005a21   Thumb Code   334  printfa.o(i._fp_digits)
    i._printf_core                           0x08005b84   Section        0  printfa.o(i._printf_core)
    _printf_core                             0x08005b85   Thumb Code  1744  printfa.o(i._printf_core)
    i._printf_post_padding                   0x08006260   Section        0  printfa.o(i._printf_post_padding)
    _printf_post_padding                     0x08006261   Thumb Code    36  printfa.o(i._printf_post_padding)
    i._printf_pre_padding                    0x08006284   Section        0  printfa.o(i._printf_pre_padding)
    _printf_pre_padding                      0x08006285   Thumb Code    46  printfa.o(i._printf_pre_padding)
    i._sputc                                 0x080062b2   Section        0  printfa.o(i._sputc)
    _sputc                                   0x080062b3   Thumb Code    10  printfa.o(i._sputc)
    .constdata                               0x080062bc   Section     2072  oled_i2c.o(.constdata)
    .data                                    0x20000000   Section       20  system_stm32f10x.o(.data)
    .data                                    0x20000014   Section       20  stm32f10x_rcc.o(.data)
    APBAHBPrescTable                         0x20000014   Data          16  stm32f10x_rcc.o(.data)
    ADCPrescTable                            0x20000024   Data           4  stm32f10x_rcc.o(.data)
    .data                                    0x20000028   Section       11  main.o(.data)
    .data                                    0x20000034   Section     5460  oled_i2c.o(.data)
    .data                                    0x20001588   Section        4  delay.o(.data)
    fac_us                                   0x20001588   Data           1  delay.o(.data)
    fac_ms                                   0x2000158a   Data           2  delay.o(.data)
    .data                                    0x2000158c   Section       10  as608.o(.data)
    .data                                    0x20001598   Section        8  usart3.o(.data)
    i                                        0x2000159c   Data           4  usart3.o(.data)
    .data                                    0x200015a0   Section        1  key.o(.data)
    key_up                                   0x200015a0   Data           1  key.o(.data)
    .data                                    0x200015a1   Section        1  timer.o(.data)
    .data                                    0x200015a2   Section        2  bsp_adc.o(.data)
    .data                                    0x200015a4   Section        4  stdout.o(.data)
    .bss                                     0x200015a8   Section       28  main.o(.bss)
    .bss                                     0x200015c4   Section      800  usart3.o(.bss)
    STACK                                    0x200018e8   Section     1024  startup_stm32f10x_md.o(STACK)

    Global Symbols

    Symbol Name                              Value     Ov Type        Size  Object(Section)

    BuildAttributes$$THM_ISAv4$P$D$K$B$S$PE$A:L22UL41UL21$X:L11$S22US41US21$IEEE1$IW$USESV6$~STKCKD$USESV7$~SHL$OTIME$ROPI$EBA8$MICROLIB$REQ8$PRES8$EABIv2 0x00000000   Number         0  anon$$obj.o ABSOLUTE
    __ARM_use_no_argv                        0x00000000   Number         0  main.o ABSOLUTE
    _printf_a                                0x00000000   Number         0  stubs.o ABSOLUTE
    _printf_c                                0x00000000   Number         0  stubs.o ABSOLUTE
    _printf_charcount                        0x00000000   Number         0  stubs.o ABSOLUTE
    _printf_d                                0x00000000   Number         0  stubs.o ABSOLUTE
    _printf_e                                0x00000000   Number         0  stubs.o ABSOLUTE
    _printf_f                                0x00000000   Number         0  stubs.o ABSOLUTE
    _printf_flags                            0x00000000   Number         0  stubs.o ABSOLUTE
    _printf_fp_dec                           0x00000000   Number         0  stubs.o ABSOLUTE
    _printf_fp_hex                           0x00000000   Number         0  stubs.o ABSOLUTE
    _printf_g                                0x00000000   Number         0  stubs.o ABSOLUTE
    _printf_i                                0x00000000   Number         0  stubs.o ABSOLUTE
    _printf_int_dec                          0x00000000   Number         0  stubs.o ABSOLUTE
    _printf_l                                0x00000000   Number         0  stubs.o ABSOLUTE
    _printf_lc                               0x00000000   Number         0  stubs.o ABSOLUTE
    _printf_ll                               0x00000000   Number         0  stubs.o ABSOLUTE
    _printf_lld                              0x00000000   Number         0  stubs.o ABSOLUTE
    _printf_lli                              0x00000000   Number         0  stubs.o ABSOLUTE
    _printf_llo                              0x00000000   Number         0  stubs.o ABSOLUTE
    _printf_llu                              0x00000000   Number         0  stubs.o ABSOLUTE
    _printf_llx                              0x00000000   Number         0  stubs.o ABSOLUTE
    _printf_longlong_dec                     0x00000000   Number         0  stubs.o ABSOLUTE
    _printf_longlong_hex                     0x00000000   Number         0  stubs.o ABSOLUTE
    _printf_longlong_oct                     0x00000000   Number         0  stubs.o ABSOLUTE
    _printf_ls                               0x00000000   Number         0  stubs.o ABSOLUTE
    _printf_mbtowc                           0x00000000   Number         0  stubs.o ABSOLUTE
    _printf_n                                0x00000000   Number         0  stubs.o ABSOLUTE
    _printf_o                                0x00000000   Number         0  stubs.o ABSOLUTE
    _printf_p                                0x00000000   Number         0  stubs.o ABSOLUTE
    _printf_percent                          0x00000000   Number         0  stubs.o ABSOLUTE
    _printf_pre_padding                      0x00000000   Number         0  stubs.o ABSOLUTE
    _printf_return_value                     0x00000000   Number         0  stubs.o ABSOLUTE
    _printf_s                                0x00000000   Number         0  stubs.o ABSOLUTE
    _printf_sizespec                         0x00000000   Number         0  stubs.o ABSOLUTE
    _printf_str                              0x00000000   Number         0  stubs.o ABSOLUTE
    _printf_truncate_signed                  0x00000000   Number         0  stubs.o ABSOLUTE
    _printf_truncate_unsigned                0x00000000   Number         0  stubs.o ABSOLUTE
    _printf_u                                0x00000000   Number         0  stubs.o ABSOLUTE
    _printf_wc                               0x00000000   Number         0  stubs.o ABSOLUTE
    _printf_wctomb                           0x00000000   Number         0  stubs.o ABSOLUTE
    _printf_widthprec                        0x00000000   Number         0  stubs.o ABSOLUTE
    _printf_x                                0x00000000   Number         0  stubs.o ABSOLUTE
    __cpp_initialize__aeabi_                  - Undefined Weak Reference
    __cxa_finalize                            - Undefined Weak Reference
    _clock_init                               - Undefined Weak Reference
    _microlib_exit                            - Undefined Weak Reference
    __Vectors_Size                           0x000000ec   Number         0  startup_stm32f10x_md.o ABSOLUTE
    __Vectors                                0x08000000   Data           4  startup_stm32f10x_md.o(RESET)
    __Vectors_End                            0x080000ec   Data           0  startup_stm32f10x_md.o(RESET)
    __main                                   0x080000ed   Thumb Code     0  entry.o(.ARM.Collect$$$$00000000)
    _main_stk                                0x080000ed   Thumb Code     0  entry2.o(.ARM.Collect$$$$00000001)
    _main_scatterload                        0x080000f1   Thumb Code     0  entry5.o(.ARM.Collect$$$$00000004)
    __main_after_scatterload                 0x080000f5   Thumb Code     0  entry5.o(.ARM.Collect$$$$00000004)
    _main_clock                              0x080000f5   Thumb Code     0  entry7b.o(.ARM.Collect$$$$00000008)
    _main_cpp_init                           0x080000f5   Thumb Code     0  entry8b.o(.ARM.Collect$$$$0000000A)
    _main_init                               0x080000f5   Thumb Code     0  entry9a.o(.ARM.Collect$$$$0000000B)
    __rt_final_cpp                           0x080000fd   Thumb Code     0  entry10a.o(.ARM.Collect$$$$0000000D)
    __rt_final_exit                          0x080000fd   Thumb Code     0  entry11a.o(.ARM.Collect$$$$0000000F)
    Reset_Handler                            0x08000101   Thumb Code     8  startup_stm32f10x_md.o(.text)
    ADC1_2_IRQHandler                        0x0800011b   Thumb Code     0  startup_stm32f10x_md.o(.text)
    CAN1_RX1_IRQHandler                      0x0800011b   Thumb Code     0  startup_stm32f10x_md.o(.text)
    CAN1_SCE_IRQHandler                      0x0800011b   Thumb Code     0  startup_stm32f10x_md.o(.text)
    DMA1_Channel1_IRQHandler                 0x0800011b   Thumb Code     0  startup_stm32f10x_md.o(.text)
    DMA1_Channel2_IRQHandler                 0x0800011b   Thumb Code     0  startup_stm32f10x_md.o(.text)
    DMA1_Channel3_IRQHandler                 0x0800011b   Thumb Code     0  startup_stm32f10x_md.o(.text)
    DMA1_Channel4_IRQHandler                 0x0800011b   Thumb Code     0  startup_stm32f10x_md.o(.text)
    DMA1_Channel5_IRQHandler                 0x0800011b   Thumb Code     0  startup_stm32f10x_md.o(.text)
    DMA1_Channel6_IRQHandler                 0x0800011b   Thumb Code     0  startup_stm32f10x_md.o(.text)
    DMA1_Channel7_IRQHandler                 0x0800011b   Thumb Code     0  startup_stm32f10x_md.o(.text)
    EXTI0_IRQHandler                         0x0800011b   Thumb Code     0  startup_stm32f10x_md.o(.text)
    EXTI15_10_IRQHandler                     0x0800011b   Thumb Code     0  startup_stm32f10x_md.o(.text)
    EXTI1_IRQHandler                         0x0800011b   Thumb Code     0  startup_stm32f10x_md.o(.text)
    EXTI2_IRQHandler                         0x0800011b   Thumb Code     0  startup_stm32f10x_md.o(.text)
    EXTI3_IRQHandler                         0x0800011b   Thumb Code     0  startup_stm32f10x_md.o(.text)
    EXTI4_IRQHandler                         0x0800011b   Thumb Code     0  startup_stm32f10x_md.o(.text)
    EXTI9_5_IRQHandler                       0x0800011b   Thumb Code     0  startup_stm32f10x_md.o(.text)
    FLASH_IRQHandler                         0x0800011b   Thumb Code     0  startup_stm32f10x_md.o(.text)
    I2C1_ER_IRQHandler                       0x0800011b   Thumb Code     0  startup_stm32f10x_md.o(.text)
    I2C1_EV_IRQHandler                       0x0800011b   Thumb Code     0  startup_stm32f10x_md.o(.text)
    I2C2_ER_IRQHandler                       0x0800011b   Thumb Code     0  startup_stm32f10x_md.o(.text)
    I2C2_EV_IRQHandler                       0x0800011b   Thumb Code     0  startup_stm32f10x_md.o(.text)
    PVD_IRQHandler                           0x0800011b   Thumb Code     0  startup_stm32f10x_md.o(.text)
    RCC_IRQHandler                           0x0800011b   Thumb Code     0  startup_stm32f10x_md.o(.text)
    RTCAlarm_IRQHandler                      0x0800011b   Thumb Code     0  startup_stm32f10x_md.o(.text)
    RTC_IRQHandler                           0x0800011b   Thumb Code     0  startup_stm32f10x_md.o(.text)
    SPI1_IRQHandler                          0x0800011b   Thumb Code     0  startup_stm32f10x_md.o(.text)
    SPI2_IRQHandler                          0x0800011b   Thumb Code     0  startup_stm32f10x_md.o(.text)
    TAMPER_IRQHandler                        0x0800011b   Thumb Code     0  startup_stm32f10x_md.o(.text)
    TIM1_BRK_IRQHandler                      0x0800011b   Thumb Code     0  startup_stm32f10x_md.o(.text)
    TIM1_CC_IRQHandler                       0x0800011b   Thumb Code     0  startup_stm32f10x_md.o(.text)
    TIM1_TRG_COM_IRQHandler                  0x0800011b   Thumb Code     0  startup_stm32f10x_md.o(.text)
    TIM1_UP_IRQHandler                       0x0800011b   Thumb Code     0  startup_stm32f10x_md.o(.text)
    TIM2_IRQHandler                          0x0800011b   Thumb Code     0  startup_stm32f10x_md.o(.text)
    USART2_IRQHandler                        0x0800011b   Thumb Code     0  startup_stm32f10x_md.o(.text)
    USBWakeUp_IRQHandler                     0x0800011b   Thumb Code     0  startup_stm32f10x_md.o(.text)
    USB_HP_CAN1_TX_IRQHandler                0x0800011b   Thumb Code     0  startup_stm32f10x_md.o(.text)
    USB_LP_CAN1_RX0_IRQHandler               0x0800011b   Thumb Code     0  startup_stm32f10x_md.o(.text)
    WWDG_IRQHandler                          0x0800011b   Thumb Code     0  startup_stm32f10x_md.o(.text)
    SystemInit                               0x08000203   Thumb Code    78  system_stm32f10x.o(.text)
    SystemCoreClockUpdate                    0x08000251   Thumb Code   142  system_stm32f10x.o(.text)
    NVIC_PriorityGroupConfig                 0x08000305   Thumb Code    10  misc.o(.text)
    NVIC_Init                                0x0800030f   Thumb Code   100  misc.o(.text)
    NVIC_SetVectorTable                      0x08000373   Thumb Code    14  misc.o(.text)
    NVIC_SystemLPConfig                      0x08000381   Thumb Code    34  misc.o(.text)
    SysTick_CLKSourceConfig                  0x080003a3   Thumb Code    40  misc.o(.text)
    ADC_DeInit                               0x080003e1   Thumb Code    78  stm32f10x_adc.o(.text)
    ADC_Init                                 0x0800042f   Thumb Code    70  stm32f10x_adc.o(.text)
    ADC_StructInit                           0x08000475   Thumb Code    18  stm32f10x_adc.o(.text)
    ADC_Cmd                                  0x08000487   Thumb Code    22  stm32f10x_adc.o(.text)
    ADC_DMACmd                               0x0800049d   Thumb Code    22  stm32f10x_adc.o(.text)
    ADC_ITConfig                             0x080004b3   Thumb Code    24  stm32f10x_adc.o(.text)
    ADC_ResetCalibration                     0x080004cb   Thumb Code    10  stm32f10x_adc.o(.text)
    ADC_GetResetCalibrationStatus            0x080004d5   Thumb Code    20  stm32f10x_adc.o(.text)
    ADC_StartCalibration                     0x080004e9   Thumb Code    10  stm32f10x_adc.o(.text)
    ADC_GetCalibrationStatus                 0x080004f3   Thumb Code    20  stm32f10x_adc.o(.text)
    ADC_SoftwareStartConvCmd                 0x08000507   Thumb Code    22  stm32f10x_adc.o(.text)
    ADC_GetSoftwareStartConvStatus           0x0800051d   Thumb Code    20  stm32f10x_adc.o(.text)
    ADC_DiscModeChannelCountConfig           0x08000531   Thumb Code    24  stm32f10x_adc.o(.text)
    ADC_DiscModeCmd                          0x08000549   Thumb Code    22  stm32f10x_adc.o(.text)
    ADC_RegularChannelConfig                 0x0800055f   Thumb Code   184  stm32f10x_adc.o(.text)
    ADC_ExternalTrigConvCmd                  0x08000617   Thumb Code    22  stm32f10x_adc.o(.text)
    ADC_GetConversionValue                   0x0800062d   Thumb Code     8  stm32f10x_adc.o(.text)
    ADC_GetDualModeConversionValue           0x08000635   Thumb Code     8  stm32f10x_adc.o(.text)
    ADC_AutoInjectedConvCmd                  0x0800063d   Thumb Code    22  stm32f10x_adc.o(.text)
    ADC_InjectedDiscModeCmd                  0x08000653   Thumb Code    22  stm32f10x_adc.o(.text)
    ADC_ExternalTrigInjectedConvConfig       0x08000669   Thumb Code    16  stm32f10x_adc.o(.text)
    ADC_ExternalTrigInjectedConvCmd          0x08000679   Thumb Code    22  stm32f10x_adc.o(.text)
    ADC_SoftwareStartInjectedConvCmd         0x0800068f   Thumb Code    22  stm32f10x_adc.o(.text)
    ADC_GetSoftwareStartInjectedConvCmdStatus 0x080006a5   Thumb Code    20  stm32f10x_adc.o(.text)
    ADC_InjectedChannelConfig                0x080006b9   Thumb Code   130  stm32f10x_adc.o(.text)
    ADC_InjectedSequencerLengthConfig        0x0800073b   Thumb Code    24  stm32f10x_adc.o(.text)
    ADC_SetInjectedOffset                    0x08000753   Thumb Code    20  stm32f10x_adc.o(.text)
    ADC_GetInjectedConversionValue           0x08000767   Thumb Code    28  stm32f10x_adc.o(.text)
    ADC_AnalogWatchdogCmd                    0x08000783   Thumb Code    16  stm32f10x_adc.o(.text)
    ADC_AnalogWatchdogThresholdsConfig       0x08000793   Thumb Code     6  stm32f10x_adc.o(.text)
    ADC_AnalogWatchdogSingleChannelConfig    0x08000799   Thumb Code    16  stm32f10x_adc.o(.text)
    ADC_TempSensorVrefintCmd                 0x080007a9   Thumb Code    64  stm32f10x_adc.o(.text)
    ADC_GetFlagStatus                        0x080007e9   Thumb Code    18  stm32f10x_adc.o(.text)
    ADC_ClearFlag                            0x080007fb   Thumb Code     6  stm32f10x_adc.o(.text)
    ADC_GetITStatus                          0x08000801   Thumb Code    36  stm32f10x_adc.o(.text)
    ADC_ClearITPendingBit                    0x08000825   Thumb Code    10  stm32f10x_adc.o(.text)
    DMA_DeInit                               0x08000831   Thumb Code   324  stm32f10x_dma.o(.text)
    DMA_Init                                 0x08000975   Thumb Code    60  stm32f10x_dma.o(.text)
    DMA_StructInit                           0x080009b1   Thumb Code    26  stm32f10x_dma.o(.text)
    DMA_Cmd                                  0x080009cb   Thumb Code    24  stm32f10x_dma.o(.text)
    DMA_ITConfig                             0x080009e3   Thumb Code    18  stm32f10x_dma.o(.text)
    DMA_SetCurrDataCounter                   0x080009f5   Thumb Code     4  stm32f10x_dma.o(.text)
    DMA_GetCurrDataCounter                   0x080009f9   Thumb Code     8  stm32f10x_dma.o(.text)
    DMA_GetFlagStatus                        0x08000a01   Thumb Code    40  stm32f10x_dma.o(.text)
    DMA_ClearFlag                            0x08000a29   Thumb Code    22  stm32f10x_dma.o(.text)
    DMA_GetITStatus                          0x08000a3f   Thumb Code    40  stm32f10x_dma.o(.text)
    DMA_ClearITPendingBit                    0x08000a67   Thumb Code    22  stm32f10x_dma.o(.text)
    GPIO_DeInit                              0x08000a85   Thumb Code   172  stm32f10x_gpio.o(.text)
    GPIO_AFIODeInit                          0x08000b31   Thumb Code    20  stm32f10x_gpio.o(.text)
    GPIO_Init                                0x08000b45   Thumb Code   278  stm32f10x_gpio.o(.text)
    GPIO_StructInit                          0x08000c5b   Thumb Code    16  stm32f10x_gpio.o(.text)
    GPIO_ReadInputDataBit                    0x08000c6b   Thumb Code    18  stm32f10x_gpio.o(.text)
    GPIO_ReadInputData                       0x08000c7d   Thumb Code     8  stm32f10x_gpio.o(.text)
    GPIO_ReadOutputDataBit                   0x08000c85   Thumb Code    18  stm32f10x_gpio.o(.text)
    GPIO_ReadOutputData                      0x08000c97   Thumb Code     8  stm32f10x_gpio.o(.text)
    GPIO_SetBits                             0x08000c9f   Thumb Code     4  stm32f10x_gpio.o(.text)
    GPIO_ResetBits                           0x08000ca3   Thumb Code     4  stm32f10x_gpio.o(.text)
    GPIO_WriteBit                            0x08000ca7   Thumb Code    10  stm32f10x_gpio.o(.text)
    GPIO_Write                               0x08000cb1   Thumb Code     4  stm32f10x_gpio.o(.text)
    GPIO_PinLockConfig                       0x08000cb5   Thumb Code    18  stm32f10x_gpio.o(.text)
    GPIO_EventOutputConfig                   0x08000cc7   Thumb Code    26  stm32f10x_gpio.o(.text)
    GPIO_EventOutputCmd                      0x08000ce1   Thumb Code     6  stm32f10x_gpio.o(.text)
    GPIO_PinRemapConfig                      0x08000ce7   Thumb Code   138  stm32f10x_gpio.o(.text)
    GPIO_EXTILineConfig                      0x08000d71   Thumb Code    66  stm32f10x_gpio.o(.text)
    GPIO_ETH_MediaInterfaceConfig            0x08000db3   Thumb Code     8  stm32f10x_gpio.o(.text)
    RCC_DeInit                               0x08000de1   Thumb Code    64  stm32f10x_rcc.o(.text)
    RCC_HSEConfig                            0x08000e21   Thumb Code    70  stm32f10x_rcc.o(.text)
    RCC_GetFlagStatus                        0x08000e67   Thumb Code    56  stm32f10x_rcc.o(.text)
    RCC_WaitForHSEStartUp                    0x08000e9f   Thumb Code    56  stm32f10x_rcc.o(.text)
    RCC_AdjustHSICalibrationValue            0x08000ed7   Thumb Code    20  stm32f10x_rcc.o(.text)
    RCC_HSICmd                               0x08000eeb   Thumb Code     6  stm32f10x_rcc.o(.text)
    RCC_PLLConfig                            0x08000ef1   Thumb Code    24  stm32f10x_rcc.o(.text)
    RCC_PLLCmd                               0x08000f09   Thumb Code     6  stm32f10x_rcc.o(.text)
    RCC_SYSCLKConfig                         0x08000f0f   Thumb Code    18  stm32f10x_rcc.o(.text)
    RCC_GetSYSCLKSource                      0x08000f21   Thumb Code    10  stm32f10x_rcc.o(.text)
    RCC_HCLKConfig                           0x08000f2b   Thumb Code    18  stm32f10x_rcc.o(.text)
    RCC_PCLK1Config                          0x08000f3d   Thumb Code    18  stm32f10x_rcc.o(.text)
    RCC_PCLK2Config                          0x08000f4f   Thumb Code    20  stm32f10x_rcc.o(.text)
    RCC_ITConfig                             0x08000f63   Thumb Code    26  stm32f10x_rcc.o(.text)
    RCC_USBCLKConfig                         0x08000f7d   Thumb Code     8  stm32f10x_rcc.o(.text)
    RCC_ADCCLKConfig                         0x08000f85   Thumb Code    18  stm32f10x_rcc.o(.text)
    RCC_LSEConfig                            0x08000f97   Thumb Code    50  stm32f10x_rcc.o(.text)
    RCC_LSICmd                               0x08000fc9   Thumb Code     6  stm32f10x_rcc.o(.text)
    RCC_RTCCLKConfig                         0x08000fcf   Thumb Code    12  stm32f10x_rcc.o(.text)
    RCC_RTCCLKCmd                            0x08000fdb   Thumb Code     8  stm32f10x_rcc.o(.text)
    RCC_GetClocksFreq                        0x08000fe3   Thumb Code   192  stm32f10x_rcc.o(.text)
    RCC_AHBPeriphClockCmd                    0x080010a3   Thumb Code    26  stm32f10x_rcc.o(.text)
    RCC_APB2PeriphClockCmd                   0x080010bd   Thumb Code    26  stm32f10x_rcc.o(.text)
    RCC_APB1PeriphClockCmd                   0x080010d7   Thumb Code    26  stm32f10x_rcc.o(.text)
    RCC_APB2PeriphResetCmd                   0x080010f1   Thumb Code    26  stm32f10x_rcc.o(.text)
    RCC_APB1PeriphResetCmd                   0x0800110b   Thumb Code    26  stm32f10x_rcc.o(.text)
    RCC_BackupResetCmd                       0x08001125   Thumb Code     8  stm32f10x_rcc.o(.text)
    RCC_ClockSecuritySystemCmd               0x0800112d   Thumb Code     6  stm32f10x_rcc.o(.text)
    RCC_MCOConfig                            0x08001133   Thumb Code     6  stm32f10x_rcc.o(.text)
    RCC_ClearFlag                            0x08001139   Thumb Code    14  stm32f10x_rcc.o(.text)
    RCC_GetITStatus                          0x08001147   Thumb Code    20  stm32f10x_rcc.o(.text)
    RCC_ClearITPendingBit                    0x0800115b   Thumb Code     6  stm32f10x_rcc.o(.text)
    TIM_DeInit                               0x08001185   Thumb Code   424  stm32f10x_tim.o(.text)
    TIM_TimeBaseInit                         0x0800132d   Thumb Code   122  stm32f10x_tim.o(.text)
    TIM_OC1Init                              0x080013a7   Thumb Code   132  stm32f10x_tim.o(.text)
    TIM_OC2Init                              0x0800142b   Thumb Code   154  stm32f10x_tim.o(.text)
    TIM_OC3Init                              0x080014c5   Thumb Code   150  stm32f10x_tim.o(.text)
    TIM_OC4Init                              0x0800155b   Thumb Code   182  stm32f10x_tim.o(.text)
    TIM_SetIC4Prescaler                      0x08001611   Thumb Code    26  stm32f10x_tim.o(.text)
    TIM_SetIC3Prescaler                      0x080016ad   Thumb Code    18  stm32f10x_tim.o(.text)
    TIM_SetIC2Prescaler                      0x08001739   Thumb Code    26  stm32f10x_tim.o(.text)
    TIM_SetIC1Prescaler                      0x080017d5   Thumb Code    18  stm32f10x_tim.o(.text)
    TIM_ICInit                               0x08001853   Thumb Code   150  stm32f10x_tim.o(.text)
    TIM_PWMIConfig                           0x080018e9   Thumb Code   124  stm32f10x_tim.o(.text)
    TIM_BDTRConfig                           0x08001965   Thumb Code    32  stm32f10x_tim.o(.text)
    TIM_TimeBaseStructInit                   0x08001985   Thumb Code    18  stm32f10x_tim.o(.text)
    TIM_OCStructInit                         0x08001997   Thumb Code    20  stm32f10x_tim.o(.text)
    TIM_ICStructInit                         0x080019ab   Thumb Code    18  stm32f10x_tim.o(.text)
    TIM_BDTRStructInit                       0x080019bd   Thumb Code    40  stm32f10x_tim.o(.text)
    TIM_Cmd                                  0x080019e5   Thumb Code    24  stm32f10x_tim.o(.text)
    TIM_CtrlPWMOutputs                       0x080019fd   Thumb Code    30  stm32f10x_tim.o(.text)
    TIM_ITConfig                             0x08001a1b   Thumb Code    18  stm32f10x_tim.o(.text)
    TIM_GenerateEvent                        0x08001a2d   Thumb Code     4  stm32f10x_tim.o(.text)
    TIM_DMAConfig                            0x08001a31   Thumb Code    10  stm32f10x_tim.o(.text)
    TIM_DMACmd                               0x08001a3b   Thumb Code    18  stm32f10x_tim.o(.text)
    TIM_InternalClockConfig                  0x08001a4d   Thumb Code    12  stm32f10x_tim.o(.text)
    TIM_SelectInputTrigger                   0x08001a59   Thumb Code    18  stm32f10x_tim.o(.text)
    TIM_ITRxExternalClockConfig              0x08001a6b   Thumb Code    24  stm32f10x_tim.o(.text)
    TIM_TIxExternalClockConfig               0x08001a83   Thumb Code    62  stm32f10x_tim.o(.text)
    TIM_ETRConfig                            0x08001ac1   Thumb Code    28  stm32f10x_tim.o(.text)
    TIM_ETRClockMode1Config                  0x08001add   Thumb Code    54  stm32f10x_tim.o(.text)
    TIM_ETRClockMode2Config                  0x08001b13   Thumb Code    32  stm32f10x_tim.o(.text)
    TIM_PrescalerConfig                      0x08001b33   Thumb Code     6  stm32f10x_tim.o(.text)
    TIM_CounterModeConfig                    0x08001b39   Thumb Code    18  stm32f10x_tim.o(.text)
    TIM_EncoderInterfaceConfig               0x08001b4b   Thumb Code    66  stm32f10x_tim.o(.text)
    TIM_ForcedOC1Config                      0x08001b8d   Thumb Code    18  stm32f10x_tim.o(.text)
    TIM_ForcedOC2Config                      0x08001b9f   Thumb Code    26  stm32f10x_tim.o(.text)
    TIM_ForcedOC3Config                      0x08001bb9   Thumb Code    18  stm32f10x_tim.o(.text)
    TIM_ForcedOC4Config                      0x08001bcb   Thumb Code    26  stm32f10x_tim.o(.text)
    TIM_ARRPreloadConfig                     0x08001be5   Thumb Code    24  stm32f10x_tim.o(.text)
    TIM_SelectCOM                            0x08001bfd   Thumb Code    24  stm32f10x_tim.o(.text)
    TIM_SelectCCDMA                          0x08001c15   Thumb Code    24  stm32f10x_tim.o(.text)
    TIM_CCPreloadControl                     0x08001c2d   Thumb Code    24  stm32f10x_tim.o(.text)
    TIM_OC1PreloadConfig                     0x08001c45   Thumb Code    18  stm32f10x_tim.o(.text)
    TIM_OC2PreloadConfig                     0x08001c57   Thumb Code    26  stm32f10x_tim.o(.text)
    TIM_OC3PreloadConfig                     0x08001c71   Thumb Code    18  stm32f10x_tim.o(.text)
    TIM_OC4PreloadConfig                     0x08001c83   Thumb Code    26  stm32f10x_tim.o(.text)
    TIM_OC1FastConfig                        0x08001c9d   Thumb Code    18  stm32f10x_tim.o(.text)
    TIM_OC2FastConfig                        0x08001caf   Thumb Code    26  stm32f10x_tim.o(.text)
    TIM_OC3FastConfig                        0x08001cc9   Thumb Code    18  stm32f10x_tim.o(.text)
    TIM_OC4FastConfig                        0x08001cdb   Thumb Code    26  stm32f10x_tim.o(.text)
    TIM_ClearOC1Ref                          0x08001cf5   Thumb Code    18  stm32f10x_tim.o(.text)
    TIM_ClearOC2Ref                          0x08001d07   Thumb Code    24  stm32f10x_tim.o(.text)
    TIM_ClearOC3Ref                          0x08001d1f   Thumb Code    18  stm32f10x_tim.o(.text)
    TIM_ClearOC4Ref                          0x08001d31   Thumb Code    24  stm32f10x_tim.o(.text)
    TIM_OC1PolarityConfig                    0x08001d49   Thumb Code    18  stm32f10x_tim.o(.text)
    TIM_OC1NPolarityConfig                   0x08001d5b   Thumb Code    18  stm32f10x_tim.o(.text)
    TIM_OC2PolarityConfig                    0x08001d6d   Thumb Code    26  stm32f10x_tim.o(.text)
    TIM_OC2NPolarityConfig                   0x08001d87   Thumb Code    26  stm32f10x_tim.o(.text)
    TIM_OC3PolarityConfig                    0x08001da1   Thumb Code    26  stm32f10x_tim.o(.text)
    TIM_OC3NPolarityConfig                   0x08001dbb   Thumb Code    26  stm32f10x_tim.o(.text)
    TIM_OC4PolarityConfig                    0x08001dd5   Thumb Code    26  stm32f10x_tim.o(.text)
    TIM_CCxCmd                               0x08001def   Thumb Code    30  stm32f10x_tim.o(.text)
    TIM_CCxNCmd                              0x08001e0d   Thumb Code    30  stm32f10x_tim.o(.text)
    TIM_SelectOCxM                           0x08001e2b   Thumb Code    82  stm32f10x_tim.o(.text)
    TIM_UpdateDisableConfig                  0x08001e7d   Thumb Code    24  stm32f10x_tim.o(.text)
    TIM_UpdateRequestConfig                  0x08001e95   Thumb Code    24  stm32f10x_tim.o(.text)
    TIM_SelectHallSensor                     0x08001ead   Thumb Code    24  stm32f10x_tim.o(.text)
    TIM_SelectOnePulseMode                   0x08001ec5   Thumb Code    18  stm32f10x_tim.o(.text)
    TIM_SelectOutputTrigger                  0x08001ed7   Thumb Code    18  stm32f10x_tim.o(.text)
    TIM_SelectSlaveMode                      0x08001ee9   Thumb Code    18  stm32f10x_tim.o(.text)
    TIM_SelectMasterSlaveMode                0x08001efb   Thumb Code    18  stm32f10x_tim.o(.text)
    TIM_SetCounter                           0x08001f0d   Thumb Code     4  stm32f10x_tim.o(.text)
    TIM_SetAutoreload                        0x08001f11   Thumb Code     4  stm32f10x_tim.o(.text)
    TIM_SetCompare1                          0x08001f15   Thumb Code     4  stm32f10x_tim.o(.text)
    TIM_SetCompare2                          0x08001f19   Thumb Code     4  stm32f10x_tim.o(.text)
    TIM_SetCompare3                          0x08001f1d   Thumb Code     4  stm32f10x_tim.o(.text)
    TIM_SetCompare4                          0x08001f21   Thumb Code     6  stm32f10x_tim.o(.text)
    TIM_SetClockDivision                     0x08001f27   Thumb Code    18  stm32f10x_tim.o(.text)
    TIM_GetCapture1                          0x08001f39   Thumb Code     6  stm32f10x_tim.o(.text)
    TIM_GetCapture2                          0x08001f3f   Thumb Code     6  stm32f10x_tim.o(.text)
    TIM_GetCapture3                          0x08001f45   Thumb Code     6  stm32f10x_tim.o(.text)
    TIM_GetCapture4                          0x08001f4b   Thumb Code     8  stm32f10x_tim.o(.text)
    TIM_GetCounter                           0x08001f53   Thumb Code     6  stm32f10x_tim.o(.text)
    TIM_GetPrescaler                         0x08001f59   Thumb Code     6  stm32f10x_tim.o(.text)
    TIM_GetFlagStatus                        0x08001f5f   Thumb Code    18  stm32f10x_tim.o(.text)
    TIM_ClearFlag                            0x08001f71   Thumb Code     6  stm32f10x_tim.o(.text)
    TIM_GetITStatus                          0x08001f77   Thumb Code    34  stm32f10x_tim.o(.text)
    TIM_ClearITPendingBit                    0x08001f99   Thumb Code     6  stm32f10x_tim.o(.text)
    USART_DeInit                             0x08001fa1   Thumb Code   134  stm32f10x_usart.o(.text)
    USART_Init                               0x08002027   Thumb Code   210  stm32f10x_usart.o(.text)
    USART_StructInit                         0x080020f9   Thumb Code    24  stm32f10x_usart.o(.text)
    USART_ClockInit                          0x08002111   Thumb Code    34  stm32f10x_usart.o(.text)
    USART_ClockStructInit                    0x08002133   Thumb Code    12  stm32f10x_usart.o(.text)
    USART_Cmd                                0x0800213f   Thumb Code    24  stm32f10x_usart.o(.text)
    USART_ITConfig                           0x08002157   Thumb Code    74  stm32f10x_usart.o(.text)
    USART_DMACmd                             0x080021a1   Thumb Code    18  stm32f10x_usart.o(.text)
    USART_SetAddress                         0x080021b3   Thumb Code    18  stm32f10x_usart.o(.text)
    USART_WakeUpConfig                       0x080021c5   Thumb Code    18  stm32f10x_usart.o(.text)
    USART_ReceiverWakeUpCmd                  0x080021d7   Thumb Code    24  stm32f10x_usart.o(.text)
    USART_LINBreakDetectLengthConfig         0x080021ef   Thumb Code    18  stm32f10x_usart.o(.text)
    USART_LINCmd                             0x08002201   Thumb Code    24  stm32f10x_usart.o(.text)
    USART_SendData                           0x08002219   Thumb Code     8  stm32f10x_usart.o(.text)
    USART_ReceiveData                        0x08002221   Thumb Code    10  stm32f10x_usart.o(.text)
    USART_SendBreak                          0x0800222b   Thumb Code    10  stm32f10x_usart.o(.text)
    USART_SetGuardTime                       0x08002235   Thumb Code    16  stm32f10x_usart.o(.text)
    USART_SetPrescaler                       0x08002245   Thumb Code    16  stm32f10x_usart.o(.text)
    USART_SmartCardCmd                       0x08002255   Thumb Code    24  stm32f10x_usart.o(.text)
    USART_SmartCardNACKCmd                   0x0800226d   Thumb Code    24  stm32f10x_usart.o(.text)
    USART_HalfDuplexCmd                      0x08002285   Thumb Code    24  stm32f10x_usart.o(.text)
    USART_OverSampling8Cmd                   0x0800229d   Thumb Code    22  stm32f10x_usart.o(.text)
    USART_OneBitMethodCmd                    0x080022b3   Thumb Code    24  stm32f10x_usart.o(.text)
    USART_IrDAConfig                         0x080022cb   Thumb Code    18  stm32f10x_usart.o(.text)
    USART_IrDACmd                            0x080022dd   Thumb Code    24  stm32f10x_usart.o(.text)
    USART_GetFlagStatus                      0x080022f5   Thumb Code    26  stm32f10x_usart.o(.text)
    USART_ClearFlag                          0x0800230f   Thumb Code    18  stm32f10x_usart.o(.text)
    USART_GetITStatus                        0x08002321   Thumb Code    84  stm32f10x_usart.o(.text)
    USART_ClearITPendingBit                  0x08002375   Thumb Code    52  stm32f10x_usart.o(.text)
    main                                     0x080023a9   Thumb Code   478  main.o(.text)
    NMI_Handler                              0x08002649   Thumb Code     2  stm32f10x_it.o(.text)
    HardFault_Handler                        0x0800264b   Thumb Code     4  stm32f10x_it.o(.text)
    MemManage_Handler                        0x0800264f   Thumb Code     4  stm32f10x_it.o(.text)
    BusFault_Handler                         0x08002653   Thumb Code     4  stm32f10x_it.o(.text)
    UsageFault_Handler                       0x08002657   Thumb Code     4  stm32f10x_it.o(.text)
    SVC_Handler                              0x0800265b   Thumb Code     2  stm32f10x_it.o(.text)
    DebugMon_Handler                         0x0800265d   Thumb Code     2  stm32f10x_it.o(.text)
    PendSV_Handler                           0x0800265f   Thumb Code     2  stm32f10x_it.o(.text)
    SysTick_Handler                          0x08002661   Thumb Code     2  stm32f10x_it.o(.text)
    GB16_NUM                                 0x08002665   Thumb Code    18  oled_i2c.o(.text)
    i2c_Start                                0x08002685   Thumb Code    48  oled_i2c.o(.text)
    i2c_Stop                                 0x080026b5   Thumb Code    32  oled_i2c.o(.text)
    i2c_WaitAck                              0x080026d5   Thumb Code    58  oled_i2c.o(.text)
    i2c_Ack                                  0x0800270f   Thumb Code    48  oled_i2c.o(.text)
    i2c_NAck                                 0x0800273f   Thumb Code    40  oled_i2c.o(.text)
    I2C_Configuration                        0x08002767   Thumb Code    42  oled_i2c.o(.text)
    I2C_WriteByte                            0x08002791   Thumb Code    86  oled_i2c.o(.text)
    i2c_ReadByte                             0x080027e7   Thumb Code    62  oled_i2c.o(.text)
    WriteCmd                                 0x08002825   Thumb Code    44  oled_i2c.o(.text)
    WriteDat                                 0x08002851   Thumb Code    44  oled_i2c.o(.text)
    OLED_Init                                0x0800287d   Thumb Code   178  oled_i2c.o(.text)
    OLED_SetPos                              0x0800292f   Thumb Code    40  oled_i2c.o(.text)
    OLED_Fill                                0x08002957   Thumb Code    58  oled_i2c.o(.text)
    OLED_CLS                                 0x08002991   Thumb Code    10  oled_i2c.o(.text)
    OLED_ON                                  0x0800299b   Thumb Code    22  oled_i2c.o(.text)
    OLED_OFF                                 0x080029b1   Thumb Code    22  oled_i2c.o(.text)
    OLED_ShowStr                             0x080029c7   Thumb Code   240  oled_i2c.o(.text)
    OLED_ShowCN                              0x08002ab7   Thumb Code    80  oled_i2c.o(.text)
    OLED_ShowFloat                           0x08002b07   Thumb Code   242  oled_i2c.o(.text)
    OLED_ShowInt                             0x08002bf9   Thumb Code   230  oled_i2c.o(.text)
    oled_pow                                 0x08002cdf   Thumb Code    22  oled_i2c.o(.text)
    OLED_ShowChar                            0x08002cf5   Thumb Code   102  oled_i2c.o(.text)
    OLED_ShowCH                              0x08002d5b   Thumb Code   324  oled_i2c.o(.text)
    OLED_ShowNum                             0x08002e9f   Thumb Code   124  oled_i2c.o(.text)
    OLED_DrawBMP                             0x08002f1b   Thumb Code   116  oled_i2c.o(.text)
    DelayInit                                0x08002f95   Thumb Code    50  delay.o(.text)
    DelayUs                                  0x08002fc7   Thumb Code    72  delay.o(.text)
    DelayMs                                  0x0800300f   Thumb Code    72  delay.o(.text)
    DelayS                                   0x08003057   Thumb Code    26  delay.o(.text)
    Single_Write_BH1750                      0x08003081   Thumb Code    26  light.o(.text)
    bh_data_send                             0x0800309b   Thumb Code    40  light.o(.text)
    Light_Init                               0x080030c3   Thumb Code    34  light.o(.text)
    bh_data_read                             0x080030e5   Thumb Code    54  light.o(.text)
    DHT11_Init                               0x08003145   Thumb Code    18  bsp_dht11.o(.text)
    DHT11_Read_TempAndHumidity               0x080031f1   Thumb Code   166  bsp_dht11.o(.text)
    PS_GetImage                              0x080033a9   Thumb Code    58  as608.o(.text)
    PS_GenChar                               0x080033e3   Thumb Code    70  as608.o(.text)
    PS_Match                                 0x08003429   Thumb Code    58  as608.o(.text)
    PS_Search                                0x08003463   Thumb Code   144  as608.o(.text)
    PS_RegModel                              0x080034f3   Thumb Code    58  as608.o(.text)
    PS_StoreChar                             0x0800352d   Thumb Code    96  as608.o(.text)
    PS_DeletChar                             0x0800358d   Thumb Code   108  as608.o(.text)
    PS_Empty                                 0x080035f9   Thumb Code    58  as608.o(.text)
    EnsureMessage                            0x08003633   Thumb Code   298  as608.o(.text)
    PS_WriteReg                              0x0800375d   Thumb Code   108  as608.o(.text)
    PS_ReadSysPara                           0x080037c9   Thumb Code   168  as608.o(.text)
    PS_SetAddr                               0x08003871   Thumb Code   146  as608.o(.text)
    PS_WriteNotepad                          0x08003903   Thumb Code   106  as608.o(.text)
    PS_ReadNotepad                           0x0800396d   Thumb Code    96  as608.o(.text)
    PS_HighSpeedSearch                       0x080039cd   Thumb Code   582  as608.o(.text)
    PS_ValidTempleteNum                      0x08003c13   Thumb Code   110  as608.o(.text)
    PS_HandShake                             0x08003c81   Thumb Code   118  as608.o(.text)
    ShowErrMessage                           0x08003cf7   Thumb Code     2  as608.o(.text)
    Add_FR                                   0x08003cf9   Thumb Code   604  as608.o(.text)
    press_FR                                 0x08003f55   Thumb Code   196  as608.o(.text)
    Del_FR                                   0x08004019   Thumb Code   784  as608.o(.text)
    PS_ValidNum                              0x08004329   Thumb Code    70  as608.o(.text)
    Sign_In                                  0x0800436f   Thumb Code   300  as608.o(.text)
    USART1_IRQHandler                        0x080044fd   Thumb Code    44  usart3.o(.text)
    USART3_IRQHandler                        0x08004529   Thumb Code    94  usart3.o(.text)
    usart3_init                              0x08004587   Thumb Code   190  usart3.o(.text)
    u3_printf                                0x08004645   Thumb Code    72  usart3.o(.text)
    USART1_Config                            0x080046b3   Thumb Code   140  usart3.o(.text)
    fputc                                    0x0800473f   Thumb Code    32  usart3.o(.text)
    USART2_Config                            0x08004789   Thumb Code   136  usart3.o(.text)
    Usart_SendByte                           0x08004811   Thumb Code    30  usart3.o(.text)
    Usart_SendString                         0x0800482f   Thumb Code    42  usart3.o(.text)
    Usart_SendArray                          0x08004859   Thumb Code    48  usart3.o(.text)
    Usart_SendHalfWord                       0x08004889   Thumb Code    60  usart3.o(.text)
    TRUSART_printf                           0x0800494b   Thumb Code   262  usart3.o(.text)
    StringToHex                              0x08004a51   Thumb Code   106  usart3.o(.text)
    inttohex                                 0x08004abb   Thumb Code   122  usart3.o(.text)
    KEY_Init                                 0x08004b39   Thumb Code   116  key.o(.text)
    KEY_Scan                                 0x08004bad   Thumb Code   154  key.o(.text)
    TIM4_Int_Init                            0x08004c55   Thumb Code    90  timer.o(.text)
    TIM3_Int_Init                            0x08004caf   Thumb Code    88  timer.o(.text)
    TIM4_IRQHandler                          0x08004d07   Thumb Code    42  timer.o(.text)
    TIM3_IRQHandler                          0x08004d31   Thumb Code    22  timer.o(.text)
    TIM_Init                                 0x08004e2f   Thumb Code    12  bsp_advance_tim.o(.text)
    ADCx_Init                                0x08004f73   Thumb Code    26  bsp_adc.o(.text)
    GP2Y10_Value                             0x08004f8d   Thumb Code   120  bsp_adc.o(.text)
    LED_GPIO_Config                          0x08005031   Thumb Code    90  bsp_led.o(.text)
    assert_failed                            0x0800508b   Thumb Code    10  bsp_led.o(.text)
    J10M_GPIO_Init                           0x0800509d   Thumb Code    68  jdy_10m.o(.text)
    JDY_10M_Init                             0x080050e1   Thumb Code    52  jdy_10m.o(.text)
    LED_GPIO_Init                            0x08005115   Thumb Code    40  jdy_10m.o(.text)
    __aeabi_memset                           0x0800517d   Thumb Code    14  memseta.o(.text)
    __aeabi_memset4                          0x0800517d   Thumb Code     0  memseta.o(.text)
    __aeabi_memset8                          0x0800517d   Thumb Code     0  memseta.o(.text)
    __aeabi_memclr                           0x0800518b   Thumb Code     4  memseta.o(.text)
    __aeabi_memclr4                          0x0800518b   Thumb Code     0  memseta.o(.text)
    __aeabi_memclr8                          0x0800518b   Thumb Code     0  memseta.o(.text)
    _memset$wrapper                          0x0800518f   Thumb Code    18  memseta.o(.text)
    strstr                                   0x080051a1   Thumb Code    36  strstr.o(.text)
    strchr                                   0x080051c5   Thumb Code    20  strchr.o(.text)
    strlen                                   0x080051d9   Thumb Code    14  strlen.o(.text)
    __aeabi_fmul                             0x080051e7   Thumb Code   100  fmul.o(.text)
    __aeabi_fdiv                             0x0800524b   Thumb Code   124  fdiv.o(.text)
    __aeabi_dadd                             0x080052c7   Thumb Code   322  dadd.o(.text)
    __aeabi_dsub                             0x08005409   Thumb Code     6  dadd.o(.text)
    __aeabi_drsub                            0x0800540f   Thumb Code     6  dadd.o(.text)
    __aeabi_dmul                             0x08005415   Thumb Code   228  dmul.o(.text)
    __aeabi_i2f                              0x080054f9   Thumb Code    18  fflti.o(.text)
    __aeabi_ui2f                             0x0800550b   Thumb Code    10  ffltui.o(.text)
    __aeabi_f2iz                             0x08005515   Thumb Code    50  ffixi.o(.text)
    __aeabi_f2d                              0x08005547   Thumb Code    38  f2d.o(.text)
    __aeabi_d2f                              0x0800556d   Thumb Code    56  d2f.o(.text)
    __aeabi_cfcmpeq                          0x080055a5   Thumb Code     0  cfcmple.o(.text)
    __aeabi_cfcmple                          0x080055a5   Thumb Code    20  cfcmple.o(.text)
    __aeabi_uidiv                            0x080055b9   Thumb Code     0  uidiv.o(.text)
    __aeabi_uidivmod                         0x080055b9   Thumb Code    44  uidiv.o(.text)
    __aeabi_uldivmod                         0x080055e5   Thumb Code    98  uldiv.o(.text)
    __aeabi_llsl                             0x08005647   Thumb Code    30  llshl.o(.text)
    _ll_shift_l                              0x08005647   Thumb Code     0  llshl.o(.text)
    __aeabi_lasr                             0x08005665   Thumb Code    36  llsshr.o(.text)
    _ll_sshift_r                             0x08005665   Thumb Code     0  llsshr.o(.text)
    __I$use$fp                               0x08005689   Thumb Code     0  iusefp.o(.text)
    _float_round                             0x08005689   Thumb Code    18  fepilogue.o(.text)
    _float_epilogue                          0x0800569b   Thumb Code    92  fepilogue.o(.text)
    _double_round                            0x080056f7   Thumb Code    30  depilogue.o(.text)
    _double_epilogue                         0x08005715   Thumb Code   156  depilogue.o(.text)
    __aeabi_ddiv                             0x080057b1   Thumb Code   222  ddiv.o(.text)
    __aeabi_d2ulz                            0x0800588f   Thumb Code    48  dfixul.o(.text)
    __aeabi_cdrcmple                         0x080058c1   Thumb Code    48  cdrcmple.o(.text)
    __scatterload                            0x080058f1   Thumb Code    28  init.o(.text)
    __scatterload_rt2                        0x080058f1   Thumb Code     0  init.o(.text)
    __aeabi_llsr                             0x08005915   Thumb Code    32  llushr.o(.text)
    _ll_ushift_r                             0x08005915   Thumb Code     0  llushr.o(.text)
    __decompress                             0x08005935   Thumb Code     0  __dclz77c.o(.text)
    __decompress2                            0x08005935   Thumb Code    94  __dclz77c.o(.text)
    __0printf                                0x08005995   Thumb Code    22  printfa.o(i.__0printf)
    __1printf                                0x08005995   Thumb Code     0  printfa.o(i.__0printf)
    __2printf                                0x08005995   Thumb Code     0  printfa.o(i.__0printf)
    __c89printf                              0x08005995   Thumb Code     0  printfa.o(i.__0printf)
    printf                                   0x08005995   Thumb Code     0  printfa.o(i.__0printf)
    __0sprintf                               0x080059b5   Thumb Code    34  printfa.o(i.__0sprintf)
    __1sprintf                               0x080059b5   Thumb Code     0  printfa.o(i.__0sprintf)
    __2sprintf                               0x080059b5   Thumb Code     0  printfa.o(i.__0sprintf)
    __c89sprintf                             0x080059b5   Thumb Code     0  printfa.o(i.__0sprintf)
    sprintf                                  0x080059b5   Thumb Code     0  printfa.o(i.__0sprintf)
    __0vsprintf                              0x080059dd   Thumb Code    30  printfa.o(i.__0vsprintf)
    __1vsprintf                              0x080059dd   Thumb Code     0  printfa.o(i.__0vsprintf)
    __2vsprintf                              0x080059dd   Thumb Code     0  printfa.o(i.__0vsprintf)
    __c89vsprintf                            0x080059dd   Thumb Code     0  printfa.o(i.__0vsprintf)
    vsprintf                                 0x080059dd   Thumb Code     0  printfa.o(i.__0vsprintf)
    __scatterload_copy                       0x08005a01   Thumb Code    14  handlers.o(i.__scatterload_copy)
    __scatterload_null                       0x08005a0f   Thumb Code     2  handlers.o(i.__scatterload_null)
    __scatterload_zeroinit                   0x08005a11   Thumb Code    14  handlers.o(i.__scatterload_zeroinit)
    F6x8                                     0x080062bc   Data         552  oled_i2c.o(.constdata)
    F8X16                                    0x080064e4   Data        1520  oled_i2c.o(.constdata)
    Region$$Table$$Base                      0x08006ad4   Number         0  anon$$obj.o(Region$$Table)
    Region$$Table$$Limit                     0x08006af4   Number         0  anon$$obj.o(Region$$Table)
    SystemCoreClock                          0x20000000   Data           4  system_stm32f10x.o(.data)
    AHBPrescTable                            0x20000004   Data          16  system_stm32f10x.o(.data)
    motor_flag                               0x20000028   Data           1  main.o(.data)
    send_data                                0x20000029   Data          10  main.o(.data)
    F16x16                                   0x20000034   Data         128  oled_i2c.o(.data)
    U16x16                                   0x200000b4   Data         128  oled_i2c.o(.data)
    U1                                       0x20000134   Data          64  oled_i2c.o(.data)
    U2                                       0x20000174   Data         128  oled_i2c.o(.data)
    U4                                       0x200001f4   Data         224  oled_i2c.o(.data)
    BMP1                                     0x200002d4   Data        1024  oled_i2c.o(.data)
    zf                                       0x200006d4   Data        1520  oled_i2c.o(.data)
    hz                                       0x20000cc4   Data        2016  oled_i2c.o(.data)
    hz_index                                 0x200014a4   Data         127  oled_i2c.o(.data)
    zf_index                                 0x20001523   Data          96  oled_i2c.o(.data)
    HZ                                       0x20001584   Data           4  oled_i2c.o(.data)
    AS608Addr                                0x2000158c   Data           4  as608.o(.data)
    str2                                     0x20001590   Data           6  as608.o(.data)
    USART3_RX_STA                            0x20001598   Data           2  usart3.o(.data)
    key_num                                  0x200015a1   Data           1  timer.o(.data)
    ADC_ConvertedValue                       0x200015a2   Data           2  bsp_adc.o(.data)
    __stdout                                 0x200015a4   Data           4  stdout.o(.data)
    Node_data1                               0x200015a8   Data          28  main.o(.bss)
    USART3_RX_BUF                            0x200015c4   Data         400  usart3.o(.bss)
    USART3_TX_BUF                            0x20001754   Data         400  usart3.o(.bss)
    __initial_sp                             0x20001ce8   Data           0  startup_stm32f10x_md.o(STACK)



==============================================================================

Memory Map of the image

  Image Entry point : 0x080000ed

  Load Region LR_IROM1 (Base: 0x08000000, Size: 0x0000809c, Max: 0x00010000, ABSOLUTE, COMPRESSED[0x00007898])

    Execution Region ER_IROM1 (Exec base: 0x08000000, Load base: 0x08000000, Size: 0x00006af4, Max: 0x00010000, ABSOLUTE)

    Exec Addr    Load Addr    Size         Type   Attr      Idx    E Section Name        Object

    0x08000000   0x08000000   0x000000ec   Data   RO            3    RESET               startup_stm32f10x_md.o
    0x080000ec   0x080000ec   0x00000000   Code   RO          703  * .ARM.Collect$$$$00000000  mc_w.l(entry.o)
    0x080000ec   0x080000ec   0x00000004   Code   RO          995    .ARM.Collect$$$$00000001  mc_w.l(entry2.o)
    0x080000f0   0x080000f0   0x00000004   Code   RO          998    .ARM.Collect$$$$00000004  mc_w.l(entry5.o)
    0x080000f4   0x080000f4   0x00000000   Code   RO         1000    .ARM.Collect$$$$00000008  mc_w.l(entry7b.o)
    0x080000f4   0x080000f4   0x00000000   Code   RO         1002    .ARM.Collect$$$$0000000A  mc_w.l(entry8b.o)
    0x080000f4   0x080000f4   0x00000008   Code   RO         1003    .ARM.Collect$$$$0000000B  mc_w.l(entry9a.o)
    0x080000fc   0x080000fc   0x00000000   Code   RO         1005    .ARM.Collect$$$$0000000D  mc_w.l(entry10a.o)
    0x080000fc   0x080000fc   0x00000000   Code   RO         1007    .ARM.Collect$$$$0000000F  mc_w.l(entry11a.o)
    0x080000fc   0x080000fc   0x00000004   Code   RO          996    .ARM.Collect$$$$00002712  mc_w.l(entry2.o)
    0x08000100   0x08000100   0x00000024   Code   RO            4    .text               startup_stm32f10x_md.o
    0x08000124   0x08000124   0x000001e0   Code   RO           24    .text               system_stm32f10x.o
    0x08000304   0x08000304   0x000000dc   Code   RO          121    .text               misc.o
    0x080003e0   0x080003e0   0x0000044e   Code   RO          137    .text               stm32f10x_adc.o
    0x0800082e   0x0800082e   0x00000002   PAD
    0x08000830   0x08000830   0x00000254   Code   RO          221    .text               stm32f10x_dma.o
    0x08000a84   0x08000a84   0x0000035c   Code   RO          269    .text               stm32f10x_gpio.o
    0x08000de0   0x08000de0   0x000003a4   Code   RO          317    .text               stm32f10x_rcc.o
    0x08001184   0x08001184   0x00000e1a   Code   RO          367    .text               stm32f10x_tim.o
    0x08001f9e   0x08001f9e   0x00000002   PAD
    0x08001fa0   0x08001fa0   0x00000408   Code   RO          379    .text               stm32f10x_usart.o
    0x080023a8   0x080023a8   0x000002a0   Code   RO          403    .text               main.o
    0x08002648   0x08002648   0x0000001a   Code   RO          467    .text               stm32f10x_it.o
    0x08002662   0x08002662   0x00000002   PAD
    0x08002664   0x08002664   0x00000930   Code   RO          482    .text               oled_i2c.o
    0x08002f94   0x08002f94   0x000000ec   Code   RO          507    .text               delay.o
    0x08003080   0x08003080   0x0000009a   Code   RO          521    .text               light.o
    0x0800311a   0x0800311a   0x00000002   PAD
    0x0800311c   0x0800311c   0x00000180   Code   RO          533    .text               bsp_dht11.o
    0x0800329c   0x0800329c   0x00001260   Code   RO          548    .text               as608.o
    0x080044fc   0x080044fc   0x0000063c   Code   RO          572    .text               usart3.o
    0x08004b38   0x08004b38   0x0000011c   Code   RO          621    .text               key.o
    0x08004c54   0x08004c54   0x00000100   Code   RO          634    .text               timer.o
    0x08004d54   0x08004d54   0x000000f4   Code   RO          652    .text               bsp_advance_tim.o
    0x08004e48   0x08004e48   0x000001e8   Code   RO          664    .text               bsp_adc.o
    0x08005030   0x08005030   0x0000006c   Code   RO          679    .text               bsp_led.o
    0x0800509c   0x0800509c   0x000000e0   Code   RO          691    .text               jdy_10m.o
    0x0800517c   0x0800517c   0x00000024   Code   RO          706    .text               mc_w.l(memseta.o)
    0x080051a0   0x080051a0   0x00000024   Code   RO          708    .text               mc_w.l(strstr.o)
    0x080051c4   0x080051c4   0x00000014   Code   RO          710    .text               mc_w.l(strchr.o)
    0x080051d8   0x080051d8   0x0000000e   Code   RO          712    .text               mc_w.l(strlen.o)
    0x080051e6   0x080051e6   0x00000064   Code   RO          975    .text               mf_w.l(fmul.o)
    0x0800524a   0x0800524a   0x0000007c   Code   RO          977    .text               mf_w.l(fdiv.o)
    0x080052c6   0x080052c6   0x0000014e   Code   RO          979    .text               mf_w.l(dadd.o)
    0x08005414   0x08005414   0x000000e4   Code   RO          981    .text               mf_w.l(dmul.o)
    0x080054f8   0x080054f8   0x00000012   Code   RO          983    .text               mf_w.l(fflti.o)
    0x0800550a   0x0800550a   0x0000000a   Code   RO          985    .text               mf_w.l(ffltui.o)
    0x08005514   0x08005514   0x00000032   Code   RO          987    .text               mf_w.l(ffixi.o)
    0x08005546   0x08005546   0x00000026   Code   RO          989    .text               mf_w.l(f2d.o)
    0x0800556c   0x0800556c   0x00000038   Code   RO          991    .text               mf_w.l(d2f.o)
    0x080055a4   0x080055a4   0x00000014   Code   RO          993    .text               mf_w.l(cfcmple.o)
    0x080055b8   0x080055b8   0x0000002c   Code   RO         1010    .text               mc_w.l(uidiv.o)
    0x080055e4   0x080055e4   0x00000062   Code   RO         1012    .text               mc_w.l(uldiv.o)
    0x08005646   0x08005646   0x0000001e   Code   RO         1014    .text               mc_w.l(llshl.o)
    0x08005664   0x08005664   0x00000024   Code   RO         1016    .text               mc_w.l(llsshr.o)
    0x08005688   0x08005688   0x00000000   Code   RO         1018    .text               mc_w.l(iusefp.o)
    0x08005688   0x08005688   0x0000006e   Code   RO         1019    .text               mf_w.l(fepilogue.o)
    0x080056f6   0x080056f6   0x000000ba   Code   RO         1021    .text               mf_w.l(depilogue.o)
    0x080057b0   0x080057b0   0x000000de   Code   RO         1023    .text               mf_w.l(ddiv.o)
    0x0800588e   0x0800588e   0x00000030   Code   RO         1025    .text               mf_w.l(dfixul.o)
    0x080058be   0x080058be   0x00000002   PAD
    0x080058c0   0x080058c0   0x00000030   Code   RO         1027    .text               mf_w.l(cdrcmple.o)
    0x080058f0   0x080058f0   0x00000024   Code   RO         1029    .text               mc_w.l(init.o)
    0x08005914   0x08005914   0x00000020   Code   RO         1031    .text               mc_w.l(llushr.o)
    0x08005934   0x08005934   0x0000005e   Code   RO         1041    .text               mc_w.l(__dclz77c.o)
    0x08005992   0x08005992   0x00000002   PAD
    0x08005994   0x08005994   0x00000020   Code   RO          947    i.__0printf         mc_w.l(printfa.o)
    0x080059b4   0x080059b4   0x00000028   Code   RO          949    i.__0sprintf        mc_w.l(printfa.o)
    0x080059dc   0x080059dc   0x00000024   Code   RO          953    i.__0vsprintf       mc_w.l(printfa.o)
    0x08005a00   0x08005a00   0x0000000e   Code   RO         1035    i.__scatterload_copy  mc_w.l(handlers.o)
    0x08005a0e   0x08005a0e   0x00000002   Code   RO         1036    i.__scatterload_null  mc_w.l(handlers.o)
    0x08005a10   0x08005a10   0x0000000e   Code   RO         1037    i.__scatterload_zeroinit  mc_w.l(handlers.o)
    0x08005a1e   0x08005a1e   0x00000002   PAD
    0x08005a20   0x08005a20   0x00000164   Code   RO          954    i._fp_digits        mc_w.l(printfa.o)
    0x08005b84   0x08005b84   0x000006dc   Code   RO          955    i._printf_core      mc_w.l(printfa.o)
    0x08006260   0x08006260   0x00000024   Code   RO          956    i._printf_post_padding  mc_w.l(printfa.o)
    0x08006284   0x08006284   0x0000002e   Code   RO          957    i._printf_pre_padding  mc_w.l(printfa.o)
    0x080062b2   0x080062b2   0x0000000a   Code   RO          959    i._sputc            mc_w.l(printfa.o)
    0x080062bc   0x080062bc   0x00000818   Data   RO          483    .constdata          oled_i2c.o
    0x08006ad4   0x08006ad4   0x00000020   Data   RO         1033    Region$$Table       anon$$obj.o


    Execution Region RW_IRAM1 (Exec base: 0x20000000, Load base: 0x08006af4, Size: 0x00001ce8, Max: 0x00005000, ABSOLUTE, COMPRESSED[0x00000da4])

    Exec Addr    Load Addr    Size         Type   Attr      Idx    E Section Name        Object

    0x20000000   COMPRESSED   0x00000014   Data   RW           25    .data               system_stm32f10x.o
    0x20000014   COMPRESSED   0x00000014   Data   RW          318    .data               stm32f10x_rcc.o
    0x20000028   COMPRESSED   0x0000000b   Data   RW          405    .data               main.o
    0x20000033   COMPRESSED   0x00000001   PAD
    0x20000034   COMPRESSED   0x00001554   Data   RW          484    .data               oled_i2c.o
    0x20001588   COMPRESSED   0x00000004   Data   RW          508    .data               delay.o
    0x2000158c   COMPRESSED   0x0000000a   Data   RW          550    .data               as608.o
    0x20001596   COMPRESSED   0x00000002   PAD
    0x20001598   COMPRESSED   0x00000008   Data   RW          574    .data               usart3.o
    0x200015a0   COMPRESSED   0x00000001   Data   RW          622    .data               key.o
    0x200015a1   COMPRESSED   0x00000001   Data   RW          635    .data               timer.o
    0x200015a2   COMPRESSED   0x00000002   Data   RW          665    .data               bsp_adc.o
    0x200015a4   COMPRESSED   0x00000004   Data   RW         1009    .data               mc_w.l(stdout.o)
    0x200015a8        -       0x0000001c   Zero   RW          404    .bss                main.o
    0x200015c4        -       0x00000320   Zero   RW          573    .bss                usart3.o
    0x200018e4   COMPRESSED   0x00000004   PAD
    0x200018e8        -       0x00000400   Zero   RW            1    STACK               startup_stm32f10x_md.o


==============================================================================

Image component sizes


      Code (inc. data)   RO Data    RW Data    ZI Data      Debug   Object Name

      4704       1212          0         10          0      10880   as608.o
       488         44          0          2          0       1970   bsp_adc.o
       244         14          0          0          0        955   bsp_advance_tim.o
       384          6          0          0          0       2804   bsp_dht11.o
       108          8          0          0          0       1056   bsp_led.o
         0          0          0          0          0       4496   core_cm3.o
       236         16          0          4          0       1307   delay.o
       224         64          0          0          0        852   jdy_10m.o
       284         14          0          1          0        924   key.o
       154          0          0          0          0       1095   light.o
       672        194          0         11         28       4302   main.o
       220         22          0          0          0       1853   misc.o
      2352         58       2072       5460          0       8942   oled_i2c.o
        36          8        236          0       1024        880   startup_stm32f10x_md.o
      1102         26          0          0          0      11097   stm32f10x_adc.o
       596          8          0          0          0       4418   stm32f10x_dma.o
       860         38          0          0          0       5785   stm32f10x_gpio.o
        26          0          0          0          0       1246   stm32f10x_it.o
       932         36          0         20          0       8996   stm32f10x_rcc.o
      3610         88          0          0          0      22900   stm32f10x_tim.o
      1032         22          0          0          0       8512   stm32f10x_usart.o
       480         38          0         20          0     268091   system_stm32f10x.o
       256         14          0          1          0       1536   timer.o
      1596         40          0          8        800       9170   usart3.o

    ----------------------------------------------------------------------
     20604       1970       2340       5540       1856     384067   Object Totals
         0          0         32          0          0          0   (incl. Generated)
         8          0          0          3          4          0   (incl. Padding)

    ----------------------------------------------------------------------

      Code (inc. data)   RO Data    RW Data    ZI Data      Debug   Library Member Name

        94          0          0          0          0          0   __dclz77c.o
         0          0          0          0          0          0   entry.o
         0          0          0          0          0          0   entry10a.o
         0          0          0          0          0          0   entry11a.o
         8          4          0          0          0          0   entry2.o
         4          0          0          0          0          0   entry5.o
         0          0          0          0          0          0   entry7b.o
         0          0          0          0          0          0   entry8b.o
         8          4          0          0          0          0   entry9a.o
        30          0          0          0          0          0   handlers.o
        36          8          0          0          0         68   init.o
         0          0          0          0          0          0   iusefp.o
        30          0          0          0          0         68   llshl.o
        36          0          0          0          0         68   llsshr.o
        32          0          0          0          0         68   llushr.o
        36          0          0          0          0        108   memseta.o
      2312        102          0          0          0        676   printfa.o
         0          0          0          4          0          0   stdout.o
        20          0          0          0          0         68   strchr.o
        14          0          0          0          0         68   strlen.o
        36          0          0          0          0         80   strstr.o
        44          0          0          0          0         80   uidiv.o
        98          0          0          0          0         92   uldiv.o
        48          0          0          0          0         68   cdrcmple.o
        20          0          0          0          0         68   cfcmple.o
        56          0          0          0          0         88   d2f.o
       334          0          0          0          0        148   dadd.o
       222          0          0          0          0        100   ddiv.o
       186          0          0          0          0        176   depilogue.o
        48          0          0          0          0         68   dfixul.o
       228          0          0          0          0         96   dmul.o
        38          0          0          0          0         68   f2d.o
       124          0          0          0          0         88   fdiv.o
       110          0          0          0          0        168   fepilogue.o
        50          0          0          0          0         68   ffixi.o
        18          0          0          0          0         68   fflti.o
        10          0          0          0          0         68   ffltui.o
       100          0          0          0          0         76   fmul.o

    ----------------------------------------------------------------------
      4436        118          0          4          0       2860   Library Totals
         6          0          0          0          0          0   (incl. Padding)

    ----------------------------------------------------------------------

      Code (inc. data)   RO Data    RW Data    ZI Data      Debug   Library Name

      2838        118          0          4          0       1444   mc_w.l
      1592          0          0          0          0       1416   mf_w.l

    ----------------------------------------------------------------------
      4436        118          0          4          0       2860   Library Totals

    ----------------------------------------------------------------------

==============================================================================


      Code (inc. data)   RO Data    RW Data    ZI Data      Debug   

     25040       2088       2340       5544       1856     383779   Grand Totals
     25040       2088       2340       3492       1856     383779   ELF Image Totals (compressed)
     25040       2088       2340       3492          0          0   ROM Totals

==============================================================================

    Total RO  Size (Code + RO Data)                27380 (  26.74kB)
    Total RW  Size (RW Data + ZI Data)              7400 (   7.23kB)
    Total ROM Size (Code + RO Data + RW Data)      30872 (  30.15kB)

==============================================================================

