Component: ARM Compiler 5.06 update 1 (build 61) Tool: armlink [4d35a8]

==============================================================================

Section Cross References

    startup_stm32f10x_md.o(RESET) refers to startup_stm32f10x_md.o(STACK) for __initial_sp
    startup_stm32f10x_md.o(RESET) refers to startup_stm32f10x_md.o(.text) for Reset_Handler
    startup_stm32f10x_md.o(RESET) refers to stm32f10x_it.o(i.NMI_Handler) for NMI_Handler
    startup_stm32f10x_md.o(RESET) refers to stm32f10x_it.o(i.HardFault_Handler) for HardFault_Handler
    startup_stm32f10x_md.o(RESET) refers to stm32f10x_it.o(i.MemManage_Handler) for MemManage_Handler
    startup_stm32f10x_md.o(RESET) refers to stm32f10x_it.o(i.BusFault_Handler) for BusFault_Handler
    startup_stm32f10x_md.o(RESET) refers to stm32f10x_it.o(i.UsageFault_Handler) for UsageFault_Handler
    startup_stm32f10x_md.o(RESET) refers to stm32f10x_it.o(i.SVC_Handler) for SVC_Handler
    startup_stm32f10x_md.o(RESET) refers to stm32f10x_it.o(i.DebugMon_Handler) for DebugMon_Handler
    startup_stm32f10x_md.o(RESET) refers to stm32f10x_it.o(i.PendSV_Handler) for PendSV_Handler
    startup_stm32f10x_md.o(RESET) refers to stm32f10x_it.o(i.SysTick_Handler) for SysTick_Handler
    startup_stm32f10x_md.o(RESET) refers to timer.o(i.TIM3_IRQHandler) for TIM3_IRQHandler
    startup_stm32f10x_md.o(RESET) refers to timer.o(i.TIM4_IRQHandler) for TIM4_IRQHandler
    startup_stm32f10x_md.o(RESET) refers to bsp_usart2.o(i.USART2_IRQHandler) for USART2_IRQHandler
    startup_stm32f10x_md.o(RESET) refers to bsp_usart3.o(i.USART3_IRQHandler) for USART3_IRQHandler
    startup_stm32f10x_md.o(.text) refers to system_stm32f10x.o(i.SystemInit) for SystemInit
    startup_stm32f10x_md.o(.text) refers to entry.o(.ARM.Collect$$$$00000000) for __main
    system_stm32f10x.o(i.SetSysClock) refers to system_stm32f10x.o(i.SetSysClockTo72) for SetSysClockTo72
    system_stm32f10x.o(i.SystemCoreClockUpdate) refers to system_stm32f10x.o(.data) for SystemCoreClock
    system_stm32f10x.o(i.SystemInit) refers to system_stm32f10x.o(i.SetSysClock) for SetSysClock
    stm32f10x_adc.o(i.ADC_DeInit) refers to stm32f10x_rcc.o(i.RCC_APB2PeriphResetCmd) for RCC_APB2PeriphResetCmd
    stm32f10x_bkp.o(i.BKP_DeInit) refers to stm32f10x_rcc.o(i.RCC_BackupResetCmd) for RCC_BackupResetCmd
    stm32f10x_can.o(i.CAN_DeInit) refers to stm32f10x_rcc.o(i.RCC_APB1PeriphResetCmd) for RCC_APB1PeriphResetCmd
    stm32f10x_can.o(i.CAN_GetITStatus) refers to stm32f10x_can.o(i.CheckITStatus) for CheckITStatus
    stm32f10x_cec.o(i.CEC_DeInit) refers to stm32f10x_rcc.o(i.RCC_APB1PeriphResetCmd) for RCC_APB1PeriphResetCmd
    stm32f10x_dac.o(i.DAC_DeInit) refers to stm32f10x_rcc.o(i.RCC_APB1PeriphResetCmd) for RCC_APB1PeriphResetCmd
    stm32f10x_flash.o(i.FLASH_EnableWriteProtection) refers to stm32f10x_flash.o(i.FLASH_WaitForLastOperation) for FLASH_WaitForLastOperation
    stm32f10x_flash.o(i.FLASH_EraseAllBank1Pages) refers to stm32f10x_flash.o(i.FLASH_WaitForLastBank1Operation) for FLASH_WaitForLastBank1Operation
    stm32f10x_flash.o(i.FLASH_EraseAllPages) refers to stm32f10x_flash.o(i.FLASH_WaitForLastOperation) for FLASH_WaitForLastOperation
    stm32f10x_flash.o(i.FLASH_EraseOptionBytes) refers to stm32f10x_flash.o(i.FLASH_GetReadOutProtectionStatus) for FLASH_GetReadOutProtectionStatus
    stm32f10x_flash.o(i.FLASH_EraseOptionBytes) refers to stm32f10x_flash.o(i.FLASH_WaitForLastOperation) for FLASH_WaitForLastOperation
    stm32f10x_flash.o(i.FLASH_ErasePage) refers to stm32f10x_flash.o(i.FLASH_WaitForLastOperation) for FLASH_WaitForLastOperation
    stm32f10x_flash.o(i.FLASH_ProgramHalfWord) refers to stm32f10x_flash.o(i.FLASH_WaitForLastOperation) for FLASH_WaitForLastOperation
    stm32f10x_flash.o(i.FLASH_ProgramOptionByteData) refers to stm32f10x_flash.o(i.FLASH_WaitForLastOperation) for FLASH_WaitForLastOperation
    stm32f10x_flash.o(i.FLASH_ProgramWord) refers to stm32f10x_flash.o(i.FLASH_WaitForLastOperation) for FLASH_WaitForLastOperation
    stm32f10x_flash.o(i.FLASH_ReadOutProtection) refers to stm32f10x_flash.o(i.FLASH_WaitForLastOperation) for FLASH_WaitForLastOperation
    stm32f10x_flash.o(i.FLASH_UserOptionByteConfig) refers to stm32f10x_flash.o(i.FLASH_WaitForLastOperation) for FLASH_WaitForLastOperation
    stm32f10x_flash.o(i.FLASH_WaitForLastBank1Operation) refers to stm32f10x_flash.o(i.FLASH_GetBank1Status) for FLASH_GetBank1Status
    stm32f10x_flash.o(i.FLASH_WaitForLastOperation) refers to stm32f10x_flash.o(i.FLASH_GetBank1Status) for FLASH_GetBank1Status
    stm32f10x_gpio.o(i.GPIO_AFIODeInit) refers to stm32f10x_rcc.o(i.RCC_APB2PeriphResetCmd) for RCC_APB2PeriphResetCmd
    stm32f10x_gpio.o(i.GPIO_DeInit) refers to stm32f10x_rcc.o(i.RCC_APB2PeriphResetCmd) for RCC_APB2PeriphResetCmd
    stm32f10x_i2c.o(i.I2C_DeInit) refers to stm32f10x_rcc.o(i.RCC_APB1PeriphResetCmd) for RCC_APB1PeriphResetCmd
[...]
    Removing stm32f10x_tim.o(i.TIM_DeInit), (488 bytes).
    Removing stm32f10x_tim.o(i.TIM_ETRClockMode1Config), (54 bytes).
    Removing stm32f10x_tim.o(i.TIM_ETRClockMode2Config), (32 bytes).
    Removing stm32f10x_tim.o(i.TIM_ETRConfig), (28 bytes).
    Removing stm32f10x_tim.o(i.TIM_EncoderInterfaceConfig), (66 bytes).
    Removing stm32f10x_tim.o(i.TIM_ForcedOC1Config), (18 bytes).
    Removing stm32f10x_tim.o(i.TIM_ForcedOC2Config), (26 bytes).
    Removing stm32f10x_tim.o(i.TIM_ForcedOC3Config), (18 bytes).
    Removing stm32f10x_tim.o(i.TIM_ForcedOC4Config), (26 bytes).
    Removing stm32f10x_tim.o(i.TIM_GenerateEvent), (4 bytes).
    Removing stm32f10x_tim.o(i.TIM_GetCapture1), (6 bytes).
    Removing stm32f10x_tim.o(i.TIM_GetCapture2), (6 bytes).
    Removing stm32f10x_tim.o(i.TIM_GetCapture3), (6 bytes).
    Removing stm32f10x_tim.o(i.TIM_GetCapture4), (8 bytes).
    Removing stm32f10x_tim.o(i.TIM_GetCounter), (6 bytes).
    Removing stm32f10x_tim.o(i.TIM_GetFlagStatus), (18 bytes).
    Removing stm32f10x_tim.o(i.TIM_GetPrescaler), (6 bytes).
    Removing stm32f10x_tim.o(i.TIM_ICInit), (172 bytes).
    Removing stm32f10x_tim.o(i.TIM_ICStructInit), (18 bytes).
    Removing stm32f10x_tim.o(i.TIM_ITRxExternalClockConfig), (24 bytes).
    Removing stm32f10x_tim.o(i.TIM_InternalClockConfig), (12 bytes).
    Removing stm32f10x_tim.o(i.TIM_OC1FastConfig), (18 bytes).
    Removing stm32f10x_tim.o(i.TIM_OC1Init), (152 bytes).
    Removing stm32f10x_tim.o(i.TIM_OC1NPolarityConfig), (18 bytes).
    Removing stm32f10x_tim.o(i.TIM_OC1PolarityConfig), (18 bytes).
    Removing stm32f10x_tim.o(i.TIM_OC1PreloadConfig), (18 bytes).
    Removing stm32f10x_tim.o(i.TIM_OC2FastConfig), (26 bytes).
    Removing stm32f10x_tim.o(i.TIM_OC2Init), (164 bytes).
    Removing stm32f10x_tim.o(i.TIM_OC2NPolarityConfig), (26 bytes).
    Removing stm32f10x_tim.o(i.TIM_OC2PolarityConfig), (26 bytes).
    Removing stm32f10x_tim.o(i.TIM_OC2PreloadConfig), (26 bytes).
    Removing stm32f10x_tim.o(i.TIM_OC3FastConfig), (18 bytes).
    Removing stm32f10x_tim.o(i.TIM_OC3Init), (160 bytes).
    Removing stm32f10x_tim.o(i.TIM_OC3NPolarityConfig), (26 bytes).
    Removing stm32f10x_tim.o(i.TIM_OC3PolarityConfig), (26 bytes).
    Removing stm32f10x_tim.o(i.TIM_OC3PreloadConfig), (18 bytes).
    Removing stm32f10x_tim.o(i.TIM_OC4FastConfig), (26 bytes).
    Removing stm32f10x_tim.o(i.TIM_OC4Init), (124 bytes).
    Removing stm32f10x_tim.o(i.TIM_OC4PolarityConfig), (26 bytes).
    Removing stm32f10x_tim.o(i.TIM_OC4PreloadConfig), (26 bytes).
    Removing stm32f10x_tim.o(i.TIM_OCStructInit), (20 bytes).
    Removing stm32f10x_tim.o(i.TIM_PWMIConfig), (124 bytes).
    Removing stm32f10x_tim.o(i.TIM_PrescalerConfig), (6 bytes).
    Removing stm32f10x_tim.o(i.TIM_SelectCCDMA), (24 bytes).
    Removing stm32f10x_tim.o(i.TIM_SelectCOM), (24 bytes).
    Removing stm32f10x_tim.o(i.TIM_SelectHallSensor), (24 bytes).
    Removing stm32f10x_tim.o(i.TIM_SelectInputTrigger), (18 bytes).
    Removing stm32f10x_tim.o(i.TIM_SelectMasterSlaveMode), (18 bytes).
    Removing stm32f10x_tim.o(i.TIM_SelectOCxM), (82 bytes).
    Removing stm32f10x_tim.o(i.TIM_SelectOnePulseMode), (18 bytes).
    Removing stm32f10x_tim.o(i.TIM_SelectOutputTrigger), (18 bytes).
    Removing stm32f10x_tim.o(i.TIM_SelectSlaveMode), (18 bytes).
    Removing stm32f10x_tim.o(i.TIM_SetAutoreload), (4 bytes).
    Removing stm32f10x_tim.o(i.TIM_SetClockDivision), (18 bytes).
    Removing stm32f10x_tim.o(i.TIM_SetCompare1), (4 bytes).
    Removing stm32f10x_tim.o(i.TIM_SetCompare2), (4 bytes).
    Removing stm32f10x_tim.o(i.TIM_SetCompare3), (4 bytes).
    Removing stm32f10x_tim.o(i.TIM_SetCompare4), (6 bytes).
    Removing stm32f10x_tim.o(i.TIM_SetCounter), (4 bytes).
    Removing stm32f10x_tim.o(i.TIM_SetIC1Prescaler), (18 bytes).
    Removing stm32f10x_tim.o(i.TIM_SetIC2Prescaler), (26 bytes).
    Removing stm32f10x_tim.o(i.TIM_SetIC3Prescaler), (18 bytes).
    Removing stm32f10x_tim.o(i.TIM_SetIC4Prescaler), (26 bytes).
    Removing stm32f10x_tim.o(i.TIM_TIxExternalClockConfig), (62 bytes).
    Removing stm32f10x_tim.o(i.TIM_TimeBaseStructInit), (18 bytes).
    Removing stm32f10x_tim.o(i.TIM_UpdateDisableConfig), (24 bytes).
    Removing stm32f10x_tim.o(i.TIM_UpdateRequestConfig), (24 bytes).
    Removing stm32f10x_usart.o(i.USART_ClearFlag), (18 bytes).
    Removing stm32f10x_usart.o(i.USART_ClearITPendingBit), (30 bytes).
    Removing stm32f10x_usart.o(i.USART_ClockInit), (34 bytes).
    Removing stm32f10x_usart.o(i.USART_ClockStructInit), (12 bytes).
    Removing stm32f10x_usart.o(i.USART_DMACmd), (18 bytes).
    Removing stm32f10x_usart.o(i.USART_DeInit), (156 bytes).
    Removing stm32f10x_usart.o(i.USART_HalfDuplexCmd), (24 bytes).
    Removing stm32f10x_usart.o(i.USART_IrDACmd), (24 bytes).
    Removing stm32f10x_usart.o(i.USART_IrDAConfig), (18 bytes).
    Removing stm32f10x_usart.o(i.USART_LINBreakDetectLengthConfig), (18 bytes).
    Removing stm32f10x_usart.o(i.USART_LINCmd), (24 bytes).
    Removing stm32f10x_usart.o(i.USART_OneBitMethodCmd), (24 bytes).
    Removing stm32f10x_usart.o(i.USART_OverSampling8Cmd), (22 bytes).
    Removing stm32f10x_usart.o(i.USART_ReceiverWakeUpCmd), (24 bytes).
    Removing stm32f10x_usart.o(i.USART_SendBreak), (10 bytes).
    Removing stm32f10x_usart.o(i.USART_SetAddress), (18 bytes).
    Removing stm32f10x_usart.o(i.USART_SetGuardTime), (16 bytes).
    Removing stm32f10x_usart.o(i.USART_SetPrescaler), (16 bytes).
    Removing stm32f10x_usart.o(i.USART_SmartCardCmd), (24 bytes).
    Removing stm32f10x_usart.o(i.USART_SmartCardNACKCmd), (24 bytes).
    Removing stm32f10x_usart.o(i.USART_StructInit), (24 bytes).
    Removing stm32f10x_usart.o(i.USART_WakeUpConfig), (18 bytes).
    Removing stm32f10x_wwdg.o(i.WWDG_ClearFlag), (12 bytes).
    Removing stm32f10x_wwdg.o(i.WWDG_DeInit), (22 bytes).
    Removing stm32f10x_wwdg.o(i.WWDG_Enable), (16 bytes).
    Removing stm32f10x_wwdg.o(i.WWDG_EnableIT), (12 bytes).
    Removing stm32f10x_wwdg.o(i.WWDG_GetFlagStatus), (12 bytes).
    Removing stm32f10x_wwdg.o(i.WWDG_SetCounter), (16 bytes).
    Removing stm32f10x_wwdg.o(i.WWDG_SetPrescaler), (24 bytes).
    Removing stm32f10x_wwdg.o(i.WWDG_SetWindowValue), (40 bytes).
    Removing bsp_systick.o(i.Delay_us), (40 bytes).
    Removing bsp_dht11.o(i.DHT11_GPIO_Config), (44 bytes).
    Removing bsp_dht11.o(i.DHT11_Init), (20 bytes).
    Removing bsp_dht11.o(i.DHT11_Mode_IPU), (28 bytes).
    Removing bsp_dht11.o(i.DHT11_Mode_Out_PP), (36 bytes).
    Removing bsp_dht11.o(i.DHT11_ReadByte), (96 bytes).
    Removing bsp_dht11.o(i.DHT11_Read_TempAndHumidity), (160 bytes).
    Removing bsp_usart.o(i.fgetc), (32 bytes).
    Removing timer.o(i.TIM4_Int_Init), (96 bytes).
    Removing rx_data_queue.o(i.camera_queue_free), (36 bytes).
    Removing rx_data_queue.o(i.push_data_to_queue), (244 bytes).
    Removing gizwits_product.o(i.TIMER_IRQ_FUN), (8 bytes).
    Removing gizwits_product.o(i.UART_IRQ_FUN), (16 bytes).
    Removing gizwits_product.o(i.userInit), (16 bytes).
    Removing gizwits_protocol.o(i.gizwitsGetModuleInfo), (136 bytes).
    Removing gizwits_protocol.o(i.gizwitsPassthroughData), (240 bytes).
    Removing common.o(i.char2hex), (106 bytes).
    Removing common.o(i.checkStringIsNotZero), (46 bytes).
    Removing common.o(i.get_yeardays), (24 bytes).
    Removing common.o(i.hex2Str), (82 bytes).
    Removing common.o(i.isleap), (52 bytes).
    Removing common.o(i.returnNtp2Wt), (284 bytes).
    Removing common.o(i.returnWeekDay), (156 bytes).
    Removing common.o(i.str2Hex), (80 bytes).
    Removing common.o(.constdata), (48 bytes).
    Removing datapointtools.o(i.gizVarlenCompressValue), (124 bytes).
    Removing datapointtools.o(i.gizVarlenDecompressionValue), (196 bytes).
    Removing datapointtools.o(i.gizX2Y), (12 bytes).
    Removing datapointtools.o(i.gizX2YFloat), (42 bytes).
    Removing datapointtools.o(i.gizY2XFloat), (42 bytes).
    Removing ringbuffer.o(i.rbDelete), (24 bytes).
    Removing fadd.o(.text), (176 bytes).
    Removing fmul.o(.text), (100 bytes).
    Removing fdiv.o(.text), (124 bytes).
    Removing ffltui.o(.text), (10 bytes).
    Removing dadd.o(.text), (334 bytes).
    Removing dfixul.o(.text), (48 bytes).
    Removing cdrcmple.o(.text), (48 bytes).

494 unused section(s) (total 21898 bytes) removed from the image.

==============================================================================

Image Symbol Table

    Local Symbols

    Symbol Name                              Value     Ov Type        Size  Object(Section)

    ../clib/microlib/ctype/ctype.c           0x00000000   Number         0  ctype_c.o ABSOLUTE
    ../clib/microlib/ctype/ctype.c           0x00000000   Number         0  isalnum_o.o ABSOLUTE
    ../clib/microlib/ctype/ctype.c           0x00000000   Number         0  ispunct_o.o ABSOLUTE
    ../clib/microlib/ctype/ctype.c           0x00000000   Number         0  isspace_o.o ABSOLUTE
    ../clib/microlib/ctype/ctype.c           0x00000000   Number         0  isupper_o.o ABSOLUTE
    ../clib/microlib/ctype/ctype.c           0x00000000   Number         0  isblank_o.o ABSOLUTE
    ../clib/microlib/ctype/ctype.c           0x00000000   Number         0  isxdigit_o.o ABSOLUTE
    ../clib/microlib/ctype/ctype.c           0x00000000   Number         0  isalpha_o.o ABSOLUTE
    ../clib/microlib/ctype/ctype.c           0x00000000   Number         0  iscntrl_o.o ABSOLUTE
    ../clib/microlib/ctype/ctype.c           0x00000000   Number         0  ctype_o.o ABSOLUTE
    ../clib/microlib/ctype/ctype.c           0x00000000   Number         0  isdigit_o.o ABSOLUTE
    ../clib/microlib/ctype/ctype.c           0x00000000   Number         0  isspace_c.o ABSOLUTE
    ../clib/microlib/ctype/ctype.c           0x00000000   Number         0  isgraph_o.o ABSOLUTE
    ../clib/microlib/ctype/ctype.c           0x00000000   Number         0  islower_o.o ABSOLUTE
    ../clib/microlib/ctype/ctype.c           0x00000000   Number         0  isprint_o.o ABSOLUTE
    ../clib/microlib/ctype/toupper.c         0x00000000   Number         0  toupper.o ABSOLUTE
    ../clib/microlib/division.c              0x00000000   Number         0  uidiv.o ABSOLUTE
    ../clib/microlib/division.c              0x00000000   Number         0  uldiv.o ABSOLUTE
    ../clib/microlib/errno.c                 0x00000000   Number         0  errno.o ABSOLUTE
    ../clib/microlib/init/entry.s            0x00000000   Number         0  entry9a.o ABSOLUTE
    ../clib/microlib/init/entry.s            0x00000000   Number         0  entry11b.o ABSOLUTE
    ../clib/microlib/init/entry.s            0x00000000   Number         0  entry9b.o ABSOLUTE
    ../clib/microlib/init/entry.s            0x00000000   Number         0  entry10a.o ABSOLUTE
    ../clib/microlib/init/entry.s            0x00000000   Number         0  entry10b.o ABSOLUTE
    ../clib/microlib/init/entry.s            0x00000000   Number         0  entry.o ABSOLUTE
    ../clib/microlib/init/entry.s            0x00000000   Number         0  entry8b.o ABSOLUTE
    ../clib/microlib/init/entry.s            0x00000000   Number         0  entry11a.o ABSOLUTE
    ../clib/microlib/init/entry.s            0x00000000   Number         0  entry5.o ABSOLUTE
    ../clib/microlib/init/entry.s            0x00000000   Number         0  entry7a.o ABSOLUTE
    ../clib/microlib/init/entry.s            0x00000000   Number         0  entry7b.o ABSOLUTE
    ../clib/microlib/init/entry.s            0x00000000   Number         0  entry8a.o ABSOLUTE
    ../clib/microlib/init/entry.s            0x00000000   Number         0  entry2.o ABSOLUTE
    ../clib/microlib/longlong.c              0x00000000   Number         0  llsshr.o ABSOLUTE
    ../clib/microlib/longlong.c              0x00000000   Number         0  llushr.o ABSOLUTE
    ../clib/microlib/longlong.c              0x00000000   Number         0  llshl.o ABSOLUTE
    ../clib/microlib/printf/printf.c         0x00000000   Number         0  printfb.o ABSOLUTE
    ../clib/microlib/printf/printf.c         0x00000000   Number         0  printfa.o ABSOLUTE
    ../clib/microlib/printf/printf.c         0x00000000   Number         0  printf1.o ABSOLUTE
    ../clib/microlib/printf/printf.c         0x00000000   Number         0  printf2.o ABSOLUTE
    ../clib/microlib/printf/printf.c         0x00000000   Number         0  printf8.o ABSOLUTE
    ../clib/microlib/printf/printf.c         0x00000000   Number         0  printf0.o ABSOLUTE
    ../clib/microlib/printf/printf.c         0x00000000   Number         0  printf4.o ABSOLUTE
    ../clib/microlib/printf/printf.c         0x00000000   Number         0  printf5.o ABSOLUTE
    ../clib/microlib/printf/printf.c         0x00000000   Number         0  printf6.o ABSOLUTE
    ../clib/microlib/printf/printf.c         0x00000000   Number         0  printf7.o ABSOLUTE
    ../clib/microlib/printf/printf.c         0x00000000   Number         0  printf3.o ABSOLUTE
    ../clib/microlib/printf/stubs.s          0x00000000   Number         0  stubs.o ABSOLUTE
    ../clib/microlib/stdio/streams.c         0x00000000   Number         0  stdout.o ABSOLUTE
    ../clib/microlib/string/memcpy.c         0x00000000   Number         0  memcpya.o ABSOLUTE
    ../clib/microlib/string/memcpy.c         0x00000000   Number         0  memcpyb.o ABSOLUTE
    ../clib/microlib/string/memset.c         0x00000000   Number         0  memseta.o ABSOLUTE
    ../clib/microlib/string/strcpy.c         0x00000000   Number         0  strcpy.o ABSOLUTE
    ../clib/microlib/string/strlen.c         0x00000000   Number         0  strlen.o ABSOLUTE
    ../clib/microlib/stubs.s                 0x00000000   Number         0  iusefp.o ABSOLUTE
    ../clib/scanf.c                          0x00000000   Number         0  _chval.o ABSOLUTE
    ../clib/scanf.c                          0x00000000   Number         0  _strtoul.o ABSOLUTE
    ../clib/scanf.c                          0x00000000   Number         0  _sgetc.o ABSOLUTE
    ../clib/scanf.c                          0x00000000   Number         0  scanf_fp.o ABSOLUTE
    ../clib/scanf.c                          0x00000000   Number         0  atoi.o ABSOLUTE
    ../clib/scanf.c                          0x00000000   Number         0  strtod.o ABSOLUTE
    ../clib/scanf.c                          0x00000000   Number         0  strtol.o ABSOLUTE
    ../fplib/microlib/d2f.c                  0x00000000   Number         0  d2f.o ABSOLUTE
    ../fplib/microlib/fpadd.c                0x00000000   Number         0  fadd.o ABSOLUTE
    ../fplib/microlib/fpadd.c                0x00000000   Number         0  dadd.o ABSOLUTE
    ../fplib/microlib/fpdiv.c                0x00000000   Number         0  fdiv.o ABSOLUTE
    ../fplib/microlib/fpdiv.c                0x00000000   Number         0  ddiv.o ABSOLUTE
    ../fplib/microlib/fpepilogue.c           0x00000000   Number         0  depilogue.o ABSOLUTE
    ../fplib/microlib/fpepilogue.c           0x00000000   Number         0  fepilogue.o ABSOLUTE
    ../fplib/microlib/fpfix.c                0x00000000   Number         0  ffixui.o ABSOLUTE
    ../fplib/microlib/fpfix.c                0x00000000   Number         0  dfixul.o ABSOLUTE
    ../fplib/microlib/fpflt.c                0x00000000   Number         0  ffltui.o ABSOLUTE
    ../fplib/microlib/fpflt.c                0x00000000   Number         0  dfltul.o ABSOLUTE
    ../fplib/microlib/fpmul.c                0x00000000   Number         0  fmul.o ABSOLUTE
    ../fplib/microlib/fpmul.c                0x00000000   Number         0  dmul.o ABSOLUTE
    ../mathlib/atof.c                        0x00000000   Number         0  atof.o ABSOLUTE
    ..\..\Libraries\CMSIS\core_cm3.c         0x00000000   Number         0  core_cm3.o ABSOLUTE
    ..\..\Libraries\CMSIS\startup\startup_stm32f10x_md.s 0x00000000   Number         0  startup_stm32f10x_md.o ABSOLUTE
    ..\..\Libraries\CMSIS\system_stm32f10x.c 0x00000000   Number         0  system_stm32f10x.o ABSOLUTE
    ..\..\Libraries\FWlib\src\misc.c         0x00000000   Number         0  misc.o ABSOLUTE
    ..\..\Libraries\FWlib\src\stm32f10x_adc.c 0x00000000   Number         0  stm32f10x_adc.o ABSOLUTE
    ..\..\Libraries\FWlib\src\stm32f10x_bkp.c 0x00000000   Number         0  stm32f10x_bkp.o ABSOLUTE
    ..\..\Libraries\FWlib\src\stm32f10x_can.c 0x00000000   Number         0  stm32f10x_can.o ABSOLUTE
    ..\..\Libraries\FWlib\src\stm32f10x_cec.c 0x00000000   Number         0  stm32f10x_cec.o ABSOLUTE
    ..\..\Libraries\FWlib\src\stm32f10x_crc.c 0x00000000   Number         0  stm32f10x_crc.o ABSOLUTE
    ..\..\Libraries\FWlib\src\stm32f10x_dac.c 0x00000000   Number         0  stm32f10x_dac.o ABSOLUTE
    ..\..\Libraries\FWlib\src\stm32f10x_dbgmcu.c 0x00000000   Number         0  stm32f10x_dbgmcu.o ABSOLUTE
    ..\..\Libraries\FWlib\src\stm32f10x_dma.c 0x00000000   Number         0  stm32f10x_dma.o ABSOLUTE
    ..\..\Libraries\FWlib\src\stm32f10x_exti.c 0x00000000   Number         0  stm32f10x_exti.o ABSOLUTE
    ..\..\Libraries\FWlib\src\stm32f10x_flash.c 0x00000000   Number         0  stm32f10x_flash.o ABSOLUTE
    ..\..\Libraries\FWlib\src\stm32f10x_fsmc.c 0x00000000   Number         0  stm32f10x_fsmc.o ABSOLUTE
    ..\..\Libraries\FWlib\src\stm32f10x_gpio.c 0x00000000   Number         0  stm32f10x_gpio.o ABSOLUTE
    ..\..\Libraries\FWlib\src\stm32f10x_i2c.c 0x00000000   Number         0  stm32f10x_i2c.o ABSOLUTE
    ..\..\Libraries\FWlib\src\stm32f10x_iwdg.c 0x00000000   Number         0  stm32f10x_iwdg.o ABSOLUTE
    ..\..\Libraries\FWlib\src\stm32f10x_pwr.c 0x00000000   Number         0  stm32f10x_pwr.o ABSOLUTE
    ..\..\Libraries\FWlib\src\stm32f10x_rcc.c 0x00000000   Number         0  stm32f10x_rcc.o ABSOLUTE
    ..\..\Libraries\FWlib\src\stm32f10x_rtc.c 0x00000000   Number         0  stm32f10x_rtc.o ABSOLUTE
    ..\..\Libraries\FWlib\src\stm32f10x_sdio.c 0x00000000   Number         0  stm32f10x_sdio.o ABSOLUTE
    ..\..\Libraries\FWlib\src\stm32f10x_spi.c 0x00000000   Number         0  stm32f10x_spi.o ABSOLUTE
    ..\..\Libraries\FWlib\src\stm32f10x_tim.c 0x00000000   Number         0  stm32f10x_tim.o ABSOLUTE
    ..\..\Libraries\FWlib\src\stm32f10x_usart.c 0x00000000   Number         0  stm32f10x_usart.o ABSOLUTE
    ..\..\Libraries\FWlib\src\stm32f10x_wwdg.c 0x00000000   Number         0  stm32f10x_wwdg.o ABSOLUTE
    ..\..\User\Gizwits\gizwits_product.c     0x00000000   Number         0  gizwits_product.o ABSOLUTE
    ..\..\User\Gizwits\gizwits_protocol.c    0x00000000   Number         0  gizwits_protocol.o ABSOLUTE
    ..\..\User\Key\bsp_key.c                 0x00000000   Number         0  bsp_key.o ABSOLUTE
    ..\..\User\SysTick\bsp_SysTick.c         0x00000000   Number         0  bsp_systick.o ABSOLUTE
    ..\..\User\Utils\common.c                0x00000000   Number         0  common.o ABSOLUTE
    ..\..\User\Utils\dataPointTools.c        0x00000000   Number         0  datapointtools.o ABSOLUTE
    ..\..\User\Utils\ringbuffer.c            0x00000000   Number         0  ringbuffer.o ABSOLUTE
    ..\..\User\dht11\bsp_dht11.c             0x00000000   Number         0  bsp_dht11.o ABSOLUTE
    ..\..\User\main.c                        0x00000000   Number         0  main.o ABSOLUTE
    ..\..\User\rx_data\rx_data_queue.c       0x00000000   Number         0  rx_data_queue.o ABSOLUTE
    ..\..\User\stm32f10x_it.c                0x00000000   Number         0  stm32f10x_it.o ABSOLUTE
    ..\..\User\timer\timer.c                 0x00000000   Number         0  timer.o ABSOLUTE
    ..\..\User\usart2\bsp_usart2.c           0x00000000   Number         0  bsp_usart2.o ABSOLUTE
    ..\..\User\usart3\bsp_usart3.c           0x00000000   Number         0  bsp_usart3.o ABSOLUTE
    ..\..\User\usart\bsp_usart.c             0x00000000   Number         0  bsp_usart.o ABSOLUTE
    ..\\..\\Libraries\\CMSIS\\core_cm3.c     0x00000000   Number         0  core_cm3.o ABSOLUTE
    cdrcmple.s                               0x00000000   Number         0  cdrcmple.o ABSOLUTE
    dc.s                                     0x00000000   Number         0  dc.o ABSOLUTE
    handlers.s                               0x00000000   Number         0  handlers.o ABSOLUTE
    init.s                                   0x00000000   Number         0  init.o ABSOLUTE
    RESET                                    0x08000000   Section      236  startup_stm32f10x_md.o(RESET)
    .ARM.Collect$$$$00000000                 0x080000ec   Section        0  entry.o(.ARM.Collect$$$$00000000)
    .ARM.Collect$$$$00000001                 0x080000ec   Section        4  entry2.o(.ARM.Collect$$$$00000001)
    .ARM.Collect$$$$00000004                 0x080000f0   Section        4  entry5.o(.ARM.Collect$$$$00000004)
    .ARM.Collect$$$$00000008                 0x080000f4   Section        0  entry7b.o(.ARM.Collect$$$$00000008)
    .ARM.Collect$$$$0000000A                 0x080000f4   Section        0  entry8b.o(.ARM.Collect$$$$0000000A)
    .ARM.Collect$$$$0000000B                 0x080000f4   Section        8  entry9a.o(.ARM.Collect$$$$0000000B)
    .ARM.Collect$$$$0000000D                 0x080000fc   Section        0  entry10a.o(.ARM.Collect$$$$0000000D)
    .ARM.Collect$$$$0000000F                 0x080000fc   Section        0  entry11a.o(.ARM.Collect$$$$0000000F)
    .ARM.Collect$$$$00002712                 0x080000fc   Section        4  entry2.o(.ARM.Collect$$$$00002712)
    __lit__00000000                          0x080000fc   Data           4  entry2.o(.ARM.Collect$$$$00002712)
    .text                                    0x08000100   Section       36  startup_stm32f10x_md.o(.text)
    .text                                    0x08000124   Section        0  memcpya.o(.text)
    .text                                    0x08000148   Section        0  memseta.o(.text)
    .text                                    0x0800016c   Section        0  strcpy.o(.text)
    .text                                    0x0800017e   Section        0  atoi.o(.text)
    .text                                    0x08000198   Section        0  ffixui.o(.text)
    .text                                    0x080001c0   Section        0  d2f.o(.text)
    .text                                    0x080001f8   Section        0  uldiv.o(.text)
    .text                                    0x0800025c   Section        0  strtod.o(.text)
    _local_sscanf                            0x0800025d   Thumb Code    54  strtod.o(.text)
    .text                                    0x080002f8   Section        0  strtol.o(.text)
    .text                                    0x08000368   Section        0  iusefp.o(.text)
    .text                                    0x08000368   Section        0  fepilogue.o(.text)
    .text                                    0x080003d6   Section        0  dmul.o(.text)
    .text                                    0x080004ba   Section        0  ddiv.o(.text)
    .text                                    0x08000598   Section       36  init.o(.text)
    .text                                    0x080005bc   Section        0  llshl.o(.text)
    .text                                    0x080005da   Section        0  llushr.o(.text)
    .text                                    0x080005fc   Section        0  ctype_o.o(.text)
    .text                                    0x08000604   Section        0  isspace_o.o(.text)
    .text                                    0x08000618   Section        0  scanf_fp.o(.text)
    _fp_value                                0x08000619   Thumb Code   256  scanf_fp.o(.text)
    .text                                    0x08000950   Section        0  _sgetc.o(.text)
    .text                                    0x08000990   Section        0  _strtoul.o(.text)
    .text                                    0x08000a2e   Section        0  depilogue.o(.text)
    .text                                    0x08000ae8   Section        0  _chval.o(.text)
    .text                                    0x08000b04   Section        0  dfltul.o(.text)
    i.BusFault_Handler                       0x08000b1c   Section        0  stm32f10x_it.o(i.BusFault_Handler)
    i.DebugMon_Handler                       0x08000b20   Section        0  stm32f10x_it.o(i.DebugMon_Handler)
    i.Extraction_str                         0x08000b22   Section        0  bsp_usart2.o(i.Extraction_str)
    i.GPIO_Init                              0x08000be0   Section        0  stm32f10x_gpio.o(i.GPIO_Init)
    i.GPIO_ReadInputDataBit                  0x08000cf6   Section        0  stm32f10x_gpio.o(i.GPIO_ReadInputDataBit)
    i.Gizeits_Init                           0x08000d08   Section        0  main.o(i.Gizeits_Init)
    i.HardFault_Handler                      0x08000d28   Section        0  stm32f10x_it.o(i.HardFault_Handler)
    i.Key_GPIO_Config                        0x08000d2c   Section        0  bsp_key.o(i.Key_GPIO_Config)
    i.Key_Scan                               0x08000d6c   Section        0  bsp_key.o(i.Key_Scan)
    i.MemManage_Handler                      0x08000dbc   Section        0  stm32f10x_it.o(i.MemManage_Handler)
    i.NMI_Handler                            0x08000dc0   Section        0  stm32f10x_it.o(i.NMI_Handler)
    i.NVIC_Configuration                     0x08000dc2   Section        0  bsp_usart3.o(i.NVIC_Configuration)
    NVIC_Configuration                       0x08000dc3   Thumb Code    38  bsp_usart3.o(i.NVIC_Configuration)
    i.NVIC_Configuration                     0x08000de8   Section        0  bsp_usart2.o(i.NVIC_Configuration)
    NVIC_Configuration                       0x08000de9   Thumb Code    38  bsp_usart2.o(i.NVIC_Configuration)
    i.NVIC_Init                              0x08000e10   Section        0  misc.o(i.NVIC_Init)
    i.NVIC_PriorityGroupConfig               0x08000e80   Section        0  misc.o(i.NVIC_PriorityGroupConfig)
    i.PendSV_Handler                         0x08000e94   Section        0  stm32f10x_it.o(i.PendSV_Handler)
    i.RCC_APB1PeriphClockCmd                 0x08000e98   Section        0  stm32f10x_rcc.o(i.RCC_APB1PeriphClockCmd)
    i.RCC_APB2PeriphClockCmd                 0x08000eb8   Section        0  stm32f10x_rcc.o(i.RCC_APB2PeriphClockCmd)
    i.RCC_GetClocksFreq                      0x08000ed8   Section        0  stm32f10x_rcc.o(i.RCC_GetClocksFreq)
    i.SVC_Handler                            0x08000fac   Section        0  stm32f10x_it.o(i.SVC_Handler)
    i.SetSysClock                            0x08000fae   Section        0  system_stm32f10x.o(i.SetSysClock)
    SetSysClock                              0x08000faf   Thumb Code     8  system_stm32f10x.o(i.SetSysClock)
    i.SetSysClockTo72                        0x08000fb8   Section        0  system_stm32f10x.o(i.SetSysClockTo72)
    SetSysClockTo72                          0x08000fb9   Thumb Code   214  system_stm32f10x.o(i.SetSysClockTo72)
    i.SysTick_Handler                        0x08001098   Section        0  stm32f10x_it.o(i.SysTick_Handler)
    i.SysTick_Init                           0x080010a0   Section        0  bsp_systick.o(i.SysTick_Init)
    i.SystemInit                             0x0800111c   Section        0  system_stm32f10x.o(i.SystemInit)
    i.TIM3_IRQHandler                        0x0800117c   Section        0  timer.o(i.TIM3_IRQHandler)
    i.TIM3_Int_Init                          0x0800119c   Section        0  timer.o(i.TIM3_Int_Init)
    i.TIM4_IRQHandler                        0x080011f8   Section        0  timer.o(i.TIM4_IRQHandler)
    i.TIM_ClearITPendingBit                  0x08001228   Section        0  stm32f10x_tim.o(i.TIM_ClearITPendingBit)
    i.TIM_Cmd                                0x0800122e   Section        0  stm32f10x_tim.o(i.TIM_Cmd)
    i.TIM_GetITStatus                        0x08001246   Section        0  stm32f10x_tim.o(i.TIM_GetITStatus)
    i.TIM_ITConfig                           0x08001268   Section        0  stm32f10x_tim.o(i.TIM_ITConfig)
    i.TIM_TimeBaseInit                       0x0800127c   Section        0  stm32f10x_tim.o(i.TIM_TimeBaseInit)
    i.TimingDelay_Decrement                  0x08001320   Section        0  bsp_systick.o(i.TimingDelay_Decrement)
    i.USART2_Config                          0x08001338   Section        0  bsp_usart2.o(i.USART2_Config)
    i.USART2_IRQHandler                      0x080013d0   Section        0  bsp_usart2.o(i.USART2_IRQHandler)
    i.USART3_Config                          0x0800143c   Section        0  bsp_usart3.o(i.USART3_Config)
    i.USART3_IRQHandler                      0x080014cc   Section        0  bsp_usart3.o(i.USART3_IRQHandler)
    i.USART_Cmd                              0x08001500   Section        0  stm32f10x_usart.o(i.USART_Cmd)
    i.USART_Config                           0x08001518   Section        0  bsp_usart.o(i.USART_Config)
    i.USART_GetFlagStatus                    0x08001598   Section        0  stm32f10x_usart.o(i.USART_GetFlagStatus)
    i.USART_GetITStatus                      0x080015b2   Section        0  stm32f10x_usart.o(i.USART_GetITStatus)
    i.USART_ITConfig                         0x08001606   Section        0  stm32f10x_usart.o(i.USART_ITConfig)
    i.USART_Init                             0x08001650   Section        0  stm32f10x_usart.o(i.USART_Init)
    i.USART_ReceiveData                      0x08001728   Section        0  stm32f10x_usart.o(i.USART_ReceiveData)
    i.USART_SendData                         0x08001732   Section        0  stm32f10x_usart.o(i.USART_SendData)
    i.UsageFault_Handler                     0x0800173a   Section        0  stm32f10x_it.o(i.UsageFault_Handler)
    i.__0printf$8                            0x08001740   Section        0  printf8.o(i.__0printf$8)
    i.__aeabi_errno_addr                     0x08001760   Section        0  errno.o(i.__aeabi_errno_addr)
    i.__read_errno                           0x08001768   Section        0  errno.o(i.__read_errno)
    i.__scatterload_copy                     0x08001774   Section       14  handlers.o(i.__scatterload_copy)
    i.__scatterload_null                     0x08001782   Section        2  handlers.o(i.__scatterload_null)
    i.__scatterload_zeroinit                 0x08001784   Section       14  handlers.o(i.__scatterload_zeroinit)
    i.__set_errno                            0x08001794   Section        0  errno.o(i.__set_errno)
    i._is_digit                              0x080017a0   Section        0  scanf_fp.o(i._is_digit)
    i._printf_core                           0x080017b0   Section        0  printf8.o(i._printf_core)
    _printf_core                             0x080017b1   Thumb Code   996  printf8.o(i._printf_core)
    i._printf_post_padding                   0x08001bc0   Section        0  printf8.o(i._printf_post_padding)
    _printf_post_padding                     0x08001bc1   Thumb Code    36  printf8.o(i._printf_post_padding)
    i._printf_pre_padding                    0x08001be4   Section        0  printf8.o(i._printf_pre_padding)
    _printf_pre_padding                      0x08001be5   Thumb Code    46  printf8.o(i._printf_pre_padding)
    i.atof                                   0x08001c12   Section        0  atof.o(i.atof)
    i.cbIncr                                 0x08001c3c   Section        0  rx_data_queue.o(i.cbIncr)
    i.cbInit                                 0x08001c4a   Section        0  rx_data_queue.o(i.cbInit)
    i.cbIsEmpty                              0x08001c54   Section        0  rx_data_queue.o(i.cbIsEmpty)
    i.cbIsFull                               0x08001c66   Section        0  rx_data_queue.o(i.cbIsFull)
    i.cbRead                                 0x08001c7c   Section        0  rx_data_queue.o(i.cbRead)
    i.cbReadFinish                           0x08001cb0   Section        0  rx_data_queue.o(i.cbReadFinish)
    i.cbWrite                                0x08001cca   Section        0  rx_data_queue.o(i.cbWrite)
    i.cbWriteFinish                          0x08001cfe   Section        0  rx_data_queue.o(i.cbWriteFinish)
    i.exchangeBytes                          0x08001d04   Section        0  common.o(i.exchangeBytes)
    i.exchangeWord                           0x08001d1e   Section        0  common.o(i.exchangeWord)
    i.fputc                                  0x08001d38   Section        0  bsp_usart.o(i.fputc)
    i.gizAcrossByteJudge                     0x08001d5c   Section        0  datapointtools.o(i.gizAcrossByteJudge)
    i.gizByteOrderExchange                   0x08001d86   Section        0  datapointtools.o(i.gizByteOrderExchange)
    i.gizCheckReport                         0x08001db8   Section        0  gizwits_protocol.o(i.gizCheckReport)
    gizCheckReport                           0x08001db9   Thumb Code   304  gizwits_protocol.o(i.gizCheckReport)
    i.gizDataPoint2Event                     0x08001fd0   Section        0  gizwits_protocol.o(i.gizDataPoint2Event)
    gizDataPoint2Event                       0x08001fd1   Thumb Code   174  gizwits_protocol.o(i.gizDataPoint2Event)
    i.gizDataPoints2ReportData               0x080020ac   Section        0  gizwits_protocol.o(i.gizDataPoints2ReportData)
    gizDataPoints2ReportData                 0x080020ad   Thumb Code   188  gizwits_protocol.o(i.gizDataPoints2ReportData)
    i.gizDevReportPolicy                     0x08002198   Section        0  gizwits_protocol.o(i.gizDevReportPolicy)
    gizDevReportPolicy                       0x08002199   Thumb Code   128  gizwits_protocol.o(i.gizDevReportPolicy)
    i.gizGetTimerCount                       0x08002254   Section        0  gizwits_product.o(i.gizGetTimerCount)
    i.gizProtocolAckHandle                   0x08002260   Section        0  gizwits_protocol.o(i.gizProtocolAckHandle)
    gizProtocolAckHandle                     0x08002261   Thumb Code    94  gizwits_protocol.o(i.gizProtocolAckHandle)
    i.gizProtocolCommonAck                   0x080022ec   Section        0  gizwits_protocol.o(i.gizProtocolCommonAck)
    gizProtocolCommonAck                     0x080022ed   Thumb Code    86  gizwits_protocol.o(i.gizProtocolCommonAck)
    i.gizProtocolErrorCmd                    0x0800238c   Section        0  gizwits_protocol.o(i.gizProtocolErrorCmd)
    gizProtocolErrorCmd                      0x0800238d   Thumb Code    90  gizwits_protocol.o(i.gizProtocolErrorCmd)
    i.gizProtocolGetDeviceInfo               0x08002430   Section        0  gizwits_protocol.o(i.gizProtocolGetDeviceInfo)
    gizProtocolGetDeviceInfo                 0x08002431   Thumb Code   182  gizwits_protocol.o(i.gizProtocolGetDeviceInfo)
    i.gizProtocolGetOnePacket                0x080025ac   Section        0  gizwits_protocol.o(i.gizProtocolGetOnePacket)
    gizProtocolGetOnePacket                  0x080025ad   Thumb Code   358  gizwits_protocol.o(i.gizProtocolGetOnePacket)
    i.gizProtocolHeadInit                    0x08002754   Section        0  gizwits_protocol.o(i.gizProtocolHeadInit)
    gizProtocolHeadInit                      0x08002755   Thumb Code    34  gizwits_protocol.o(i.gizProtocolHeadInit)
    i.gizProtocolIssuedDataAck               0x080027a4   Section        0  gizwits_protocol.o(i.gizProtocolIssuedDataAck)
    gizProtocolIssuedDataAck                 0x080027a5   Thumb Code   230  gizwits_protocol.o(i.gizProtocolIssuedDataAck)
    i.gizProtocolIssuedProcess               0x080028e4   Section        0  gizwits_protocol.o(i.gizProtocolIssuedProcess)
    gizProtocolIssuedProcess                 0x080028e5   Thumb Code   226  gizwits_protocol.o(i.gizProtocolIssuedProcess)
    i.gizProtocolModuleInfoHandle            0x080029fc   Section        0  gizwits_protocol.o(i.gizProtocolModuleInfoHandle)
    gizProtocolModuleInfoHandle              0x080029fd   Thumb Code    66  gizwits_protocol.o(i.gizProtocolModuleInfoHandle)
    i.gizProtocolModuleStatus                0x08002a58   Section        0  gizwits_protocol.o(i.gizProtocolModuleStatus)
    gizProtocolModuleStatus                  0x08002a59   Thumb Code   816  gizwits_protocol.o(i.gizProtocolModuleStatus)
    i.gizProtocolNTP                         0x08002f5c   Section        0  gizwits_protocol.o(i.gizProtocolNTP)
    gizProtocolNTP                           0x08002f5d   Thumb Code   104  gizwits_protocol.o(i.gizProtocolNTP)
    i.gizProtocolReboot                      0x08002fe0   Section        0  gizwits_protocol.o(i.gizProtocolReboot)
    gizProtocolReboot                        0x08002fe1   Thumb Code    28  gizwits_protocol.o(i.gizProtocolReboot)
    i.gizProtocolResendData                  0x08002ffc   Section        0  gizwits_protocol.o(i.gizProtocolResendData)
    gizProtocolResendData                    0x08002ffd   Thumb Code    64  gizwits_protocol.o(i.gizProtocolResendData)
    i.gizProtocolSum                         0x08003078   Section        0  common.o(i.gizProtocolSum)
    i.gizProtocolWaitAck                     0x080030a0   Section        0  gizwits_protocol.o(i.gizProtocolWaitAck)
    gizProtocolWaitAck                       0x080030a1   Thumb Code    70  gizwits_protocol.o(i.gizProtocolWaitAck)
    i.gizProtocolWaitAckCheck                0x08003104   Section        0  gizwits_protocol.o(i.gizProtocolWaitAckCheck)
    gizProtocolWaitAckCheck                  0x08003105   Thumb Code    44  gizwits_protocol.o(i.gizProtocolWaitAckCheck)
    i.gizPutData                             0x0800314c   Section        0  gizwits_protocol.o(i.gizPutData)
    i.gizReportData                          0x080031c0   Section        0  gizwits_protocol.o(i.gizReportData)
    gizReportData                            0x080031c1   Thumb Code   140  gizwits_protocol.o(i.gizReportData)
    i.gizStandardCompressValue               0x08003294   Section        0  datapointtools.o(i.gizStandardCompressValue)
    i.gizStandardDecompressionValue          0x08003314   Section        0  datapointtools.o(i.gizStandardDecompressionValue)
    i.gizTimerMs                             0x080033d8   Section        0  gizwits_product.o(i.gizTimerMs)
    i.gizY2X                                 0x080033e8   Section        0  datapointtools.o(i.gizY2X)
    i.gizwitsEventProcess                    0x080033f8   Section        0  gizwits_product.o(i.gizwitsEventProcess)
    i.gizwitsGetNTP                          0x080035c8   Section        0  gizwits_protocol.o(i.gizwitsGetNTP)
    i.gizwitsHandle                          0x0800364c   Section        0  gizwits_protocol.o(i.gizwitsHandle)
    i.gizwitsInit                            0x08003968   Section        0  gizwits_protocol.o(i.gizwitsInit)
    i.gizwitsSetMode                         0x080039cc   Section        0  gizwits_protocol.o(i.gizwitsSetMode)
    i.main                                   0x08003c54   Section        0  main.o(i.main)
    i.mcuRestart                             0x08003d28   Section        0  gizwits_product.o(i.mcuRestart)
    i.pull_data_from_queue                   0x08003d58   Section        0  rx_data_queue.o(i.pull_data_from_queue)
    i.rbCanRead                              0x08003e1c   Section        0  ringbuffer.o(i.rbCanRead)
    i.rbCanWrite                             0x08003e54   Section        0  ringbuffer.o(i.rbCanWrite)
    i.rbCapacity                             0x08003e72   Section        0  ringbuffer.o(i.rbCapacity)
    i.rbCreate                               0x08003e80   Section        0  ringbuffer.o(i.rbCreate)
    i.rbRead                                 0x08003e96   Section        0  ringbuffer.o(i.rbRead)
    i.rbWrite                                0x08003f38   Section        0  ringbuffer.o(i.rbWrite)
    i.rx_queue_init                          0x08003fd4   Section        0  rx_data_queue.o(i.rx_queue_init)
    i.uartWrite                              0x080040b4   Section        0  gizwits_product.o(i.uartWrite)
    i.userHandle                             0x0800410c   Section        0  main.o(i.userHandle)
    .constdata                               0x08004160   Section      129  ctype_o.o(.constdata)
    .constdata                               0x080041e4   Section        4  ctype_o.o(.constdata)
    table                                    0x080041e4   Data           4  ctype_o.o(.constdata)
    .conststring                             0x080041e8   Section      140  rx_data_queue.o(.conststring)
    .data                                    0x20000000   Section       20  system_stm32f10x.o(.data)
    .data                                    0x20000014   Section       20  stm32f10x_rcc.o(.data)
    APBAHBPrescTable                         0x20000014   Data          16  stm32f10x_rcc.o(.data)
    ADCPrescTable                            0x20000024   Data           4  stm32f10x_rcc.o(.data)
    .data                                    0x20000028   Section        4  bsp_systick.o(.data)
    TimingDelay                              0x20000028   Data           4  bsp_systick.o(.data)
    .data                                    0x2000002c   Section       44  main.o(.data)
    .data                                    0x20000058   Section        5  gizwits_product.o(.data)
    timerMsCount                             0x20000058   Data           4  gizwits_product.o(.data)
    .data                                    0x20000060   Section       16  gizwits_protocol.o(.data)
    lastReportTime                           0x20000060   Data           4  gizwits_protocol.o(.data)
    lastRepTime                              0x20000064   Data           4  gizwits_protocol.o(.data)
    protocolFlag                             0x20000068   Data           1  gizwits_protocol.o(.data)
    protocolCount                            0x2000006a   Data           2  gizwits_protocol.o(.data)
    lastData                                 0x2000006c   Data           1  gizwits_protocol.o(.data)
    debugCount                               0x2000006d   Data           1  gizwits_protocol.o(.data)
    lastStatus                               0x2000006e   Data           2  gizwits_protocol.o(.data)
    .data                                    0x20000070   Section        4  stdout.o(.data)
    .data                                    0x20000074   Section        4  errno.o(.data)
    _errno                                   0x20000074   Data           4  errno.o(.data)
    .bss                                     0x20000078   Section      127  main.o(.bss)
    .bss                                     0x200000f8   Section     4140  rx_data_queue.o(.bss)
    .bss                                     0x20001124   Section      412  gizwits_protocol.o(.bss)
    rbBuf                                    0x20001284   Data          60  gizwits_protocol.o(.bss)
    STACK                                    0x200012c0   Section     1024  startup_stm32f10x_md.o(STACK)

    Global Symbols

    Symbol Name                              Value     Ov Type        Size  Object(Section)

    BuildAttributes$$THM_ISAv4$P$D$K$B$S$PE$A:L22UL41UL21$X:L11$S22US41US21$IEEE1$IW$USESV6$~STKCKD$USESV7$~SHL$OTIME$ROPI$IEEEJ$EBA8$MICROLIB$REQ8$PRES8$EABIv2 0x00000000   Number         0  anon$$obj.o ABSOLUTE
    __ARM_use_no_argv                        0x00000000   Number         0  main.o ABSOLUTE
    _printf_a                                0x00000000   Number         0  stubs.o ABSOLUTE
    _printf_c                                0x00000000   Number         0  stubs.o ABSOLUTE
    _printf_charcount                        0x00000000   Number         0  stubs.o ABSOLUTE
    _printf_d                                0x00000000   Number         0  stubs.o ABSOLUTE
    _printf_e                                0x00000000   Number         0  stubs.o ABSOLUTE
    _printf_f                                0x00000000   Number         0  stubs.o ABSOLUTE
    _printf_flags                            0x00000000   Number         0  stubs.o ABSOLUTE
    _printf_fp_dec                           0x00000000   Number         0  stubs.o ABSOLUTE
    _printf_fp_hex                           0x00000000   Number         0  stubs.o ABSOLUTE
    _printf_g                                0x00000000   Number         0  stubs.o ABSOLUTE
    _printf_i                                0x00000000   Number         0  stubs.o ABSOLUTE
    _printf_int_dec                          0x00000000   Number         0  stubs.o ABSOLUTE
    _printf_l                                0x00000000   Number         0  stubs.o ABSOLUTE
    _printf_lc                               0x00000000   Number         0  stubs.o ABSOLUTE
    _printf_ll                               0x00000000   Number         0  stubs.o ABSOLUTE
    _printf_lld                              0x00000000   Number         0  stubs.o ABSOLUTE
    _printf_lli                              0x00000000   Number         0  stubs.o ABSOLUTE
    _printf_llo                              0x00000000   Number         0  stubs.o ABSOLUTE
    _printf_llu                              0x00000000   Number         0  stubs.o ABSOLUTE
    _printf_llx                              0x00000000   Number         0  stubs.o ABSOLUTE
    _printf_longlong_dec                     0x00000000   Number         0  stubs.o ABSOLUTE
    _printf_longlong_hex                     0x00000000   Number         0  stubs.o ABSOLUTE
    _printf_longlong_oct                     0x00000000   Number         0  stubs.o ABSOLUTE
    _printf_ls                               0x00000000   Number         0  stubs.o ABSOLUTE
    _printf_mbtowc                           0x00000000   Number         0  stubs.o ABSOLUTE
    _printf_n                                0x00000000   Number         0  stubs.o ABSOLUTE
    _printf_o                                0x00000000   Number         0  stubs.o ABSOLUTE
    _printf_p                                0x00000000   Number         0  stubs.o ABSOLUTE
    _printf_percent                          0x00000000   Number         0  stubs.o ABSOLUTE
    _printf_pre_padding                      0x00000000   Number         0  stubs.o ABSOLUTE
    _printf_return_value                     0x00000000   Number         0  stubs.o ABSOLUTE
    _printf_s                                0x00000000   Number         0  stubs.o ABSOLUTE
    _printf_sizespec                         0x00000000   Number         0  stubs.o ABSOLUTE
    _printf_str                              0x00000000   Number         0  stubs.o ABSOLUTE
    _printf_truncate_signed                  0x00000000   Number         0  stubs.o ABSOLUTE
    _printf_truncate_unsigned                0x00000000   Number         0  stubs.o ABSOLUTE
    _printf_u                                0x00000000   Number         0  stubs.o ABSOLUTE
    _printf_wc                               0x00000000   Number         0  stubs.o ABSOLUTE
    _printf_wctomb                           0x00000000   Number         0  stubs.o ABSOLUTE
    _printf_widthprec                        0x00000000   Number         0  stubs.o ABSOLUTE
    _printf_x                                0x00000000   Number         0  stubs.o ABSOLUTE
    __cpp_initialize__aeabi_                  - Undefined Weak Reference
    __cxa_finalize                            - Undefined Weak Reference
    __decompress                              - Undefined Weak Reference
    _clock_init                               - Undefined Weak Reference
    _microlib_exit                            - Undefined Weak Reference
    __Vectors_Size                           0x000000ec   Number         0  startup_stm32f10x_md.o ABSOLUTE
    __Vectors                                0x08000000   Data           4  startup_stm32f10x_md.o(RESET)
    __Vectors_End                            0x080000ec   Data           0  startup_stm32f10x_md.o(RESET)
    __main                                   0x080000ed   Thumb Code     0  entry.o(.ARM.Collect$$$$00000000)
    _main_stk                                0x080000ed   Thumb Code     0  entry2.o(.ARM.Collect$$$$00000001)
    _main_scatterload                        0x080000f1   Thumb Code     0  entry5.o(.ARM.Collect$$$$00000004)
    __main_after_scatterload                 0x080000f5   Thumb Code     0  entry5.o(.ARM.Collect$$$$00000004)
    _main_clock                              0x080000f5   Thumb Code     0  entry7b.o(.ARM.Collect$$$$00000008)
    _main_cpp_init                           0x080000f5   Thumb Code     0  entry8b.o(.ARM.Collect$$$$0000000A)
    _main_init                               0x080000f5   Thumb Code     0  entry9a.o(.ARM.Collect$$$$0000000B)
    __rt_final_cpp                           0x080000fd   Thumb Code     0  entry10a.o(.ARM.Collect$$$$0000000D)
    __rt_final_exit                          0x080000fd   Thumb Code     0  entry11a.o(.ARM.Collect$$$$0000000F)
    Reset_Handler                            0x08000101   Thumb Code     8  startup_stm32f10x_md.o(.text)
    ADC1_2_IRQHandler                        0x0800011b   Thumb Code     0  startup_stm32f10x_md.o(.text)
    CAN1_RX1_IRQHandler                      0x0800011b   Thumb Code     0  startup_stm32f10x_md.o(.text)
    CAN1_SCE_IRQHandler                      0x0800011b   Thumb Code     0  startup_stm32f10x_md.o(.text)
    DMA1_Channel1_IRQHandler                 0x0800011b   Thumb Code     0  startup_stm32f10x_md.o(.text)
    DMA1_Channel2_IRQHandler                 0x0800011b   Thumb Code     0  startup_stm32f10x_md.o(.text)
    DMA1_Channel3_IRQHandler                 0x0800011b   Thumb Code     0  startup_stm32f10x_md.o(.text)
    DMA1_Channel4_IRQHandler                 0x0800011b   Thumb Code     0  startup_stm32f10x_md.o(.text)
    DMA1_Channel5_IRQHandler                 0x0800011b   Thumb Code     0  startup_stm32f10x_md.o(.text)
    DMA1_Channel6_IRQHandler                 0x0800011b   Thumb Code     0  startup_stm32f10x_md.o(.text)
    DMA1_Channel7_IRQHandler                 0x0800011b   Thumb Code     0  startup_stm32f10x_md.o(.text)
    EXTI0_IRQHandler                         0x0800011b   Thumb Code     0  startup_stm32f10x_md.o(.text)
    EXTI15_10_IRQHandler                     0x0800011b   Thumb Code     0  startup_stm32f10x_md.o(.text)
    EXTI1_IRQHandler                         0x0800011b   Thumb Code     0  startup_stm32f10x_md.o(.text)
    EXTI2_IRQHandler                         0x0800011b   Thumb Code     0  startup_stm32f10x_md.o(.text)
    EXTI3_IRQHandler                         0x0800011b   Thumb Code     0  startup_stm32f10x_md.o(.text)
    EXTI4_IRQHandler                         0x0800011b   Thumb Code     0  startup_stm32f10x_md.o(.text)
    EXTI9_5_IRQHandler                       0x0800011b   Thumb Code     0  startup_stm32f10x_md.o(.text)
    FLASH_IRQHandler                         0x0800011b   Thumb Code     0  startup_stm32f10x_md.o(.text)
    I2C1_ER_IRQHandler                       0x0800011b   Thumb Code     0  startup_stm32f10x_md.o(.text)
    I2C1_EV_IRQHandler                       0x0800011b   Thumb Code     0  startup_stm32f10x_md.o(.text)
    I2C2_ER_IRQHandler                       0x0800011b   Thumb Code     0  startup_stm32f10x_md.o(.text)
    I2C2_EV_IRQHandler                       0x0800011b   Thumb Code     0  startup_stm32f10x_md.o(.text)
    PVD_IRQHandler                           0x0800011b   Thumb Code     0  startup_stm32f10x_md.o(.text)
    RCC_IRQHandler                           0x0800011b   Thumb Code     0  startup_stm32f10x_md.o(.text)
    RTCAlarm_IRQHandler                      0x0800011b   Thumb Code     0  startup_stm32f10x_md.o(.text)
    RTC_IRQHandler                           0x0800011b   Thumb Code     0  startup_stm32f10x_md.o(.text)
    SPI1_IRQHandler                          0x0800011b   Thumb Code     0  startup_stm32f10x_md.o(.text)
    SPI2_IRQHandler                          0x0800011b   Thumb Code     0  startup_stm32f10x_md.o(.text)
    TAMPER_IRQHandler                        0x0800011b   Thumb Code     0  startup_stm32f10x_md.o(.text)
    TIM1_BRK_IRQHandler                      0x0800011b   Thumb Code     0  startup_stm32f10x_md.o(.text)
    TIM1_CC_IRQHandler                       0x0800011b   Thumb Code     0  startup_stm32f10x_md.o(.text)
    TIM1_TRG_COM_IRQHandler                  0x0800011b   Thumb Code     0  startup_stm32f10x_md.o(.text)
    TIM1_UP_IRQHandler                       0x0800011b   Thumb Code     0  startup_stm32f10x_md.o(.text)
    TIM2_IRQHandler                          0x0800011b   Thumb Code     0  startup_stm32f10x_md.o(.text)
    USART1_IRQHandler                        0x0800011b   Thumb Code     0  startup_stm32f10x_md.o(.text)
    USBWakeUp_IRQHandler                     0x0800011b   Thumb Code     0  startup_stm32f10x_md.o(.text)
    USB_HP_CAN1_TX_IRQHandler                0x0800011b   Thumb Code     0  startup_stm32f10x_md.o(.text)
    USB_LP_CAN1_RX0_IRQHandler               0x0800011b   Thumb Code     0  startup_stm32f10x_md.o(.text)
    WWDG_IRQHandler                          0x0800011b   Thumb Code     0  startup_stm32f10x_md.o(.text)
    __aeabi_memcpy                           0x08000125   Thumb Code    36  memcpya.o(.text)
    __aeabi_memcpy4                          0x08000125   Thumb Code     0  memcpya.o(.text)
    __aeabi_memcpy8                          0x08000125   Thumb Code     0  memcpya.o(.text)
    __aeabi_memset                           0x08000149   Thumb Code    14  memseta.o(.text)
    __aeabi_memset4                          0x08000149   Thumb Code     0  memseta.o(.text)
    __aeabi_memset8                          0x08000149   Thumb Code     0  memseta.o(.text)
    __aeabi_memclr                           0x08000157   Thumb Code     4  memseta.o(.text)
    __aeabi_memclr4                          0x08000157   Thumb Code     0  memseta.o(.text)
    __aeabi_memclr8                          0x08000157   Thumb Code     0  memseta.o(.text)
    _memset$wrapper                          0x0800015b   Thumb Code    18  memseta.o(.text)
    strcpy                                   0x0800016d   Thumb Code    18  strcpy.o(.text)
    atoi                                     0x0800017f   Thumb Code    26  atoi.o(.text)
    __aeabi_f2uiz                            0x08000199   Thumb Code    40  ffixui.o(.text)
    __aeabi_d2f                              0x080001c1   Thumb Code    56  d2f.o(.text)
    __aeabi_uldivmod                         0x080001f9   Thumb Code    98  uldiv.o(.text)
    __strtod_int                             0x08000293   Thumb Code    88  strtod.o(.text)
    strtol                                   0x080002f9   Thumb Code   112  strtol.o(.text)
    __I$use$fp                               0x08000369   Thumb Code     0  iusefp.o(.text)
    _float_round                             0x08000369   Thumb Code    18  fepilogue.o(.text)
    _float_epilogue                          0x0800037b   Thumb Code    92  fepilogue.o(.text)
    __aeabi_dmul                             0x080003d7   Thumb Code   228  dmul.o(.text)
    __aeabi_ddiv                             0x080004bb   Thumb Code   222  ddiv.o(.text)
    __scatterload                            0x08000599   Thumb Code    28  init.o(.text)
    __scatterload_rt2                        0x08000599   Thumb Code     0  init.o(.text)
    __aeabi_llsl                             0x080005bd   Thumb Code    30  llshl.o(.text)
    _ll_shift_l                              0x080005bd   Thumb Code     0  llshl.o(.text)
    __aeabi_llsr                             0x080005db   Thumb Code    32  llushr.o(.text)
    _ll_ushift_r                             0x080005db   Thumb Code     0  llushr.o(.text)
    __rt_ctype_table                         0x080005fd   Thumb Code     4  ctype_o.o(.text)
    isspace                                  0x08000605   Thumb Code    18  isspace_o.o(.text)
    _scanf_real                              0x08000719   Thumb Code     0  scanf_fp.o(.text)
    _scanf_really_real                       0x08000719   Thumb Code   556  scanf_fp.o(.text)
    _sgetc                                   0x08000951   Thumb Code    30  _sgetc.o(.text)
    _sbackspace                              0x0800096f   Thumb Code    34  _sgetc.o(.text)
    _strtoul                                 0x08000991   Thumb Code   158  _strtoul.o(.text)
    _double_round                            0x08000a2f   Thumb Code    30  depilogue.o(.text)
    _double_epilogue                         0x08000a4d   Thumb Code   156  depilogue.o(.text)
    _chval                                   0x08000ae9   Thumb Code    28  _chval.o(.text)
    __aeabi_ul2d                             0x08000b05   Thumb Code    24  dfltul.o(.text)
    BusFault_Handler                         0x08000b1d   Thumb Code     4  stm32f10x_it.o(i.BusFault_Handler)
    DebugMon_Handler                         0x08000b21   Thumb Code     2  stm32f10x_it.o(i.DebugMon_Handler)
    Extraction_str                           0x08000b23   Thumb Code   190  bsp_usart2.o(i.Extraction_str)
    GPIO_Init                                0x08000be1   Thumb Code   278  stm32f10x_gpio.o(i.GPIO_Init)
    GPIO_ReadInputDataBit                    0x08000cf7   Thumb Code    18  stm32f10x_gpio.o(i.GPIO_ReadInputDataBit)
    Gizeits_Init                             0x08000d09   Thumb Code    26  main.o(i.Gizeits_Init)
    HardFault_Handler                        0x08000d29   Thumb Code     4  stm32f10x_it.o(i.HardFault_Handler)
    Key_GPIO_Config                          0x08000d2d   Thumb Code    54  bsp_key.o(i.Key_GPIO_Config)
    Key_Scan                                 0x08000d6d   Thumb Code    70  bsp_key.o(i.Key_Scan)
    MemManage_Handler                        0x08000dbd   Thumb Code     4  stm32f10x_it.o(i.MemManage_Handler)
    NMI_Handler                              0x08000dc1   Thumb Code     2  stm32f10x_it.o(i.NMI_Handler)
    NVIC_Init                                0x08000e11   Thumb Code   100  misc.o(i.NVIC_Init)
    NVIC_PriorityGroupConfig                 0x08000e81   Thumb Code    10  misc.o(i.NVIC_PriorityGroupConfig)
    PendSV_Handler                           0x08000e95   Thumb Code     2  stm32f10x_it.o(i.PendSV_Handler)
    RCC_APB1PeriphClockCmd                   0x08000e99   Thumb Code    26  stm32f10x_rcc.o(i.RCC_APB1PeriphClockCmd)
    RCC_APB2PeriphClockCmd                   0x08000eb9   Thumb Code    26  stm32f10x_rcc.o(i.RCC_APB2PeriphClockCmd)
    RCC_GetClocksFreq                        0x08000ed9   Thumb Code   192  stm32f10x_rcc.o(i.RCC_GetClocksFreq)
    SVC_Handler                              0x08000fad   Thumb Code     2  stm32f10x_it.o(i.SVC_Handler)
    SysTick_Handler                          0x08001099   Thumb Code     8  stm32f10x_it.o(i.SysTick_Handler)
    SysTick_Init                             0x080010a1   Thumb Code   106  bsp_systick.o(i.SysTick_Init)
    SystemInit                               0x0800111d   Thumb Code    78  system_stm32f10x.o(i.SystemInit)
    TIM3_IRQHandler                          0x0800117d   Thumb Code    26  timer.o(i.TIM3_IRQHandler)
    TIM3_Int_Init                            0x0800119d   Thumb Code    88  timer.o(i.TIM3_Int_Init)
    TIM4_IRQHandler                          0x080011f9   Thumb Code    34  timer.o(i.TIM4_IRQHandler)
    TIM_ClearITPendingBit                    0x08001229   Thumb Code     6  stm32f10x_tim.o(i.TIM_ClearITPendingBit)
    TIM_Cmd                                  0x0800122f   Thumb Code    24  stm32f10x_tim.o(i.TIM_Cmd)
    TIM_GetITStatus                          0x08001247   Thumb Code    34  stm32f10x_tim.o(i.TIM_GetITStatus)
    TIM_ITConfig                             0x08001269   Thumb Code    18  stm32f10x_tim.o(i.TIM_ITConfig)
    TIM_TimeBaseInit                         0x0800127d   Thumb Code   122  stm32f10x_tim.o(i.TIM_TimeBaseInit)
    TimingDelay_Decrement                    0x08001321   Thumb Code    18  bsp_systick.o(i.TimingDelay_Decrement)
    USART2_Config                            0x08001339   Thumb Code   144  bsp_usart2.o(i.USART2_Config)
    USART2_IRQHandler                        0x080013d1   Thumb Code    94  bsp_usart2.o(i.USART2_IRQHandler)
    USART3_Config                            0x0800143d   Thumb Code   136  bsp_usart3.o(i.USART3_Config)
    USART3_IRQHandler                        0x080014cd   Thumb Code    44  bsp_usart3.o(i.USART3_IRQHandler)
    USART_Cmd                                0x08001501   Thumb Code    24  stm32f10x_usart.o(i.USART_Cmd)
    USART_Config                             0x08001519   Thumb Code   120  bsp_usart.o(i.USART_Config)
    USART_GetFlagStatus                      0x08001599   Thumb Code    26  stm32f10x_usart.o(i.USART_GetFlagStatus)
    USART_GetITStatus                        0x080015b3   Thumb Code    84  stm32f10x_usart.o(i.USART_GetITStatus)
    USART_ITConfig                           0x08001607   Thumb Code    74  stm32f10x_usart.o(i.USART_ITConfig)
    USART_Init                               0x08001651   Thumb Code   210  stm32f10x_usart.o(i.USART_Init)
    USART_ReceiveData                        0x08001729   Thumb Code    10  stm32f10x_usart.o(i.USART_ReceiveData)
    USART_SendData                           0x08001733   Thumb Code     8  stm32f10x_usart.o(i.USART_SendData)
    UsageFault_Handler                       0x0800173b   Thumb Code     4  stm32f10x_it.o(i.UsageFault_Handler)
    __0printf$8                              0x08001741   Thumb Code    22  printf8.o(i.__0printf$8)
    __1printf$8                              0x08001741   Thumb Code     0  printf8.o(i.__0printf$8)
    __2printf                                0x08001741   Thumb Code     0  printf8.o(i.__0printf$8)
    __aeabi_errno_addr                       0x08001761   Thumb Code     4  errno.o(i.__aeabi_errno_addr)
    __rt_errno_addr                          0x08001761   Thumb Code     0  errno.o(i.__aeabi_errno_addr)
    __read_errno                             0x08001769   Thumb Code     6  errno.o(i.__read_errno)
    __scatterload_copy                       0x08001775   Thumb Code    14  handlers.o(i.__scatterload_copy)
    __scatterload_null                       0x08001783   Thumb Code     2  handlers.o(i.__scatterload_null)
    __scatterload_zeroinit                   0x08001785   Thumb Code    14  handlers.o(i.__scatterload_zeroinit)
    __set_errno                              0x08001795   Thumb Code     6  errno.o(i.__set_errno)
    _is_digit                                0x080017a1   Thumb Code    14  scanf_fp.o(i._is_digit)
    atof                                     0x08001c13   Thumb Code    42  atof.o(i.atof)
    cbIncr                                   0x08001c3d   Thumb Code    14  rx_data_queue.o(i.cbIncr)
    cbInit                                   0x08001c4b   Thumb Code    10  rx_data_queue.o(i.cbInit)
    cbIsEmpty                                0x08001c55   Thumb Code    18  rx_data_queue.o(i.cbIsEmpty)
    cbIsFull                                 0x08001c67   Thumb Code    22  rx_data_queue.o(i.cbIsFull)
    cbRead                                   0x08001c7d   Thumb Code    52  rx_data_queue.o(i.cbRead)
    cbReadFinish                             0x08001cb1   Thumb Code    26  rx_data_queue.o(i.cbReadFinish)
    cbWrite                                  0x08001ccb   Thumb Code    52  rx_data_queue.o(i.cbWrite)
    cbWriteFinish                            0x08001cff   Thumb Code     6  rx_data_queue.o(i.cbWriteFinish)
    exchangeBytes                            0x08001d05   Thumb Code    26  common.o(i.exchangeBytes)
    exchangeWord                             0x08001d1f   Thumb Code    26  common.o(i.exchangeWord)
    fputc                                    0x08001d39   Thumb Code    32  bsp_usart.o(i.fputc)
    gizAcrossByteJudge                       0x08001d5d   Thumb Code    42  datapointtools.o(i.gizAcrossByteJudge)
    gizByteOrderExchange                     0x08001d87   Thumb Code    50  datapointtools.o(i.gizByteOrderExchange)
    gizGetTimerCount                         0x08002255   Thumb Code     6  gizwits_product.o(i.gizGetTimerCount)
    gizProtocolSum                           0x08003079   Thumb Code    38  common.o(i.gizProtocolSum)
    gizPutData                               0x0800314d   Thumb Code    52  gizwits_protocol.o(i.gizPutData)
    gizStandardCompressValue                 0x08003295   Thumb Code   128  datapointtools.o(i.gizStandardCompressValue)
    gizStandardDecompressionValue            0x08003315   Thumb Code   194  datapointtools.o(i.gizStandardDecompressionValue)
    gizTimerMs                               0x080033d9   Thumb Code    12  gizwits_product.o(i.gizTimerMs)
    gizY2X                                   0x080033e9   Thumb Code    14  datapointtools.o(i.gizY2X)
    gizwitsEventProcess                      0x080033f9   Thumb Code   252  gizwits_product.o(i.gizwitsEventProcess)
    gizwitsGetNTP                            0x080035c9   Thumb Code    94  gizwits_protocol.o(i.gizwitsGetNTP)
    gizwitsHandle                            0x0800364d   Thumb Code   548  gizwits_protocol.o(i.gizwitsHandle)
    gizwitsInit                              0x08003969   Thumb Code    46  gizwits_protocol.o(i.gizwitsInit)
    gizwitsSetMode                           0x080039cd   Thumb Code   590  gizwits_protocol.o(i.gizwitsSetMode)
    main                                     0x08003c55   Thumb Code   144  main.o(i.main)
    mcuRestart                               0x08003d29   Thumb Code    38  gizwits_product.o(i.mcuRestart)
    pull_data_from_queue                     0x08003d59   Thumb Code   112  rx_data_queue.o(i.pull_data_from_queue)
    rbCanRead                                0x08003e1d   Thumb Code    56  ringbuffer.o(i.rbCanRead)
    rbCanWrite                               0x08003e55   Thumb Code    30  ringbuffer.o(i.rbCanWrite)
    rbCapacity                               0x08003e73   Thumb Code    14  ringbuffer.o(i.rbCapacity)
    rbCreate                                 0x08003e81   Thumb Code    22  ringbuffer.o(i.rbCreate)
    rbRead                                   0x08003e97   Thumb Code   162  ringbuffer.o(i.rbRead)
    rbWrite                                  0x08003f39   Thumb Code   154  ringbuffer.o(i.rbWrite)
    rx_queue_init                            0x08003fd5   Thumb Code   148  rx_data_queue.o(i.rx_queue_init)
    uartWrite                                0x080040b5   Thumb Code    82  gizwits_product.o(i.uartWrite)
    userHandle                               0x0800410d   Thumb Code    58  main.o(i.userHandle)
    __ctype_table                            0x08004160   Data         129  ctype_o.o(.constdata)
    Region$$Table$$Base                      0x08004274   Number         0  anon$$obj.o(Region$$Table)
    Region$$Table$$Limit                     0x08004294   Number         0  anon$$obj.o(Region$$Table)
    SystemCoreClock                          0x20000000   Data           4  system_stm32f10x.o(.data)
    AHBPrescTable                            0x20000004   Data          16  system_stm32f10x.o(.data)
    key_num                                  0x2000002c   Data           4  main.o(.data)
    temp                                     0x20000030   Data           4  main.o(.data)
    humi                                     0x20000034   Data           4  main.o(.data)
    pm                                       0x20000038   Data           6  main.o(.data)
    light                                    0x2000003e   Data           7  main.o(.data)
    tempvalue                                0x20000048   Data           4  main.o(.data)
    humivalue                                0x2000004c   Data           4  main.o(.data)
    dustvalue                                0x20000050   Data           4  main.o(.data)
    lightvalue                               0x20000054   Data           4  main.o(.data)
    wifi_flag                                0x2000005c   Data           1  gizwits_product.o(.data)
    __stdout                                 0x20000070   Data           4  stdout.o(.data)
    currentDataPoint                         0x20000078   Data          27  main.o(.bss)
    redata                                   0x20000093   Data         100  main.o(.bss)
    node_data                                0x200000f8   Data          16  rx_data_queue.o(.bss)
    rx_queue                                 0x20000108   Data          28  rx_data_queue.o(.bss)
    node_buff                                0x20000124   Data        4096  rx_data_queue.o(.bss)
    gizwitsProtocol                          0x20001124   Data         336  gizwits_protocol.o(.bss)
    pRb                                      0x20001274   Data          16  gizwits_protocol.o(.bss)
    __initial_sp                             0x200016c0   Data           0  startup_stm32f10x_md.o(STACK)



==============================================================================

Memory Map of the image

  Image Entry point : 0x080000ed

  Load Region LR_IROM1 (Base: 0x08000000, Size: 0x0000430c, Max: 0x00010000, ABSOLUTE)

    Execution Region ER_IROM1 (Exec base: 0x08000000, Load base: 0x08000000, Size: 0x00004294, Max: 0x00010000, ABSOLUTE)

    Exec Addr    Load Addr    Size         Type   Attr      Idx    E Section Name        Object

    0x08000000   0x08000000   0x000000ec   Data   RO            3    RESET               startup_stm32f10x_md.o
    0x080000ec   0x080000ec   0x00000000   Code   RO         3962  * .ARM.Collect$$$$00000000  mc_w.l(entry.o)
    0x080000ec   0x080000ec   0x00000004   Code   RO         4252    .ARM.Collect$$$$00000001  mc_w.l(entry2.o)
    0x080000f0   0x080000f0   0x00000004   Code   RO         4255    .ARM.Collect$$$$00000004  mc_w.l(entry5.o)
    0x080000f4   0x080000f4   0x00000000   Code   RO         4257    .ARM.Collect$$$$00000008  mc_w.l(entry7b.o)
    0x080000f4   0x080000f4   0x00000000   Code   RO         4259    .ARM.Collect$$$$0000000A  mc_w.l(entry8b.o)
    0x080000f4   0x080000f4   0x00000008   Code   RO         4260    .ARM.Collect$$$$0000000B  mc_w.l(entry9a.o)
    0x080000fc   0x080000fc   0x00000000   Code   RO         4262    .ARM.Collect$$$$0000000D  mc_w.l(entry10a.o)
    0x080000fc   0x080000fc   0x00000000   Code   RO         4264    .ARM.Collect$$$$0000000F  mc_w.l(entry11a.o)
    0x080000fc   0x080000fc   0x00000004   Code   RO         4253    .ARM.Collect$$$$00002712  mc_w.l(entry2.o)
    0x08000100   0x08000100   0x00000024   Code   RO            4    .text               startup_stm32f10x_md.o
    0x08000124   0x08000124   0x00000024   Code   RO         3967    .text               mc_w.l(memcpya.o)
    0x08000148   0x08000148   0x00000024   Code   RO         3969    .text               mc_w.l(memseta.o)
    0x0800016c   0x0800016c   0x00000012   Code   RO         3973    .text               mc_w.l(strcpy.o)
    0x0800017e   0x0800017e   0x0000001a   Code   RO         4238    .text               mc_w.l(atoi.o)
    0x08000198   0x08000198   0x00000028   Code   RO         4248    .text               mf_w.l(ffixui.o)
    0x080001c0   0x080001c0   0x00000038   Code   RO         4250    .text               mf_w.l(d2f.o)
    0x080001f8   0x080001f8   0x00000062   Code   RO         4269    .text               mc_w.l(uldiv.o)
    0x0800025a   0x0800025a   0x00000002   PAD
    0x0800025c   0x0800025c   0x0000009c   Code   RO         4278    .text               mc_w.l(strtod.o)
    0x080002f8   0x080002f8   0x00000070   Code   RO         4280    .text               mc_w.l(strtol.o)
    0x08000368   0x08000368   0x00000000   Code   RO         4282    .text               mc_w.l(iusefp.o)
    0x08000368   0x08000368   0x0000006e   Code   RO         4283    .text               mf_w.l(fepilogue.o)
    0x080003d6   0x080003d6   0x000000e4   Code   RO         4287    .text               mf_w.l(dmul.o)
    0x080004ba   0x080004ba   0x000000de   Code   RO         4289    .text               mf_w.l(ddiv.o)
    0x08000598   0x08000598   0x00000024   Code   RO         4295    .text               mc_w.l(init.o)
    0x080005bc   0x080005bc   0x0000001e   Code   RO         4297    .text               mc_w.l(llshl.o)
    0x080005da   0x080005da   0x00000020   Code   RO         4299    .text               mc_w.l(llushr.o)
    0x080005fa   0x080005fa   0x00000002   PAD
    0x080005fc   0x080005fc   0x00000008   Code   RO         4305    .text               mc_w.l(ctype_o.o)
    0x08000604   0x08000604   0x00000012   Code   RO         4327    .text               mc_w.l(isspace_o.o)
    0x08000616   0x08000616   0x00000002   PAD
    0x08000618   0x08000618   0x00000338   Code   RO         4333    .text               mc_w.l(scanf_fp.o)
    0x08000950   0x08000950   0x00000040   Code   RO         4337    .text               mc_w.l(_sgetc.o)
    0x08000990   0x08000990   0x0000009e   Code   RO         4339    .text               mc_w.l(_strtoul.o)
    0x08000a2e   0x08000a2e   0x000000ba   Code   RO         4341    .text               mf_w.l(depilogue.o)
    0x08000ae8   0x08000ae8   0x0000001c   Code   RO         4346    .text               mc_w.l(_chval.o)
    0x08000b04   0x08000b04   0x00000018   Code   RO         4348    .text               mf_w.l(dfltul.o)
    0x08000b1c   0x08000b1c   0x00000004   Code   RO         3108    i.BusFault_Handler  stm32f10x_it.o
    0x08000b20   0x08000b20   0x00000002   Code   RO         3109    i.DebugMon_Handler  stm32f10x_it.o
    0x08000b22   0x08000b22   0x000000be   Code   RO         3512    i.Extraction_str    bsp_usart2.o
    0x08000be0   0x08000be0   0x00000116   Code   RO         1292    i.GPIO_Init         stm32f10x_gpio.o
    0x08000cf6   0x08000cf6   0x00000012   Code   RO         1296    i.GPIO_ReadInputDataBit  stm32f10x_gpio.o
    0x08000d08   0x08000d08   0x00000020   Code   RO         3276    i.Gizeits_Init      main.o
    0x08000d28   0x08000d28   0x00000004   Code   RO         3110    i.HardFault_Handler  stm32f10x_it.o
    0x08000d2c   0x08000d2c   0x00000040   Code   RO         3401    i.Key_GPIO_Config   bsp_key.o
    0x08000d6c   0x08000d6c   0x00000050   Code   RO         3402    i.Key_Scan          bsp_key.o
    0x08000dbc   0x08000dbc   0x00000004   Code   RO         3111    i.MemManage_Handler  stm32f10x_it.o
    0x08000dc0   0x08000dc0   0x00000002   Code   RO         3112    i.NMI_Handler       stm32f10x_it.o
    0x08000dc2   0x08000dc2   0x00000026   Code   RO         3343    i.NVIC_Configuration  bsp_usart3.o
    0x08000de8   0x08000de8   0x00000026   Code   RO         3513    i.NVIC_Configuration  bsp_usart2.o
    0x08000e0e   0x08000e0e   0x00000002   PAD
    0x08000e10   0x08000e10   0x00000070   Code   RO          137    i.NVIC_Init         misc.o
    0x08000e80   0x08000e80   0x00000014   Code   RO          138    i.NVIC_PriorityGroupConfig  misc.o
    0x08000e94   0x08000e94   0x00000002   Code   RO         3113    i.PendSV_Handler    stm32f10x_it.o
    0x08000e96   0x08000e96   0x00000002   PAD
    0x08000e98   0x08000e98   0x00000020   Code   RO         1708    i.RCC_APB1PeriphClockCmd  stm32f10x_rcc.o
    0x08000eb8   0x08000eb8   0x00000020   Code   RO         1710    i.RCC_APB2PeriphClockCmd  stm32f10x_rcc.o
    0x08000ed8   0x08000ed8   0x000000d4   Code   RO         1718    i.RCC_GetClocksFreq  stm32f10x_rcc.o
    0x08000fac   0x08000fac   0x00000002   Code   RO         3114    i.SVC_Handler       stm32f10x_it.o
    0x08000fae   0x08000fae   0x00000008   Code   RO           24    i.SetSysClock       system_stm32f10x.o
    0x08000fb6   0x08000fb6   0x00000002   PAD
    0x08000fb8   0x08000fb8   0x000000e0   Code   RO           25    i.SetSysClockTo72   system_stm32f10x.o
    0x08001098   0x08001098   0x00000008   Code   RO         3115    i.SysTick_Handler   stm32f10x_it.o
    0x080010a0   0x080010a0   0x0000007c   Code   RO         3172    i.SysTick_Init      bsp_systick.o
    0x0800111c   0x0800111c   0x00000060   Code   RO           27    i.SystemInit        system_stm32f10x.o
    0x0800117c   0x0800117c   0x00000020   Code   RO         3366    i.TIM3_IRQHandler   timer.o
    0x0800119c   0x0800119c   0x0000005c   Code   RO         3367    i.TIM3_Int_Init     timer.o
    0x080011f8   0x080011f8   0x00000030   Code   RO         3368    i.TIM4_IRQHandler   timer.o
    0x08001228   0x08001228   0x00000006   Code   RO         2337    i.TIM_ClearITPendingBit  stm32f10x_tim.o
    0x0800122e   0x0800122e   0x00000018   Code   RO         2342    i.TIM_Cmd           stm32f10x_tim.o
    0x08001246   0x08001246   0x00000022   Code   RO         2363    i.TIM_GetITStatus   stm32f10x_tim.o
    0x08001268   0x08001268   0x00000012   Code   RO         2367    i.TIM_ITConfig      stm32f10x_tim.o
    0x0800127a   0x0800127a   0x00000002   PAD
    0x0800127c   0x0800127c   0x000000a4   Code   RO         2413    i.TIM_TimeBaseInit  stm32f10x_tim.o
    0x08001320   0x08001320   0x00000018   Code   RO         3173    i.TimingDelay_Decrement  bsp_systick.o
    0x08001338   0x08001338   0x00000098   Code   RO         3514    i.USART2_Config     bsp_usart2.o
    0x080013d0   0x080013d0   0x0000006c   Code   RO         3515    i.USART2_IRQHandler  bsp_usart2.o
    0x0800143c   0x0800143c   0x00000090   Code   RO         3344    i.USART3_Config     bsp_usart3.o
    0x080014cc   0x080014cc   0x00000034   Code   RO         3345    i.USART3_IRQHandler  bsp_usart3.o
    0x08001500   0x08001500   0x00000018   Code   RO         2878    i.USART_Cmd         stm32f10x_usart.o
    0x08001518   0x08001518   0x00000080   Code   RO         3245    i.USART_Config      bsp_usart.o
    0x08001598   0x08001598   0x0000001a   Code   RO         2881    i.USART_GetFlagStatus  stm32f10x_usart.o
    0x080015b2   0x080015b2   0x00000054   Code   RO         2882    i.USART_GetITStatus  stm32f10x_usart.o
    0x08001606   0x08001606   0x0000004a   Code   RO         2884    i.USART_ITConfig    stm32f10x_usart.o
    0x08001650   0x08001650   0x000000d8   Code   RO         2885    i.USART_Init        stm32f10x_usart.o
    0x08001728   0x08001728   0x0000000a   Code   RO         2892    i.USART_ReceiveData  stm32f10x_usart.o
    0x08001732   0x08001732   0x00000008   Code   RO         2895    i.USART_SendData    stm32f10x_usart.o
    0x0800173a   0x0800173a   0x00000004   Code   RO         3116    i.UsageFault_Handler  stm32f10x_it.o
    0x0800173e   0x0800173e   0x00000002   PAD
    0x08001740   0x08001740   0x00000020   Code   RO         4184    i.__0printf$8       mc_w.l(printf8.o)
    0x08001760   0x08001760   0x00000008   Code   RO         4271    i.__aeabi_errno_addr  mc_w.l(errno.o)
    0x08001768   0x08001768   0x0000000c   Code   RO         4272    i.__read_errno      mc_w.l(errno.o)
    0x08001774   0x08001774   0x0000000e   Code   RO         4352    i.__scatterload_copy  mc_w.l(handlers.o)
    0x08001782   0x08001782   0x00000002   Code   RO         4353    i.__scatterload_null  mc_w.l(handlers.o)
    0x08001784   0x08001784   0x0000000e   Code   RO         4354    i.__scatterload_zeroinit  mc_w.l(handlers.o)
    0x08001792   0x08001792   0x00000002   PAD
    0x08001794   0x08001794   0x0000000c   Code   RO         4273    i.__set_errno       mc_w.l(errno.o)
    0x080017a0   0x080017a0   0x0000000e   Code   RO         4335    i._is_digit         mc_w.l(scanf_fp.o)
    0x080017ae   0x080017ae   0x00000002   PAD
    0x080017b0   0x080017b0   0x00000410   Code   RO         4191    i._printf_core      mc_w.l(printf8.o)
    0x08001bc0   0x08001bc0   0x00000024   Code   RO         4192    i._printf_post_padding  mc_w.l(printf8.o)
    0x08001be4   0x08001be4   0x0000002e   Code   RO         4193    i._printf_pre_padding  mc_w.l(printf8.o)
    0x08001c12   0x08001c12   0x0000002a   Code   RO         3959    i.atof              m_ws.l(atof.o)
    0x08001c3c   0x08001c3c   0x0000000e   Code   RO         3420    i.cbIncr            rx_data_queue.o
    0x08001c4a   0x08001c4a   0x0000000a   Code   RO         3421    i.cbInit            rx_data_queue.o
    0x08001c54   0x08001c54   0x00000012   Code   RO         3422    i.cbIsEmpty         rx_data_queue.o
    0x08001c66   0x08001c66   0x00000016   Code   RO         3423    i.cbIsFull          rx_data_queue.o
    0x08001c7c   0x08001c7c   0x00000034   Code   RO         3424    i.cbRead            rx_data_queue.o
    0x08001cb0   0x08001cb0   0x0000001a   Code   RO         3425    i.cbReadFinish      rx_data_queue.o
    0x08001cca   0x08001cca   0x00000034   Code   RO         3426    i.cbWrite           rx_data_queue.o
    0x08001cfe   0x08001cfe   0x00000006   Code   RO         3427    i.cbWriteFinish     rx_data_queue.o
    0x08001d04   0x08001d04   0x0000001a   Code   RO         3775    i.exchangeBytes     common.o
    0x08001d1e   0x08001d1e   0x0000001a   Code   RO         3776    i.exchangeWord      common.o
    0x08001d38   0x08001d38   0x00000024   Code   RO         3247    i.fputc             bsp_usart.o
    0x08001d5c   0x08001d5c   0x0000002a   Code   RO         3844    i.gizAcrossByteJudge  datapointtools.o
    0x08001d86   0x08001d86   0x00000032   Code   RO         3845    i.gizByteOrderExchange  datapointtools.o
    0x08001db8   0x08001db8   0x00000218   Code   RO         3615    i.gizCheckReport    gizwits_protocol.o
    0x08001fd0   0x08001fd0   0x000000dc   Code   RO         3616    i.gizDataPoint2Event  gizwits_protocol.o
    0x080020ac   0x080020ac   0x000000ec   Code   RO         3617    i.gizDataPoints2ReportData  gizwits_protocol.o
    0x08002198   0x08002198   0x000000bc   Code   RO         3618    i.gizDevReportPolicy  gizwits_protocol.o
    0x08002254   0x08002254   0x0000000c   Code   RO         3543    i.gizGetTimerCount  gizwits_product.o
    0x08002260   0x08002260   0x0000008c   Code   RO         3619    i.gizProtocolAckHandle  gizwits_protocol.o
    0x080022ec   0x080022ec   0x000000a0   Code   RO         3620    i.gizProtocolCommonAck  gizwits_protocol.o
    0x0800238c   0x0800238c   0x000000a4   Code   RO         3621    i.gizProtocolErrorCmd  gizwits_protocol.o
    0x08002430   0x08002430   0x0000017c   Code   RO         3622    i.gizProtocolGetDeviceInfo  gizwits_protocol.o
    0x080025ac   0x080025ac   0x000001a8   Code   RO         3623    i.gizProtocolGetOnePacket  gizwits_protocol.o
    0x08002754   0x08002754   0x00000050   Code   RO         3624    i.gizProtocolHeadInit  gizwits_protocol.o
    0x080027a4   0x080027a4   0x00000140   Code   RO         3625    i.gizProtocolIssuedDataAck  gizwits_protocol.o
    0x080028e4   0x080028e4   0x00000118   Code   RO         3626    i.gizProtocolIssuedProcess  gizwits_protocol.o
    0x080029fc   0x080029fc   0x0000005c   Code   RO         3627    i.gizProtocolModuleInfoHandle  gizwits_protocol.o
    0x08002a58   0x08002a58   0x00000504   Code   RO         3628    i.gizProtocolModuleStatus  gizwits_protocol.o
    0x08002f5c   0x08002f5c   0x00000084   Code   RO         3629    i.gizProtocolNTP    gizwits_protocol.o
    0x08002fe0   0x08002fe0   0x0000001c   Code   RO         3630    i.gizProtocolReboot  gizwits_protocol.o
    0x08002ffc   0x08002ffc   0x0000007c   Code   RO         3631    i.gizProtocolResendData  gizwits_protocol.o
    0x08003078   0x08003078   0x00000026   Code   RO         3778    i.gizProtocolSum    common.o
    0x0800309e   0x0800309e   0x00000002   PAD
    0x080030a0   0x080030a0   0x00000064   Code   RO         3632    i.gizProtocolWaitAck  gizwits_protocol.o
    0x08003104   0x08003104   0x00000048   Code   RO         3633    i.gizProtocolWaitAckCheck  gizwits_protocol.o
    0x0800314c   0x0800314c   0x00000074   Code   RO         3634    i.gizPutData        gizwits_protocol.o
    0x080031c0   0x080031c0   0x000000d4   Code   RO         3635    i.gizReportData     gizwits_protocol.o
    0x08003294   0x08003294   0x00000080   Code   RO         3846    i.gizStandardCompressValue  datapointtools.o
    0x08003314   0x08003314   0x000000c2   Code   RO         3847    i.gizStandardDecompressionValue  datapointtools.o
    0x080033d6   0x080033d6   0x00000002   PAD
    0x080033d8   0x080033d8   0x00000010   Code   RO         3544    i.gizTimerMs        gizwits_product.o
    0x080033e8   0x080033e8   0x0000000e   Code   RO         3852    i.gizY2X            datapointtools.o
    0x080033f6   0x080033f6   0x00000002   PAD
    0x080033f8   0x080033f8   0x000001d0   Code   RO         3545    i.gizwitsEventProcess  gizwits_product.o
    0x080035c8   0x080035c8   0x00000084   Code   RO         3637    i.gizwitsGetNTP     gizwits_protocol.o
    0x0800364c   0x0800364c   0x0000031c   Code   RO         3638    i.gizwitsHandle     gizwits_protocol.o
    0x08003968   0x08003968   0x00000064   Code   RO         3639    i.gizwitsInit       gizwits_protocol.o
    0x080039cc   0x080039cc   0x00000288   Code   RO         3641    i.gizwitsSetMode    gizwits_protocol.o
    0x08003c54   0x08003c54   0x000000d4   Code   RO         3277    i.main              main.o
    0x08003d28   0x08003d28   0x00000030   Code   RO         3546    i.mcuRestart        gizwits_product.o
    0x08003d58   0x08003d58   0x000000c4   Code   RO         3428    i.pull_data_from_queue  rx_data_queue.o
    0x08003e1c   0x08003e1c   0x00000038   Code   RO         3910    i.rbCanRead         ringbuffer.o
    0x08003e54   0x08003e54   0x0000001e   Code   RO         3911    i.rbCanWrite        ringbuffer.o
    0x08003e72   0x08003e72   0x0000000e   Code   RO         3912    i.rbCapacity        ringbuffer.o
    0x08003e80   0x08003e80   0x00000016   Code   RO         3913    i.rbCreate          ringbuffer.o
    0x08003e96   0x08003e96   0x000000a2   Code   RO         3915    i.rbRead            ringbuffer.o
    0x08003f38   0x08003f38   0x0000009a   Code   RO         3916    i.rbWrite           ringbuffer.o
    0x08003fd2   0x08003fd2   0x00000002   PAD
    0x08003fd4   0x08003fd4   0x000000e0   Code   RO         3430    i.rx_queue_init     rx_data_queue.o
    0x080040b4   0x080040b4   0x00000058   Code   RO         3547    i.uartWrite         gizwits_product.o
    0x0800410c   0x0800410c   0x00000054   Code   RO         3278    i.userHandle        main.o
    0x08004160   0x08004160   0x00000081   Data   RO         4306    .constdata          mc_w.l(ctype_o.o)
    0x080041e1   0x080041e1   0x00000003   PAD
    0x080041e4   0x080041e4   0x00000004   Data   RO         4307    .constdata          mc_w.l(ctype_o.o)
    0x080041e8   0x080041e8   0x0000008c   Data   RO         3432    .conststring        rx_data_queue.o
    0x08004274   0x08004274   0x00000020   Data   RO         4350    Region$$Table       anon$$obj.o


    Execution Region RW_IRAM1 (Exec base: 0x20000000, Load base: 0x08004294, Size: 0x000016c0, Max: 0x00005000, ABSOLUTE)

    Exec Addr    Load Addr    Size         Type   Attr      Idx    E Section Name        Object

    0x20000000   0x08004294   0x00000014   Data   RW           28    .data               system_stm32f10x.o
    0x20000014   0x080042a8   0x00000014   Data   RW         1738    .data               stm32f10x_rcc.o
    0x20000028   0x080042bc   0x00000004   Data   RW         3174    .data               bsp_systick.o
    0x2000002c   0x080042c0   0x0000002c   Data   RW         3280    .data               main.o
    0x20000058   0x080042ec   0x00000005   Data   RW         3549    .data               gizwits_product.o
    0x2000005d   0x080042f1   0x00000003   PAD
    0x20000060   0x080042f4   0x00000010   Data   RW         3643    .data               gizwits_protocol.o
    0x20000070   0x08004304   0x00000004   Data   RW         4266    .data               mc_w.l(stdout.o)
    0x20000074   0x08004308   0x00000004   Data   RW         4274    .data               mc_w.l(errno.o)
    0x20000078        -       0x0000007f   Zero   RW         3279    .bss                main.o
    0x200000f7   0x0800430c   0x00000001   PAD
    0x200000f8        -       0x0000102c   Zero   RW         3431    .bss                rx_data_queue.o
    0x20001124        -       0x0000019c   Zero   RW         3642    .bss                gizwits_protocol.o
    0x200012c0        -       0x00000400   Zero   RW            1    STACK               startup_stm32f10x_md.o


==============================================================================

Image component sizes


      Code (inc. data)   RO Data    RW Data    ZI Data      Debug   Object Name

       144         20          0          0          0       1073   bsp_key.o
       148         24          0          4          0      16886   bsp_systick.o
       164         12          0          0          0       2439   bsp_usart.o
       488         22          0          0          0       2617   bsp_usart2.o
       234         16          0          0          0       1664   bsp_usart3.o
        90          0          0          0          0       2192   common.o
         0          0          0          0          0       4496   core_cm3.o
       428          0          0          0          0       4548   datapointtools.o
       628        258          0          5          0      26358   gizwits_product.o
      6964       2234          0         16        412      20198   gizwits_protocol.o
       328        100          0         44        127      12844   main.o
       132         22          0          0          0       1599   misc.o
       438          0          0          0          0       4248   ringbuffer.o
       620        160        140          0       4140       8010   rx_data_queue.o
        36          8        236          0       1024        872   startup_stm32f10x_md.o
       296          0          0          0          0       2644   stm32f10x_gpio.o
        32          0          0          0          0       4082   stm32f10x_it.o
       276         32          0         20          0       4542   stm32f10x_rcc.o
       246         42          0          0          0       3678   stm32f10x_tim.o
       442          6          0          0          0       6333   stm32f10x_usart.o
       328         28          0         20          0     249493   system_stm32f10x.o
       172         24          0          0          0       1648   timer.o

    ----------------------------------------------------------------------
     12652       3008        408        112       5704     382464   Object Totals
         0          0         32          0          0          0   (incl. Generated)
        18          0          0          3          1          0   (incl. Padding)

    ----------------------------------------------------------------------

      Code (inc. data)   RO Data    RW Data    ZI Data      Debug   Library Member Name

        42          0          0          0          0         84   atof.o
        28          0          0          0          0         68   _chval.o
        64          0          0          0          0         84   _sgetc.o
       158          0          0          0          0         92   _strtoul.o
        26          0          0          0          0         80   atoi.o
         8          4        133          0          0         68   ctype_o.o
         0          0          0          0          0          0   entry.o
         0          0          0          0          0          0   entry10a.o
         0          0          0          0          0          0   entry11a.o
         8          4          0          0          0          0   entry2.o
         4          0          0          0          0          0   entry5.o
         0          0          0          0          0          0   entry7b.o
         0          0          0          0          0          0   entry8b.o
         8          4          0          0          0          0   entry9a.o
        32         16          0          4          0        204   errno.o
        30          0          0          0          0          0   handlers.o
        36          8          0          0          0         68   init.o
        18          0          0          0          0         76   isspace_o.o
         0          0          0          0          0          0   iusefp.o
        30          0          0          0          0         68   llshl.o
        32          0          0          0          0         68   llushr.o
        36          0          0          0          0         68   memcpya.o
        36          0          0          0          0        108   memseta.o
      1154         54          0          0          0        352   printf8.o
       838         12          0          0          0        216   scanf_fp.o
         0          0          0          4          0          0   stdout.o
        18          0          0          0          0         68   strcpy.o
       156         14          0          0          0        120   strtod.o
       112          0          0          0          0         88   strtol.o
        98          0          0          0          0         92   uldiv.o
        56          0          0          0          0         88   d2f.o
       222          0          0          0          0        100   ddiv.o
       186          0          0          0          0        176   depilogue.o
        24          0          0          0          0         76   dfltul.o
       228          0          0          0          0         96   dmul.o
       110          0          0          0          0        168   fepilogue.o
        40          0          0          0          0         68   ffixui.o

    ----------------------------------------------------------------------
      3848        116        136          8          0       2844   Library Totals
        10          0          3          0          0          0   (incl. Padding)

    ----------------------------------------------------------------------

      Code (inc. data)   RO Data    RW Data    ZI Data      Debug   Library Name

        42          0          0          0          0         84   m_ws.l
      2930        116        133          8          0       1988   mc_w.l
       866          0          0          0          0        772   mf_w.l

    ----------------------------------------------------------------------
      3848        116        136          8          0       2844   Library Totals

    ----------------------------------------------------------------------

==============================================================================


      Code (inc. data)   RO Data    RW Data    ZI Data      Debug   

     16500       3124        544        120       5704     378804   Grand Totals
     16500       3124        544        120       5704     378804   ELF Image Totals
     16500       3124        544        120          0          0   ROM Totals

==============================================================================

    Total RO  Size (Code + RO Data)                17044 (  16.64kB)
    Total RW  Size (RW Data + ZI Data)              5824 (   5.69kB)
    Total ROM Size (Code + RO Data + RW Data)      17164 (  16.76kB)

==============================================================================

