Component: ARM Compiler 5.06 update 1 (build 61) Tool: armlink [4d35a8]

==============================================================================

Section Cross References

    main.o(i.Gizetis_Init) refers to timer.o(i.TIM3_Int_Init) for TIM3_Int_Init
    main.o(i.Gizetis_Init) refers to memseta.o(.text) for __aeabi_memclr
    main.o(i.Gizetis_Init) refers to gizwits_protocol.o(i.gizwitsInit) for gizwitsInit
    main.o(i.Gizetis_Init) refers to main.o(.bss) for currentDataPoint
    main.o(i.main) refers to bsp_usart2.o(i.USART2_Config) for USART2_Config
    main.o(i.main) refers to misc.o(i.NVIC_PriorityGroupConfig) for NVIC_PriorityGroupConfig
    main.o(i.main) refers to delay.o(i.delay_init) for delay_init
    main.o(i.main) refers to usart.o(i.uart_init) for uart_init
    main.o(i.main) refers to usart3.o(i.usart3_init) for usart3_init
    main.o(i.main) refers to rx_data_queue.o(i.rx_queue_init) for rx_queue_init
    main.o(i.main) refers to key.o(i.KEY_Init) for KEY_Init
    main.o(i.main) refers to main.o(i.Gizetis_Init) for Gizetis_Init
    main.o(i.main) refers to printf8.o(i.__0printf$8) for __2printf
    main.o(i.main) refers to rx_data_queue.o(i.pull_data_from_queue) for pull_data_from_queue
    main.o(i.main) refers to bsp_usart2.o(i.Extraction_str) for Extraction_str
    main.o(i.main) refers to atoi.o(.text) for atoi
    main.o(i.main) refers to atof.o(i.atof) for atof
    main.o(i.main) refers to d2f.o(.text) for __aeabi_d2f
    main.o(i.main) refers to key.o(i.KEY_Scan) for KEY_Scan
    main.o(i.main) refers to gizwits_protocol.o(i.gizwitsSetMode) for gizwitsSetMode
    main.o(i.main) refers to main.o(i.userHandle) for userHandle
    main.o(i.main) refers to gizwits_protocol.o(i.gizwitsHandle) for gizwitsHandle
    main.o(i.main) refers to main.o(.data) for light
    main.o(i.main) refers to rx_data_queue.o(.bss) for redata
    main.o(i.main) refers to main.o(.bss) for currentDataPoint
    main.o(i.userHandle) refers to ffixui.o(.text) for __aeabi_f2uiz
    main.o(i.userHandle) refers to gizwits_product.o(.data) for wifi_flag
    main.o(i.userHandle) refers to main.o(.data) for tempvalue
    main.o(i.userHandle) refers to main.o(.bss) for currentDataPoint
    system_stm32f10x.o(i.SetSysClock) refers to system_stm32f10x.o(i.SetSysClockTo72) for SetSysClockTo72
    system_stm32f10x.o(i.SystemCoreClockUpdate) refers to system_stm32f10x.o(.data) for SystemCoreClock
    system_stm32f10x.o(i.SystemInit) refers to system_stm32f10x.o(i.SetSysClock) for SetSysClock
    delay.o(i.delay_init) refers to misc.o(i.SysTick_CLKSourceConfig) for SysTick_CLKSourceConfig
    delay.o(i.delay_init) refers to system_stm32f10x.o(.data) for SystemCoreClock
    delay.o(i.delay_init) refers to delay.o(.data) for fac_us
    delay.o(i.delay_ms) refers to delay.o(.data) for fac_ms
    delay.o(i.delay_us) refers to delay.o(.data) for fac_us
    usart.o(i.USART1_IRQHandler) refers to stm32f10x_usart.o(i.USART_GetITStatus) for USART_GetITStatus
    usart.o(i.USART1_IRQHandler) refers to stm32f10x_usart.o(i.USART_ReceiveData) for USART_ReceiveData
    usart.o(i.USART1_IRQHandler) refers to usart.o(.data) for USART_RX_STA
    usart.o(i.USART1_IRQHandler) refers to usart.o(.bss) for USART_RX_BUF
    usart.o(i.uart_init) refers to stm32f10x_rcc.o(i.RCC_APB2PeriphClockCmd) for RCC_APB2PeriphClockCmd
    usart.o(i.uart_init) refers to stm32f10x_gpio.o(i.GPIO_Init) for GPIO_Init
    usart.o(i.uart_init) refers to misc.o(i.NVIC_Init) for NVIC_Init
    usart.o(i.uart_init) refers to stm32f10x_usart.o(i.USART_Init) for USART_Init
    usart.o(i.uart_init) refers to stm32f10x_usart.o(i.USART_ITConfig) for USART_ITConfig
    usart.o(i.uart_init) refers to stm32f10x_usart.o(i.USART_Cmd) for USART_Cmd
    startup_stm32f10x_md.o(RESET) refers to startup_stm32f10x_md.o(STACK) for __initial_sp
    startup_stm32f10x_md.o(RESET) refers to startup_stm32f10x_md.o(.text) for Reset_Handler
    startup_stm32f10x_md.o(RESET) refers to stm32f10x_it.o(i.NMI_Handler) for NMI_Handler
    startup_stm32f10x_md.o(RESET) refers to stm32f10x_it.o(i.HardFault_Handler) for HardFault_Handler
    startup_stm32f10x_md.o(RESET) refers to stm32f10x_it.o(i.MemManage_Handler) for MemManage_Handler
    startup_stm32f10x_md.o(RESET) refers to stm32f10x_it.o(i.BusFault_Handler) for BusFault_Handler
    startup_stm32f10x_md.o(RESET) refers to stm32f10x_it.o(i.UsageFault_Handler) for UsageFault_Handler
    startup_stm32f10x_md.o(RESET) refers to stm32f10x_it.o(i.SVC_Handler) for SVC_Handler
    startup_stm32f10x_md.o(RESET) refers to stm32f10x_it.o(i.DebugMon_Handler) for DebugMon_Handler
    startup_stm32f10x_md.o(RESET) refers to stm32f10x_it.o(i.PendSV_Handler) for PendSV_Handler
    startup_stm32f10x_md.o(RESET) refers to stm32f10x_it.o(i.SysTick_Handler) for SysTick_Handler
    startup_stm32f10x_md.o(RESET) refers to timer.o(i.TIM3_IRQHandler) for TIM3_IRQHandler
    startup_stm32f10x_md.o(RESET) refers to usart.o(i.USART1_IRQHandler) for USART1_IRQHandler
[...]
    Removing stm32f10x_tim.o(i.TIM_OC2Init), (164 bytes).
    Removing stm32f10x_tim.o(i.TIM_OC2NPolarityConfig), (26 bytes).
    Removing stm32f10x_tim.o(i.TIM_OC2PolarityConfig), (26 bytes).
    Removing stm32f10x_tim.o(i.TIM_OC2PreloadConfig), (26 bytes).
    Removing stm32f10x_tim.o(i.TIM_OC3FastConfig), (18 bytes).
    Removing stm32f10x_tim.o(i.TIM_OC3Init), (160 bytes).
    Removing stm32f10x_tim.o(i.TIM_OC3NPolarityConfig), (26 bytes).
    Removing stm32f10x_tim.o(i.TIM_OC3PolarityConfig), (26 bytes).
    Removing stm32f10x_tim.o(i.TIM_OC3PreloadConfig), (18 bytes).
    Removing stm32f10x_tim.o(i.TIM_OC4FastConfig), (26 bytes).
    Removing stm32f10x_tim.o(i.TIM_OC4Init), (124 bytes).
    Removing stm32f10x_tim.o(i.TIM_OC4PolarityConfig), (26 bytes).
    Removing stm32f10x_tim.o(i.TIM_OC4PreloadConfig), (26 bytes).
    Removing stm32f10x_tim.o(i.TIM_OCStructInit), (20 bytes).
    Removing stm32f10x_tim.o(i.TIM_PWMIConfig), (124 bytes).
    Removing stm32f10x_tim.o(i.TIM_PrescalerConfig), (6 bytes).
    Removing stm32f10x_tim.o(i.TIM_SelectCCDMA), (24 bytes).
    Removing stm32f10x_tim.o(i.TIM_SelectCOM), (24 bytes).
    Removing stm32f10x_tim.o(i.TIM_SelectHallSensor), (24 bytes).
    Removing stm32f10x_tim.o(i.TIM_SelectInputTrigger), (18 bytes).
    Removing stm32f10x_tim.o(i.TIM_SelectMasterSlaveMode), (18 bytes).
    Removing stm32f10x_tim.o(i.TIM_SelectOCxM), (82 bytes).
    Removing stm32f10x_tim.o(i.TIM_SelectOnePulseMode), (18 bytes).
    Removing stm32f10x_tim.o(i.TIM_SelectOutputTrigger), (18 bytes).
    Removing stm32f10x_tim.o(i.TIM_SelectSlaveMode), (18 bytes).
    Removing stm32f10x_tim.o(i.TIM_SetAutoreload), (4 bytes).
    Removing stm32f10x_tim.o(i.TIM_SetClockDivision), (18 bytes).
    Removing stm32f10x_tim.o(i.TIM_SetCompare1), (4 bytes).
    Removing stm32f10x_tim.o(i.TIM_SetCompare2), (4 bytes).
    Removing stm32f10x_tim.o(i.TIM_SetCompare3), (4 bytes).
    Removing stm32f10x_tim.o(i.TIM_SetCompare4), (6 bytes).
    Removing stm32f10x_tim.o(i.TIM_SetCounter), (4 bytes).
    Removing stm32f10x_tim.o(i.TIM_SetIC1Prescaler), (18 bytes).
    Removing stm32f10x_tim.o(i.TIM_SetIC2Prescaler), (26 bytes).
    Removing stm32f10x_tim.o(i.TIM_SetIC3Prescaler), (18 bytes).
    Removing stm32f10x_tim.o(i.TIM_SetIC4Prescaler), (26 bytes).
    Removing stm32f10x_tim.o(i.TIM_TIxExternalClockConfig), (62 bytes).
    Removing stm32f10x_tim.o(i.TIM_TimeBaseStructInit), (18 bytes).
    Removing stm32f10x_tim.o(i.TIM_UpdateDisableConfig), (24 bytes).
    Removing stm32f10x_tim.o(i.TIM_UpdateRequestConfig), (24 bytes).
    Removing stm32f10x_usart.o(i.USART_ClearFlag), (18 bytes).
    Removing stm32f10x_usart.o(i.USART_ClockInit), (34 bytes).
    Removing stm32f10x_usart.o(i.USART_ClockStructInit), (12 bytes).
    Removing stm32f10x_usart.o(i.USART_DMACmd), (18 bytes).
    Removing stm32f10x_usart.o(i.USART_HalfDuplexCmd), (24 bytes).
    Removing stm32f10x_usart.o(i.USART_IrDACmd), (24 bytes).
    Removing stm32f10x_usart.o(i.USART_IrDAConfig), (18 bytes).
    Removing stm32f10x_usart.o(i.USART_LINBreakDetectLengthConfig), (18 bytes).
    Removing stm32f10x_usart.o(i.USART_LINCmd), (24 bytes).
    Removing stm32f10x_usart.o(i.USART_OneBitMethodCmd), (24 bytes).
    Removing stm32f10x_usart.o(i.USART_OverSampling8Cmd), (22 bytes).
    Removing stm32f10x_usart.o(i.USART_ReceiverWakeUpCmd), (24 bytes).
    Removing stm32f10x_usart.o(i.USART_SendBreak), (10 bytes).
    Removing stm32f10x_usart.o(i.USART_SetAddress), (18 bytes).
    Removing stm32f10x_usart.o(i.USART_SetGuardTime), (16 bytes).
    Removing stm32f10x_usart.o(i.USART_SetPrescaler), (16 bytes).
    Removing stm32f10x_usart.o(i.USART_SmartCardCmd), (24 bytes).
    Removing stm32f10x_usart.o(i.USART_SmartCardNACKCmd), (24 bytes).
    Removing stm32f10x_usart.o(i.USART_StructInit), (24 bytes).
    Removing stm32f10x_usart.o(i.USART_WakeUpConfig), (18 bytes).
    Removing stm32f10x_wwdg.o(i.WWDG_ClearFlag), (12 bytes).
    Removing stm32f10x_wwdg.o(i.WWDG_DeInit), (22 bytes).
    Removing stm32f10x_wwdg.o(i.WWDG_Enable), (16 bytes).
    Removing stm32f10x_wwdg.o(i.WWDG_EnableIT), (12 bytes).
    Removing stm32f10x_wwdg.o(i.WWDG_GetFlagStatus), (12 bytes).
    Removing stm32f10x_wwdg.o(i.WWDG_SetCounter), (16 bytes).
    Removing stm32f10x_wwdg.o(i.WWDG_SetPrescaler), (24 bytes).
    Removing stm32f10x_wwdg.o(i.WWDG_SetWindowValue), (40 bytes).
    Removing usart3.o(i.u2_printf), (80 bytes).
    Removing usart3.o(.bss), (800 bytes).
    Removing usart3.o(.data), (2 bytes).
    Removing rx_data_queue.o(i.camera_queue_free), (36 bytes).
    Removing rx_data_queue.o(i.push_data_to_queue), (244 bytes).
    Removing gizwits_product.o(i.TIMER_IRQ_FUN), (8 bytes).
    Removing gizwits_product.o(i.UART_IRQ_FUN), (16 bytes).
    Removing gizwits_product.o(i.userInit), (16 bytes).
    Removing gizwits_protocol.o(i.gizwitsGetModuleInfo), (136 bytes).
    Removing gizwits_protocol.o(i.gizwitsGetNTP), (132 bytes).
    Removing gizwits_protocol.o(i.gizwitsPassthroughData), (240 bytes).
    Removing common.o(i.char2hex), (106 bytes).
    Removing common.o(i.checkStringIsNotZero), (46 bytes).
    Removing common.o(i.get_yeardays), (24 bytes).
    Removing common.o(i.hex2Str), (82 bytes).
    Removing common.o(i.isleap), (52 bytes).
    Removing common.o(i.returnNtp2Wt), (284 bytes).
    Removing common.o(i.returnWeekDay), (156 bytes).
    Removing common.o(i.str2Hex), (80 bytes).
    Removing common.o(.constdata), (48 bytes).
    Removing datapointtools.o(i.gizVarlenCompressValue), (124 bytes).
    Removing datapointtools.o(i.gizVarlenDecompressionValue), (196 bytes).
    Removing datapointtools.o(i.gizX2Y), (12 bytes).
    Removing datapointtools.o(i.gizX2YFloat), (42 bytes).
    Removing datapointtools.o(i.gizY2XFloat), (42 bytes).
    Removing ringbuffer.o(i.rbDelete), (24 bytes).
    Removing fadd.o(.text), (176 bytes).
    Removing fmul.o(.text), (100 bytes).
    Removing fdiv.o(.text), (124 bytes).
    Removing ffltui.o(.text), (10 bytes).
    Removing dadd.o(.text), (334 bytes).
    Removing dfixul.o(.text), (48 bytes).
    Removing cdrcmple.o(.text), (48 bytes).

491 unused section(s) (total 22186 bytes) removed from the image.

==============================================================================

Image Symbol Table

    Local Symbols

    Symbol Name                              Value     Ov Type        Size  Object(Section)

    ../clib/microlib/ctype/ctype.c           0x00000000   Number         0  islower_o.o ABSOLUTE
    ../clib/microlib/ctype/ctype.c           0x00000000   Number         0  isblank_o.o ABSOLUTE
    ../clib/microlib/ctype/ctype.c           0x00000000   Number         0  isalpha_o.o ABSOLUTE
    ../clib/microlib/ctype/ctype.c           0x00000000   Number         0  isalnum_o.o ABSOLUTE
    ../clib/microlib/ctype/ctype.c           0x00000000   Number         0  isspace_c.o ABSOLUTE
    ../clib/microlib/ctype/ctype.c           0x00000000   Number         0  ctype_c.o ABSOLUTE
    ../clib/microlib/ctype/ctype.c           0x00000000   Number         0  isxdigit_o.o ABSOLUTE
    ../clib/microlib/ctype/ctype.c           0x00000000   Number         0  isgraph_o.o ABSOLUTE
    ../clib/microlib/ctype/ctype.c           0x00000000   Number         0  isupper_o.o ABSOLUTE
    ../clib/microlib/ctype/ctype.c           0x00000000   Number         0  isspace_o.o ABSOLUTE
    ../clib/microlib/ctype/ctype.c           0x00000000   Number         0  ispunct_o.o ABSOLUTE
    ../clib/microlib/ctype/ctype.c           0x00000000   Number         0  isprint_o.o ABSOLUTE
    ../clib/microlib/ctype/ctype.c           0x00000000   Number         0  ctype_o.o ABSOLUTE
    ../clib/microlib/ctype/ctype.c           0x00000000   Number         0  isdigit_o.o ABSOLUTE
    ../clib/microlib/ctype/ctype.c           0x00000000   Number         0  iscntrl_o.o ABSOLUTE
    ../clib/microlib/ctype/toupper.c         0x00000000   Number         0  toupper.o ABSOLUTE
    ../clib/microlib/division.c              0x00000000   Number         0  uidiv.o ABSOLUTE
    ../clib/microlib/division.c              0x00000000   Number         0  uldiv.o ABSOLUTE
    ../clib/microlib/errno.c                 0x00000000   Number         0  errno.o ABSOLUTE
    ../clib/microlib/init/entry.s            0x00000000   Number         0  entry10a.o ABSOLUTE
    ../clib/microlib/init/entry.s            0x00000000   Number         0  entry11b.o ABSOLUTE
    ../clib/microlib/init/entry.s            0x00000000   Number         0  entry11a.o ABSOLUTE
    ../clib/microlib/init/entry.s            0x00000000   Number         0  entry2.o ABSOLUTE
    ../clib/microlib/init/entry.s            0x00000000   Number         0  entry10b.o ABSOLUTE
    ../clib/microlib/init/entry.s            0x00000000   Number         0  entry9b.o ABSOLUTE
    ../clib/microlib/init/entry.s            0x00000000   Number         0  entry9a.o ABSOLUTE
    ../clib/microlib/init/entry.s            0x00000000   Number         0  entry8b.o ABSOLUTE
    ../clib/microlib/init/entry.s            0x00000000   Number         0  entry8a.o ABSOLUTE
    ../clib/microlib/init/entry.s            0x00000000   Number         0  entry7b.o ABSOLUTE
    ../clib/microlib/init/entry.s            0x00000000   Number         0  entry7a.o ABSOLUTE
    ../clib/microlib/init/entry.s            0x00000000   Number         0  entry.o ABSOLUTE
    ../clib/microlib/init/entry.s            0x00000000   Number         0  entry5.o ABSOLUTE
    ../clib/microlib/longlong.c              0x00000000   Number         0  llushr.o ABSOLUTE
    ../clib/microlib/longlong.c              0x00000000   Number         0  llsshr.o ABSOLUTE
    ../clib/microlib/longlong.c              0x00000000   Number         0  llshl.o ABSOLUTE
    ../clib/microlib/printf/printf.c         0x00000000   Number         0  printf4.o ABSOLUTE
    ../clib/microlib/printf/printf.c         0x00000000   Number         0  printf3.o ABSOLUTE
    ../clib/microlib/printf/printf.c         0x00000000   Number         0  printf2.o ABSOLUTE
    ../clib/microlib/printf/printf.c         0x00000000   Number         0  printfa.o ABSOLUTE
    ../clib/microlib/printf/printf.c         0x00000000   Number         0  printf1.o ABSOLUTE
    ../clib/microlib/printf/printf.c         0x00000000   Number         0  printf0.o ABSOLUTE
    ../clib/microlib/printf/printf.c         0x00000000   Number         0  printfb.o ABSOLUTE
    ../clib/microlib/printf/printf.c         0x00000000   Number         0  printf8.o ABSOLUTE
    ../clib/microlib/printf/printf.c         0x00000000   Number         0  printf7.o ABSOLUTE
    ../clib/microlib/printf/printf.c         0x00000000   Number         0  printf6.o ABSOLUTE
    ../clib/microlib/printf/printf.c         0x00000000   Number         0  printf5.o ABSOLUTE
    ../clib/microlib/printf/stubs.s          0x00000000   Number         0  stubs.o ABSOLUTE
    ../clib/microlib/string/memcpy.c         0x00000000   Number         0  memcpyb.o ABSOLUTE
    ../clib/microlib/string/memcpy.c         0x00000000   Number         0  memcpya.o ABSOLUTE
    ../clib/microlib/string/memset.c         0x00000000   Number         0  memseta.o ABSOLUTE
    ../clib/microlib/string/strcpy.c         0x00000000   Number         0  strcpy.o ABSOLUTE
    ../clib/microlib/string/strlen.c         0x00000000   Number         0  strlen.o ABSOLUTE
    ../clib/microlib/stubs.s                 0x00000000   Number         0  iusefp.o ABSOLUTE
    ../clib/microlib/stubs.s                 0x00000000   Number         0  useno.o ABSOLUTE
    ../clib/scanf.c                          0x00000000   Number         0  _strtoul.o ABSOLUTE
    ../clib/scanf.c                          0x00000000   Number         0  _sgetc.o ABSOLUTE
    ../clib/scanf.c                          0x00000000   Number         0  scanf_fp.o ABSOLUTE
    ../clib/scanf.c                          0x00000000   Number         0  strtol.o ABSOLUTE
    ../clib/scanf.c                          0x00000000   Number         0  _chval.o ABSOLUTE
    ../clib/scanf.c                          0x00000000   Number         0  atoi.o ABSOLUTE
    ../clib/scanf.c                          0x00000000   Number         0  strtod.o ABSOLUTE
    ../fplib/microlib/d2f.c                  0x00000000   Number         0  d2f.o ABSOLUTE
    ../fplib/microlib/fpadd.c                0x00000000   Number         0  fadd.o ABSOLUTE
    ../fplib/microlib/fpadd.c                0x00000000   Number         0  dadd.o ABSOLUTE
    ../fplib/microlib/fpdiv.c                0x00000000   Number         0  ddiv.o ABSOLUTE
    ../fplib/microlib/fpdiv.c                0x00000000   Number         0  fdiv.o ABSOLUTE
    ../fplib/microlib/fpepilogue.c           0x00000000   Number         0  fepilogue.o ABSOLUTE
    ../fplib/microlib/fpepilogue.c           0x00000000   Number         0  depilogue.o ABSOLUTE
    ../fplib/microlib/fpfix.c                0x00000000   Number         0  dfixul.o ABSOLUTE
    ../fplib/microlib/fpfix.c                0x00000000   Number         0  ffixui.o ABSOLUTE
    ../fplib/microlib/fpflt.c                0x00000000   Number         0  ffltui.o ABSOLUTE
    ../fplib/microlib/fpflt.c                0x00000000   Number         0  dfltul.o ABSOLUTE
    ../fplib/microlib/fpmul.c                0x00000000   Number         0  dmul.o ABSOLUTE
    ../fplib/microlib/fpmul.c                0x00000000   Number         0  fmul.o ABSOLUTE
    ../mathlib/atof.c                        0x00000000   Number         0  atof.o ABSOLUTE
    ..\CORE\STARTUP\startup_stm32f10x_md.s   0x00000000   Number         0  startup_stm32f10x_md.o ABSOLUTE
    ..\CORE\core_cm3.c                       0x00000000   Number         0  core_cm3.o ABSOLUTE
    ..\HARDWARE\Gizwits\gizwits_product.c    0x00000000   Number         0  gizwits_product.o ABSOLUTE
    ..\HARDWARE\Gizwits\gizwits_protocol.c   0x00000000   Number         0  gizwits_protocol.o ABSOLUTE
    ..\HARDWARE\KEY\key.c                    0x00000000   Number         0  key.o ABSOLUTE
    ..\HARDWARE\TIMER\timer.c                0x00000000   Number         0  timer.o ABSOLUTE
    ..\HARDWARE\USART3\usart3.c              0x00000000   Number         0  usart3.o ABSOLUTE
    ..\HARDWARE\Utils\common.c               0x00000000   Number         0  common.o ABSOLUTE
    ..\HARDWARE\Utils\dataPointTools.c       0x00000000   Number         0  datapointtools.o ABSOLUTE
    ..\HARDWARE\Utils\ringbuffer.c           0x00000000   Number         0  ringbuffer.o ABSOLUTE
    ..\HARDWARE\rx_data\rx_data_queue.c      0x00000000   Number         0  rx_data_queue.o ABSOLUTE
    ..\HARDWARE\usart2\bsp_usart2.c          0x00000000   Number         0  bsp_usart2.o ABSOLUTE
    ..\STM32F10x_FWLib\src\misc.c            0x00000000   Number         0  misc.o ABSOLUTE
    ..\STM32F10x_FWLib\src\stm32f10x_adc.c   0x00000000   Number         0  stm32f10x_adc.o ABSOLUTE
    ..\STM32F10x_FWLib\src\stm32f10x_bkp.c   0x00000000   Number         0  stm32f10x_bkp.o ABSOLUTE
    ..\STM32F10x_FWLib\src\stm32f10x_can.c   0x00000000   Number         0  stm32f10x_can.o ABSOLUTE
    ..\STM32F10x_FWLib\src\stm32f10x_cec.c   0x00000000   Number         0  stm32f10x_cec.o ABSOLUTE
    ..\STM32F10x_FWLib\src\stm32f10x_crc.c   0x00000000   Number         0  stm32f10x_crc.o ABSOLUTE
    ..\STM32F10x_FWLib\src\stm32f10x_dac.c   0x00000000   Number         0  stm32f10x_dac.o ABSOLUTE
    ..\STM32F10x_FWLib\src\stm32f10x_dbgmcu.c 0x00000000   Number         0  stm32f10x_dbgmcu.o ABSOLUTE
    ..\STM32F10x_FWLib\src\stm32f10x_dma.c   0x00000000   Number         0  stm32f10x_dma.o ABSOLUTE
    ..\STM32F10x_FWLib\src\stm32f10x_exti.c  0x00000000   Number         0  stm32f10x_exti.o ABSOLUTE
    ..\STM32F10x_FWLib\src\stm32f10x_flash.c 0x00000000   Number         0  stm32f10x_flash.o ABSOLUTE
    ..\STM32F10x_FWLib\src\stm32f10x_fsmc.c  0x00000000   Number         0  stm32f10x_fsmc.o ABSOLUTE
    ..\STM32F10x_FWLib\src\stm32f10x_gpio.c  0x00000000   Number         0  stm32f10x_gpio.o ABSOLUTE
    ..\STM32F10x_FWLib\src\stm32f10x_i2c.c   0x00000000   Number         0  stm32f10x_i2c.o ABSOLUTE
    ..\STM32F10x_FWLib\src\stm32f10x_iwdg.c  0x00000000   Number         0  stm32f10x_iwdg.o ABSOLUTE
    ..\STM32F10x_FWLib\src\stm32f10x_pwr.c   0x00000000   Number         0  stm32f10x_pwr.o ABSOLUTE
    ..\STM32F10x_FWLib\src\stm32f10x_rcc.c   0x00000000   Number         0  stm32f10x_rcc.o ABSOLUTE
    ..\STM32F10x_FWLib\src\stm32f10x_rtc.c   0x00000000   Number         0  stm32f10x_rtc.o ABSOLUTE
    ..\STM32F10x_FWLib\src\stm32f10x_sdio.c  0x00000000   Number         0  stm32f10x_sdio.o ABSOLUTE
    ..\STM32F10x_FWLib\src\stm32f10x_spi.c   0x00000000   Number         0  stm32f10x_spi.o ABSOLUTE
    ..\STM32F10x_FWLib\src\stm32f10x_tim.c   0x00000000   Number         0  stm32f10x_tim.o ABSOLUTE
    ..\STM32F10x_FWLib\src\stm32f10x_usart.c 0x00000000   Number         0  stm32f10x_usart.o ABSOLUTE
    ..\STM32F10x_FWLib\src\stm32f10x_wwdg.c  0x00000000   Number         0  stm32f10x_wwdg.o ABSOLUTE
    ..\SYSTEM\delay\delay.c                  0x00000000   Number         0  delay.o ABSOLUTE
    ..\SYSTEM\sys\sys.c                      0x00000000   Number         0  sys.o ABSOLUTE
    ..\SYSTEM\usart\usart.c                  0x00000000   Number         0  usart.o ABSOLUTE
    ..\\CORE\\core_cm3.c                     0x00000000   Number         0  core_cm3.o ABSOLUTE
    ..\\SYSTEM\\sys\\sys.c                   0x00000000   Number         0  sys.o ABSOLUTE
    cdrcmple.s                               0x00000000   Number         0  cdrcmple.o ABSOLUTE
    dc.s                                     0x00000000   Number         0  dc.o ABSOLUTE
    handlers.s                               0x00000000   Number         0  handlers.o ABSOLUTE
    init.s                                   0x00000000   Number         0  init.o ABSOLUTE
    main.c                                   0x00000000   Number         0  main.o ABSOLUTE
    stm32f10x_it.c                           0x00000000   Number         0  stm32f10x_it.o ABSOLUTE
    system_stm32f10x.c                       0x00000000   Number         0  system_stm32f10x.o ABSOLUTE
    RESET                                    0x08000000   Section      236  startup_stm32f10x_md.o(RESET)
    .ARM.Collect$$$$00000000                 0x080000ec   Section        0  entry.o(.ARM.Collect$$$$00000000)
    .ARM.Collect$$$$00000001                 0x080000ec   Section        4  entry2.o(.ARM.Collect$$$$00000001)
    .ARM.Collect$$$$00000004                 0x080000f0   Section        4  entry5.o(.ARM.Collect$$$$00000004)
    .ARM.Collect$$$$00000008                 0x080000f4   Section        0  entry7b.o(.ARM.Collect$$$$00000008)
    .ARM.Collect$$$$0000000A                 0x080000f4   Section        0  entry8b.o(.ARM.Collect$$$$0000000A)
    .ARM.Collect$$$$0000000B                 0x080000f4   Section        8  entry9a.o(.ARM.Collect$$$$0000000B)
    .ARM.Collect$$$$0000000D                 0x080000fc   Section        0  entry10a.o(.ARM.Collect$$$$0000000D)
    .ARM.Collect$$$$0000000F                 0x080000fc   Section        0  entry11a.o(.ARM.Collect$$$$0000000F)
    .ARM.Collect$$$$00002712                 0x080000fc   Section        4  entry2.o(.ARM.Collect$$$$00002712)
    __lit__00000000                          0x080000fc   Data           4  entry2.o(.ARM.Collect$$$$00002712)
    .text                                    0x08000100   Section       36  startup_stm32f10x_md.o(.text)
    .text                                    0x08000124   Section        0  memcpya.o(.text)
    .text                                    0x08000148   Section        0  memseta.o(.text)
    .text                                    0x0800016c   Section        0  strcpy.o(.text)
    .text                                    0x0800017e   Section        0  atoi.o(.text)
    .text                                    0x08000198   Section        0  ffixui.o(.text)
    .text                                    0x080001c0   Section        0  d2f.o(.text)
    .text                                    0x080001f8   Section        0  uldiv.o(.text)
    .text                                    0x0800025c   Section        0  strtod.o(.text)
    _local_sscanf                            0x0800025d   Thumb Code    54  strtod.o(.text)
    .text                                    0x080002f8   Section        0  strtol.o(.text)
    .text                                    0x08000368   Section        0  fepilogue.o(.text)
    .text                                    0x08000368   Section        0  iusefp.o(.text)
    .text                                    0x080003d6   Section        0  dmul.o(.text)
    .text                                    0x080004ba   Section        0  ddiv.o(.text)
    .text                                    0x08000598   Section       36  init.o(.text)
    .text                                    0x080005bc   Section        0  llshl.o(.text)
    .text                                    0x080005da   Section        0  llushr.o(.text)
    .text                                    0x080005fc   Section        0  ctype_o.o(.text)
    .text                                    0x08000604   Section        0  isspace_o.o(.text)
    .text                                    0x08000618   Section        0  scanf_fp.o(.text)
    _fp_value                                0x08000619   Thumb Code   256  scanf_fp.o(.text)
    .text                                    0x08000950   Section        0  _sgetc.o(.text)
    .text                                    0x08000990   Section        0  _strtoul.o(.text)
    .text                                    0x08000a2e   Section        0  depilogue.o(.text)
    .text                                    0x08000ae8   Section        0  _chval.o(.text)
    .text                                    0x08000b04   Section        0  dfltul.o(.text)
    i.BusFault_Handler                       0x08000b1c   Section        0  stm32f10x_it.o(i.BusFault_Handler)
    i.DebugMon_Handler                       0x08000b20   Section        0  stm32f10x_it.o(i.DebugMon_Handler)
    i.Extraction_str                         0x08000b22   Section        0  bsp_usart2.o(i.Extraction_str)
    i.GPIO_Init                              0x08000be0   Section        0  stm32f10x_gpio.o(i.GPIO_Init)
    i.Gizetis_Init                           0x08000cf8   Section        0  main.o(i.Gizetis_Init)
    i.HardFault_Handler                      0x08000d18   Section        0  stm32f10x_it.o(i.HardFault_Handler)
    i.KEY_Init                               0x08000d1c   Section        0  key.o(i.KEY_Init)
    i.KEY_Scan                               0x08000d98   Section        0  key.o(i.KEY_Scan)
    i.MemManage_Handler                      0x08000e58   Section        0  stm32f10x_it.o(i.MemManage_Handler)
    i.NMI_Handler                            0x08000e5c   Section        0  stm32f10x_it.o(i.NMI_Handler)
    i.NVIC_Configuration                     0x08000e5e   Section        0  bsp_usart2.o(i.NVIC_Configuration)
    NVIC_Configuration                       0x08000e5f   Thumb Code    38  bsp_usart2.o(i.NVIC_Configuration)
    i.NVIC_Init                              0x08000e84   Section        0  misc.o(i.NVIC_Init)
    i.NVIC_PriorityGroupConfig               0x08000ef4   Section        0  misc.o(i.NVIC_PriorityGroupConfig)
    i.PendSV_Handler                         0x08000f08   Section        0  stm32f10x_it.o(i.PendSV_Handler)
    i.RCC_APB1PeriphClockCmd                 0x08000f0c   Section        0  stm32f10x_rcc.o(i.RCC_APB1PeriphClockCmd)
    i.RCC_APB1PeriphResetCmd                 0x08000f2c   Section        0  stm32f10x_rcc.o(i.RCC_APB1PeriphResetCmd)
    i.RCC_APB2PeriphClockCmd                 0x08000f4c   Section        0  stm32f10x_rcc.o(i.RCC_APB2PeriphClockCmd)
    i.RCC_APB2PeriphResetCmd                 0x08000f6c   Section        0  stm32f10x_rcc.o(i.RCC_APB2PeriphResetCmd)
    i.RCC_GetClocksFreq                      0x08000f8c   Section        0  stm32f10x_rcc.o(i.RCC_GetClocksFreq)
    i.SVC_Handler                            0x08001060   Section        0  stm32f10x_it.o(i.SVC_Handler)
    i.SetSysClock                            0x08001062   Section        0  system_stm32f10x.o(i.SetSysClock)
    SetSysClock                              0x08001063   Thumb Code     8  system_stm32f10x.o(i.SetSysClock)
    i.SetSysClockTo72                        0x0800106c   Section        0  system_stm32f10x.o(i.SetSysClockTo72)
    SetSysClockTo72                          0x0800106d   Thumb Code   214  system_stm32f10x.o(i.SetSysClockTo72)
    i.SysTick_CLKSourceConfig                0x0800114c   Section        0  misc.o(i.SysTick_CLKSourceConfig)
    i.SysTick_Handler                        0x08001174   Section        0  stm32f10x_it.o(i.SysTick_Handler)
    i.SystemInit                             0x08001178   Section        0  system_stm32f10x.o(i.SystemInit)
    i.TIM3_IRQHandler                        0x080011d8   Section        0  timer.o(i.TIM3_IRQHandler)
    i.TIM3_Int_Init                          0x080011f8   Section        0  timer.o(i.TIM3_Int_Init)
    i.TIM_ClearITPendingBit                  0x08001254   Section        0  stm32f10x_tim.o(i.TIM_ClearITPendingBit)
    i.TIM_Cmd                                0x0800125a   Section        0  stm32f10x_tim.o(i.TIM_Cmd)
    i.TIM_GetITStatus                        0x08001272   Section        0  stm32f10x_tim.o(i.TIM_GetITStatus)
    i.TIM_ITConfig                           0x08001294   Section        0  stm32f10x_tim.o(i.TIM_ITConfig)
    i.TIM_TimeBaseInit                       0x080012a8   Section        0  stm32f10x_tim.o(i.TIM_TimeBaseInit)
    i.USART1_IRQHandler                      0x0800134c   Section        0  usart.o(i.USART1_IRQHandler)
    i.USART2_Config                          0x080013d4   Section        0  bsp_usart2.o(i.USART2_Config)
    i.USART2_IRQHandler                      0x0800146c   Section        0  bsp_usart2.o(i.USART2_IRQHandler)
    i.USART3_IRQHandler                      0x080014d8   Section        0  usart3.o(i.USART3_IRQHandler)
    i.USART_ClearITPendingBit                0x08001508   Section        0  stm32f10x_usart.o(i.USART_ClearITPendingBit)
    i.USART_Cmd                              0x08001526   Section        0  stm32f10x_usart.o(i.USART_Cmd)
    i.USART_DeInit                           0x08001540   Section        0  stm32f10x_usart.o(i.USART_DeInit)
    i.USART_GetFlagStatus                    0x080015dc   Section        0  stm32f10x_usart.o(i.USART_GetFlagStatus)
    i.USART_GetITStatus                      0x080015f6   Section        0  stm32f10x_usart.o(i.USART_GetITStatus)
    i.USART_ITConfig                         0x0800164a   Section        0  stm32f10x_usart.o(i.USART_ITConfig)
    i.USART_Init                             0x08001694   Section        0  stm32f10x_usart.o(i.USART_Init)
    i.USART_ReceiveData                      0x0800176c   Section        0  stm32f10x_usart.o(i.USART_ReceiveData)
    i.USART_SendData                         0x08001776   Section        0  stm32f10x_usart.o(i.USART_SendData)
    i.UsageFault_Handler                     0x0800177e   Section        0  stm32f10x_it.o(i.UsageFault_Handler)
    i.__0printf$8                            0x08001784   Section        0  printf8.o(i.__0printf$8)
    i.__aeabi_errno_addr                     0x080017a4   Section        0  errno.o(i.__aeabi_errno_addr)
    i.__read_errno                           0x080017ac   Section        0  errno.o(i.__read_errno)
    i.__scatterload_copy                     0x080017b8   Section       14  handlers.o(i.__scatterload_copy)
    i.__scatterload_null                     0x080017c6   Section        2  handlers.o(i.__scatterload_null)
    i.__scatterload_zeroinit                 0x080017c8   Section       14  handlers.o(i.__scatterload_zeroinit)
    i.__set_errno                            0x080017d8   Section        0  errno.o(i.__set_errno)
    i._is_digit                              0x080017e4   Section        0  scanf_fp.o(i._is_digit)
    i._printf_core                           0x080017f4   Section        0  printf8.o(i._printf_core)
    _printf_core                             0x080017f5   Thumb Code   996  printf8.o(i._printf_core)
    i._printf_post_padding                   0x08001c04   Section        0  printf8.o(i._printf_post_padding)
    _printf_post_padding                     0x08001c05   Thumb Code    36  printf8.o(i._printf_post_padding)
    i._printf_pre_padding                    0x08001c28   Section        0  printf8.o(i._printf_pre_padding)
    _printf_pre_padding                      0x08001c29   Thumb Code    46  printf8.o(i._printf_pre_padding)
    i.atof                                   0x08001c56   Section        0  atof.o(i.atof)
    i.cbIncr                                 0x08001c80   Section        0  rx_data_queue.o(i.cbIncr)
    i.cbInit                                 0x08001c8e   Section        0  rx_data_queue.o(i.cbInit)
    i.cbIsEmpty                              0x08001c98   Section        0  rx_data_queue.o(i.cbIsEmpty)
    i.cbIsFull                               0x08001caa   Section        0  rx_data_queue.o(i.cbIsFull)
    i.cbRead                                 0x08001cc0   Section        0  rx_data_queue.o(i.cbRead)
    i.cbReadFinish                           0x08001cf4   Section        0  rx_data_queue.o(i.cbReadFinish)
    i.cbWrite                                0x08001d0e   Section        0  rx_data_queue.o(i.cbWrite)
    i.cbWriteFinish                          0x08001d42   Section        0  rx_data_queue.o(i.cbWriteFinish)
    i.delay_init                             0x08001d48   Section        0  delay.o(i.delay_init)
    i.delay_ms                               0x08001d8c   Section        0  delay.o(i.delay_ms)
    i.exchangeBytes                          0x08001dd8   Section        0  common.o(i.exchangeBytes)
    i.exchangeWord                           0x08001df2   Section        0  common.o(i.exchangeWord)
    i.fputc                                  0x08001e0c   Section        0  usart.o(i.fputc)
    i.gizAcrossByteJudge                     0x08001e28   Section        0  datapointtools.o(i.gizAcrossByteJudge)
    i.gizByteOrderExchange                   0x08001e52   Section        0  datapointtools.o(i.gizByteOrderExchange)
    i.gizCheckReport                         0x08001e84   Section        0  gizwits_protocol.o(i.gizCheckReport)
    gizCheckReport                           0x08001e85   Thumb Code   304  gizwits_protocol.o(i.gizCheckReport)
    i.gizDataPoint2Event                     0x0800209c   Section        0  gizwits_protocol.o(i.gizDataPoint2Event)
    gizDataPoint2Event                       0x0800209d   Thumb Code   174  gizwits_protocol.o(i.gizDataPoint2Event)
    i.gizDataPoints2ReportData               0x08002178   Section        0  gizwits_protocol.o(i.gizDataPoints2ReportData)
    gizDataPoints2ReportData                 0x08002179   Thumb Code   188  gizwits_protocol.o(i.gizDataPoints2ReportData)
    i.gizDevReportPolicy                     0x08002264   Section        0  gizwits_protocol.o(i.gizDevReportPolicy)
    gizDevReportPolicy                       0x08002265   Thumb Code   128  gizwits_protocol.o(i.gizDevReportPolicy)
    i.gizGetTimerCount                       0x08002320   Section        0  gizwits_product.o(i.gizGetTimerCount)
    i.gizProtocolAckHandle                   0x0800232c   Section        0  gizwits_protocol.o(i.gizProtocolAckHandle)
    gizProtocolAckHandle                     0x0800232d   Thumb Code    94  gizwits_protocol.o(i.gizProtocolAckHandle)
    i.gizProtocolCommonAck                   0x080023b8   Section        0  gizwits_protocol.o(i.gizProtocolCommonAck)
    gizProtocolCommonAck                     0x080023b9   Thumb Code    86  gizwits_protocol.o(i.gizProtocolCommonAck)
    i.gizProtocolErrorCmd                    0x08002458   Section        0  gizwits_protocol.o(i.gizProtocolErrorCmd)
    gizProtocolErrorCmd                      0x08002459   Thumb Code    90  gizwits_protocol.o(i.gizProtocolErrorCmd)
    i.gizProtocolGetDeviceInfo               0x080024fc   Section        0  gizwits_protocol.o(i.gizProtocolGetDeviceInfo)
    gizProtocolGetDeviceInfo                 0x080024fd   Thumb Code   182  gizwits_protocol.o(i.gizProtocolGetDeviceInfo)
    i.gizProtocolGetOnePacket                0x08002678   Section        0  gizwits_protocol.o(i.gizProtocolGetOnePacket)
    gizProtocolGetOnePacket                  0x08002679   Thumb Code   358  gizwits_protocol.o(i.gizProtocolGetOnePacket)
    i.gizProtocolHeadInit                    0x08002820   Section        0  gizwits_protocol.o(i.gizProtocolHeadInit)
    gizProtocolHeadInit                      0x08002821   Thumb Code    34  gizwits_protocol.o(i.gizProtocolHeadInit)
    i.gizProtocolIssuedDataAck               0x08002870   Section        0  gizwits_protocol.o(i.gizProtocolIssuedDataAck)
    gizProtocolIssuedDataAck                 0x08002871   Thumb Code   230  gizwits_protocol.o(i.gizProtocolIssuedDataAck)
    i.gizProtocolIssuedProcess               0x080029b0   Section        0  gizwits_protocol.o(i.gizProtocolIssuedProcess)
    gizProtocolIssuedProcess                 0x080029b1   Thumb Code   226  gizwits_protocol.o(i.gizProtocolIssuedProcess)
    i.gizProtocolModuleInfoHandle            0x08002ac8   Section        0  gizwits_protocol.o(i.gizProtocolModuleInfoHandle)
    gizProtocolModuleInfoHandle              0x08002ac9   Thumb Code    66  gizwits_protocol.o(i.gizProtocolModuleInfoHandle)
    i.gizProtocolModuleStatus                0x08002b24   Section        0  gizwits_protocol.o(i.gizProtocolModuleStatus)
    gizProtocolModuleStatus                  0x08002b25   Thumb Code   816  gizwits_protocol.o(i.gizProtocolModuleStatus)
    i.gizProtocolNTP                         0x08003028   Section        0  gizwits_protocol.o(i.gizProtocolNTP)
    gizProtocolNTP                           0x08003029   Thumb Code   104  gizwits_protocol.o(i.gizProtocolNTP)
    i.gizProtocolReboot                      0x080030ac   Section        0  gizwits_protocol.o(i.gizProtocolReboot)
    gizProtocolReboot                        0x080030ad   Thumb Code    28  gizwits_protocol.o(i.gizProtocolReboot)
    i.gizProtocolResendData                  0x080030c8   Section        0  gizwits_protocol.o(i.gizProtocolResendData)
    gizProtocolResendData                    0x080030c9   Thumb Code    64  gizwits_protocol.o(i.gizProtocolResendData)
    i.gizProtocolSum                         0x08003144   Section        0  common.o(i.gizProtocolSum)
    i.gizProtocolWaitAck                     0x0800316c   Section        0  gizwits_protocol.o(i.gizProtocolWaitAck)
    gizProtocolWaitAck                       0x0800316d   Thumb Code    70  gizwits_protocol.o(i.gizProtocolWaitAck)
    i.gizProtocolWaitAckCheck                0x080031d0   Section        0  gizwits_protocol.o(i.gizProtocolWaitAckCheck)
    gizProtocolWaitAckCheck                  0x080031d1   Thumb Code    44  gizwits_protocol.o(i.gizProtocolWaitAckCheck)
    i.gizPutData                             0x08003218   Section        0  gizwits_protocol.o(i.gizPutData)
    i.gizReportData                          0x0800328c   Section        0  gizwits_protocol.o(i.gizReportData)
    gizReportData                            0x0800328d   Thumb Code   140  gizwits_protocol.o(i.gizReportData)
    i.gizStandardCompressValue               0x08003360   Section        0  datapointtools.o(i.gizStandardCompressValue)
    i.gizStandardDecompressionValue          0x080033e0   Section        0  datapointtools.o(i.gizStandardDecompressionValue)
    i.gizTimerMs                             0x080034a4   Section        0  gizwits_product.o(i.gizTimerMs)
    i.gizY2X                                 0x080034b4   Section        0  datapointtools.o(i.gizY2X)
    i.gizwitsEventProcess                    0x080034c4   Section        0  gizwits_product.o(i.gizwitsEventProcess)
    i.gizwitsHandle                          0x08003694   Section        0  gizwits_protocol.o(i.gizwitsHandle)
    i.gizwitsInit                            0x080039b0   Section        0  gizwits_protocol.o(i.gizwitsInit)
    i.gizwitsSetMode                         0x08003a14   Section        0  gizwits_protocol.o(i.gizwitsSetMode)
    i.main                                   0x08003c9c   Section        0  main.o(i.main)
    i.mcuRestart                             0x08003d88   Section        0  gizwits_product.o(i.mcuRestart)
    i.pull_data_from_queue                   0x08003db8   Section        0  rx_data_queue.o(i.pull_data_from_queue)
    i.rbCanRead                              0x08003e7c   Section        0  ringbuffer.o(i.rbCanRead)
    i.rbCanWrite                             0x08003eb4   Section        0  ringbuffer.o(i.rbCanWrite)
    i.rbCapacity                             0x08003ed2   Section        0  ringbuffer.o(i.rbCapacity)
    i.rbCreate                               0x08003ee0   Section        0  ringbuffer.o(i.rbCreate)
    i.rbRead                                 0x08003ef6   Section        0  ringbuffer.o(i.rbRead)
    i.rbWrite                                0x08003f98   Section        0  ringbuffer.o(i.rbWrite)
    i.rx_queue_init                          0x08004034   Section        0  rx_data_queue.o(i.rx_queue_init)
    i.uartWrite                              0x08004114   Section        0  gizwits_product.o(i.uartWrite)
    i.uart_init                              0x0800416c   Section        0  usart.o(i.uart_init)
    i.usart3_init                            0x0800420c   Section        0  usart3.o(i.usart3_init)
    i.userHandle                             0x080042bc   Section        0  main.o(i.userHandle)
    .constdata                               0x08004310   Section      129  ctype_o.o(.constdata)
    .constdata                               0x08004394   Section        4  ctype_o.o(.constdata)
    table                                    0x08004394   Data           4  ctype_o.o(.constdata)
    .conststring                             0x08004398   Section      140  rx_data_queue.o(.conststring)
    .data                                    0x20000000   Section       40  main.o(.data)
    .data                                    0x20000028   Section       20  system_stm32f10x.o(.data)
    .data                                    0x2000003c   Section        4  delay.o(.data)
    fac_us                                   0x2000003c   Data           1  delay.o(.data)
    fac_ms                                   0x2000003e   Data           2  delay.o(.data)
    .data                                    0x20000040   Section        6  usart.o(.data)
    .data                                    0x20000046   Section       20  stm32f10x_rcc.o(.data)
    APBAHBPrescTable                         0x20000046   Data          16  stm32f10x_rcc.o(.data)
    ADCPrescTable                            0x20000056   Data           4  stm32f10x_rcc.o(.data)
    .data                                    0x2000005a   Section        1  key.o(.data)
    key_up                                   0x2000005a   Data           1  key.o(.data)
    .data                                    0x2000005c   Section        5  gizwits_product.o(.data)
    timerMsCount                             0x2000005c   Data           4  gizwits_product.o(.data)
    .data                                    0x20000064   Section       16  gizwits_protocol.o(.data)
    lastReportTime                           0x20000064   Data           4  gizwits_protocol.o(.data)
    lastRepTime                              0x20000068   Data           4  gizwits_protocol.o(.data)
    protocolFlag                             0x2000006c   Data           1  gizwits_protocol.o(.data)
    protocolCount                            0x2000006e   Data           2  gizwits_protocol.o(.data)
    lastData                                 0x20000070   Data           1  gizwits_protocol.o(.data)
    debugCount                               0x20000071   Data           1  gizwits_protocol.o(.data)
    lastStatus                               0x20000072   Data           2  gizwits_protocol.o(.data)
    .data                                    0x20000074   Section        4  errno.o(.data)
    _errno                                   0x20000074   Data           4  errno.o(.data)
    .bss                                     0x20000078   Section       27  main.o(.bss)
    .bss                                     0x20000093   Section      200  usart.o(.bss)
    .bss                                     0x2000015c   Section     4240  rx_data_queue.o(.bss)
    .bss                                     0x200011ec   Section      412  gizwits_protocol.o(.bss)
    rbBuf                                    0x2000134c   Data          60  gizwits_protocol.o(.bss)
    STACK                                    0x20001388   Section     1024  startup_stm32f10x_md.o(STACK)

    Global Symbols

    Symbol Name                              Value     Ov Type        Size  Object(Section)

    BuildAttributes$$THM_ISAv4$P$D$K$B$S$PE$A:L22UL41UL21$X:L11$S22US41US21$IEEE1$IW$USESV6$~STKCKD$USESV7$~SHL$OTIME$ROPI$IEEEJ$EBA8$MICROLIB$REQ8$PRES8$EABIv2 0x00000000   Number         0  anon$$obj.o ABSOLUTE
    __ARM_use_no_argv                        0x00000000   Number         0  main.o ABSOLUTE
    __use_no_errno                           0x00000000   Number         0  useno.o ABSOLUTE
    __use_no_exception_handling              0x00000000   Number         0  useno.o ABSOLUTE
    __use_no_fp                              0x00000000   Number         0  useno.o ABSOLUTE
    __use_no_heap                            0x00000000   Number         0  useno.o ABSOLUTE
    __use_no_heap_region                     0x00000000   Number         0  useno.o ABSOLUTE
    __use_no_semihosting                     0x00000000   Number         0  useno.o ABSOLUTE
    __use_no_semihosting_swi                 0x00000000   Number         0  useno.o ABSOLUTE
    __use_no_signal_handling                 0x00000000   Number         0  useno.o ABSOLUTE
    _printf_a                                0x00000000   Number         0  stubs.o ABSOLUTE
    _printf_c                                0x00000000   Number         0  stubs.o ABSOLUTE
    _printf_charcount                        0x00000000   Number         0  stubs.o ABSOLUTE
    _printf_d                                0x00000000   Number         0  stubs.o ABSOLUTE
    _printf_e                                0x00000000   Number         0  stubs.o ABSOLUTE
    _printf_f                                0x00000000   Number         0  stubs.o ABSOLUTE
    _printf_flags                            0x00000000   Number         0  stubs.o ABSOLUTE
    _printf_fp_dec                           0x00000000   Number         0  stubs.o ABSOLUTE
    _printf_fp_hex                           0x00000000   Number         0  stubs.o ABSOLUTE
    _printf_g                                0x00000000   Number         0  stubs.o ABSOLUTE
    _printf_i                                0x00000000   Number         0  stubs.o ABSOLUTE
    _printf_int_dec                          0x00000000   Number         0  stubs.o ABSOLUTE
    _printf_l                                0x00000000   Number         0  stubs.o ABSOLUTE
    _printf_lc                               0x00000000   Number         0  stubs.o ABSOLUTE
    _printf_ll                               0x00000000   Number         0  stubs.o ABSOLUTE
    _printf_lld                              0x00000000   Number         0  stubs.o ABSOLUTE
    _printf_lli                              0x00000000   Number         0  stubs.o ABSOLUTE
    _printf_llo                              0x00000000   Number         0  stubs.o ABSOLUTE
    _printf_llu                              0x00000000   Number         0  stubs.o ABSOLUTE
    _printf_llx                              0x00000000   Number         0  stubs.o ABSOLUTE
    _printf_longlong_dec                     0x00000000   Number         0  stubs.o ABSOLUTE
    _printf_longlong_hex                     0x00000000   Number         0  stubs.o ABSOLUTE
    _printf_longlong_oct                     0x00000000   Number         0  stubs.o ABSOLUTE
    _printf_ls                               0x00000000   Number         0  stubs.o ABSOLUTE
    _printf_mbtowc                           0x00000000   Number         0  stubs.o ABSOLUTE
    _printf_n                                0x00000000   Number         0  stubs.o ABSOLUTE
    _printf_o                                0x00000000   Number         0  stubs.o ABSOLUTE
    _printf_p                                0x00000000   Number         0  stubs.o ABSOLUTE
    _printf_percent                          0x00000000   Number         0  stubs.o ABSOLUTE
    _printf_pre_padding                      0x00000000   Number         0  stubs.o ABSOLUTE
    _printf_return_value                     0x00000000   Number         0  stubs.o ABSOLUTE
    _printf_s                                0x00000000   Number         0  stubs.o ABSOLUTE
    _printf_sizespec                         0x00000000   Number         0  stubs.o ABSOLUTE
    _printf_str                              0x00000000   Number         0  stubs.o ABSOLUTE
    _printf_truncate_signed                  0x00000000   Number         0  stubs.o ABSOLUTE
    _printf_truncate_unsigned                0x00000000   Number         0  stubs.o ABSOLUTE
    _printf_u                                0x00000000   Number         0  stubs.o ABSOLUTE
    _printf_wc                               0x00000000   Number         0  stubs.o ABSOLUTE
    _printf_wctomb                           0x00000000   Number         0  stubs.o ABSOLUTE
    _printf_widthprec                        0x00000000   Number         0  stubs.o ABSOLUTE
    _printf_x                                0x00000000   Number         0  stubs.o ABSOLUTE
    __cpp_initialize__aeabi_                  - Undefined Weak Reference
    __cxa_finalize                            - Undefined Weak Reference
    __decompress                              - Undefined Weak Reference
    _clock_init                               - Undefined Weak Reference
    _microlib_exit                            - Undefined Weak Reference
    __Vectors_Size                           0x000000ec   Number         0  startup_stm32f10x_md.o ABSOLUTE
    __Vectors                                0x08000000   Data           4  startup_stm32f10x_md.o(RESET)
    __Vectors_End                            0x080000ec   Data           0  startup_stm32f10x_md.o(RESET)
    __main                                   0x080000ed   Thumb Code     0  entry.o(.ARM.Collect$$$$00000000)
    _main_stk                                0x080000ed   Thumb Code     0  entry2.o(.ARM.Collect$$$$00000001)
    _main_scatterload                        0x080000f1   Thumb Code     0  entry5.o(.ARM.Collect$$$$00000004)
    __main_after_scatterload                 0x080000f5   Thumb Code     0  entry5.o(.ARM.Collect$$$$00000004)
    _main_clock                              0x080000f5   Thumb Code     0  entry7b.o(.ARM.Collect$$$$00000008)
    _main_cpp_init                           0x080000f5   Thumb Code     0  entry8b.o(.ARM.Collect$$$$0000000A)
    _main_init                               0x080000f5   Thumb Code     0  entry9a.o(.ARM.Collect$$$$0000000B)
    __rt_final_cpp                           0x080000fd   Thumb Code     0  entry10a.o(.ARM.Collect$$$$0000000D)
    __rt_final_exit                          0x080000fd   Thumb Code     0  entry11a.o(.ARM.Collect$$$$0000000F)
    Reset_Handler                            0x08000101   Thumb Code     8  startup_stm32f10x_md.o(.text)
    ADC1_2_IRQHandler                        0x0800011b   Thumb Code     0  startup_stm32f10x_md.o(.text)
    CAN1_RX1_IRQHandler                      0x0800011b   Thumb Code     0  startup_stm32f10x_md.o(.text)
    CAN1_SCE_IRQHandler                      0x0800011b   Thumb Code     0  startup_stm32f10x_md.o(.text)
    DMA1_Channel1_IRQHandler                 0x0800011b   Thumb Code     0  startup_stm32f10x_md.o(.text)
    DMA1_Channel2_IRQHandler                 0x0800011b   Thumb Code     0  startup_stm32f10x_md.o(.text)
    DMA1_Channel3_IRQHandler                 0x0800011b   Thumb Code     0  startup_stm32f10x_md.o(.text)
    DMA1_Channel4_IRQHandler                 0x0800011b   Thumb Code     0  startup_stm32f10x_md.o(.text)
    DMA1_Channel5_IRQHandler                 0x0800011b   Thumb Code     0  startup_stm32f10x_md.o(.text)
    DMA1_Channel6_IRQHandler                 0x0800011b   Thumb Code     0  startup_stm32f10x_md.o(.text)
    DMA1_Channel7_IRQHandler                 0x0800011b   Thumb Code     0  startup_stm32f10x_md.o(.text)
    EXTI0_IRQHandler                         0x0800011b   Thumb Code     0  startup_stm32f10x_md.o(.text)
    EXTI15_10_IRQHandler                     0x0800011b   Thumb Code     0  startup_stm32f10x_md.o(.text)
    EXTI1_IRQHandler                         0x0800011b   Thumb Code     0  startup_stm32f10x_md.o(.text)
    EXTI2_IRQHandler                         0x0800011b   Thumb Code     0  startup_stm32f10x_md.o(.text)
    EXTI3_IRQHandler                         0x0800011b   Thumb Code     0  startup_stm32f10x_md.o(.text)
    EXTI4_IRQHandler                         0x0800011b   Thumb Code     0  startup_stm32f10x_md.o(.text)
    EXTI9_5_IRQHandler                       0x0800011b   Thumb Code     0  startup_stm32f10x_md.o(.text)
    FLASH_IRQHandler                         0x0800011b   Thumb Code     0  startup_stm32f10x_md.o(.text)
    I2C1_ER_IRQHandler                       0x0800011b   Thumb Code     0  startup_stm32f10x_md.o(.text)
    I2C1_EV_IRQHandler                       0x0800011b   Thumb Code     0  startup_stm32f10x_md.o(.text)
    I2C2_ER_IRQHandler                       0x0800011b   Thumb Code     0  startup_stm32f10x_md.o(.text)
    I2C2_EV_IRQHandler                       0x0800011b   Thumb Code     0  startup_stm32f10x_md.o(.text)
    PVD_IRQHandler                           0x0800011b   Thumb Code     0  startup_stm32f10x_md.o(.text)
    RCC_IRQHandler                           0x0800011b   Thumb Code     0  startup_stm32f10x_md.o(.text)
    RTCAlarm_IRQHandler                      0x0800011b   Thumb Code     0  startup_stm32f10x_md.o(.text)
    RTC_IRQHandler                           0x0800011b   Thumb Code     0  startup_stm32f10x_md.o(.text)
    SPI1_IRQHandler                          0x0800011b   Thumb Code     0  startup_stm32f10x_md.o(.text)
    SPI2_IRQHandler                          0x0800011b   Thumb Code     0  startup_stm32f10x_md.o(.text)
    TAMPER_IRQHandler                        0x0800011b   Thumb Code     0  startup_stm32f10x_md.o(.text)
    TIM1_BRK_IRQHandler                      0x0800011b   Thumb Code     0  startup_stm32f10x_md.o(.text)
    TIM1_CC_IRQHandler                       0x0800011b   Thumb Code     0  startup_stm32f10x_md.o(.text)
    TIM1_TRG_COM_IRQHandler                  0x0800011b   Thumb Code     0  startup_stm32f10x_md.o(.text)
    TIM1_UP_IRQHandler                       0x0800011b   Thumb Code     0  startup_stm32f10x_md.o(.text)
    TIM2_IRQHandler                          0x0800011b   Thumb Code     0  startup_stm32f10x_md.o(.text)
    TIM4_IRQHandler                          0x0800011b   Thumb Code     0  startup_stm32f10x_md.o(.text)
    USBWakeUp_IRQHandler                     0x0800011b   Thumb Code     0  startup_stm32f10x_md.o(.text)
    USB_HP_CAN1_TX_IRQHandler                0x0800011b   Thumb Code     0  startup_stm32f10x_md.o(.text)
    USB_LP_CAN1_RX0_IRQHandler               0x0800011b   Thumb Code     0  startup_stm32f10x_md.o(.text)
    WWDG_IRQHandler                          0x0800011b   Thumb Code     0  startup_stm32f10x_md.o(.text)
    __aeabi_memcpy                           0x08000125   Thumb Code    36  memcpya.o(.text)
    __aeabi_memcpy4                          0x08000125   Thumb Code     0  memcpya.o(.text)
    __aeabi_memcpy8                          0x08000125   Thumb Code     0  memcpya.o(.text)
    __aeabi_memset                           0x08000149   Thumb Code    14  memseta.o(.text)
    __aeabi_memset4                          0x08000149   Thumb Code     0  memseta.o(.text)
    __aeabi_memset8                          0x08000149   Thumb Code     0  memseta.o(.text)
    __aeabi_memclr                           0x08000157   Thumb Code     4  memseta.o(.text)
    __aeabi_memclr4                          0x08000157   Thumb Code     0  memseta.o(.text)
    __aeabi_memclr8                          0x08000157   Thumb Code     0  memseta.o(.text)
    _memset$wrapper                          0x0800015b   Thumb Code    18  memseta.o(.text)
    strcpy                                   0x0800016d   Thumb Code    18  strcpy.o(.text)
    atoi                                     0x0800017f   Thumb Code    26  atoi.o(.text)
    __aeabi_f2uiz                            0x08000199   Thumb Code    40  ffixui.o(.text)
    __aeabi_d2f                              0x080001c1   Thumb Code    56  d2f.o(.text)
    __aeabi_uldivmod                         0x080001f9   Thumb Code    98  uldiv.o(.text)
    __strtod_int                             0x08000293   Thumb Code    88  strtod.o(.text)
    strtol                                   0x080002f9   Thumb Code   112  strtol.o(.text)
    __I$use$fp                               0x08000369   Thumb Code     0  iusefp.o(.text)
    _float_round                             0x08000369   Thumb Code    18  fepilogue.o(.text)
    _float_epilogue                          0x0800037b   Thumb Code    92  fepilogue.o(.text)
    __aeabi_dmul                             0x080003d7   Thumb Code   228  dmul.o(.text)
    __aeabi_ddiv                             0x080004bb   Thumb Code   222  ddiv.o(.text)
    __scatterload                            0x08000599   Thumb Code    28  init.o(.text)
    __scatterload_rt2                        0x08000599   Thumb Code     0  init.o(.text)
    __aeabi_llsl                             0x080005bd   Thumb Code    30  llshl.o(.text)
    _ll_shift_l                              0x080005bd   Thumb Code     0  llshl.o(.text)
    __aeabi_llsr                             0x080005db   Thumb Code    32  llushr.o(.text)
    _ll_ushift_r                             0x080005db   Thumb Code     0  llushr.o(.text)
    __rt_ctype_table                         0x080005fd   Thumb Code     4  ctype_o.o(.text)
    isspace                                  0x08000605   Thumb Code    18  isspace_o.o(.text)
    _scanf_real                              0x08000719   Thumb Code     0  scanf_fp.o(.text)
    _scanf_really_real                       0x08000719   Thumb Code   556  scanf_fp.o(.text)
    _sgetc                                   0x08000951   Thumb Code    30  _sgetc.o(.text)
    _sbackspace                              0x0800096f   Thumb Code    34  _sgetc.o(.text)
    _strtoul                                 0x08000991   Thumb Code   158  _strtoul.o(.text)
    _double_round                            0x08000a2f   Thumb Code    30  depilogue.o(.text)
    _double_epilogue                         0x08000a4d   Thumb Code   156  depilogue.o(.text)
    _chval                                   0x08000ae9   Thumb Code    28  _chval.o(.text)
    __aeabi_ul2d                             0x08000b05   Thumb Code    24  dfltul.o(.text)
    BusFault_Handler                         0x08000b1d   Thumb Code     4  stm32f10x_it.o(i.BusFault_Handler)
    DebugMon_Handler                         0x08000b21   Thumb Code     2  stm32f10x_it.o(i.DebugMon_Handler)
    Extraction_str                           0x08000b23   Thumb Code   190  bsp_usart2.o(i.Extraction_str)
    GPIO_Init                                0x08000be1   Thumb Code   278  stm32f10x_gpio.o(i.GPIO_Init)
    Gizetis_Init                             0x08000cf9   Thumb Code    26  main.o(i.Gizetis_Init)
    HardFault_Handler                        0x08000d19   Thumb Code     4  stm32f10x_it.o(i.HardFault_Handler)
    KEY_Init                                 0x08000d1d   Thumb Code   114  key.o(i.KEY_Init)
    KEY_Scan                                 0x08000d99   Thumb Code   178  key.o(i.KEY_Scan)
    MemManage_Handler                        0x08000e59   Thumb Code     4  stm32f10x_it.o(i.MemManage_Handler)
    NMI_Handler                              0x08000e5d   Thumb Code     2  stm32f10x_it.o(i.NMI_Handler)
    NVIC_Init                                0x08000e85   Thumb Code   100  misc.o(i.NVIC_Init)
    NVIC_PriorityGroupConfig                 0x08000ef5   Thumb Code    10  misc.o(i.NVIC_PriorityGroupConfig)
    PendSV_Handler                           0x08000f09   Thumb Code     2  stm32f10x_it.o(i.PendSV_Handler)
    RCC_APB1PeriphClockCmd                   0x08000f0d   Thumb Code    26  stm32f10x_rcc.o(i.RCC_APB1PeriphClockCmd)
    RCC_APB1PeriphResetCmd                   0x08000f2d   Thumb Code    26  stm32f10x_rcc.o(i.RCC_APB1PeriphResetCmd)
    RCC_APB2PeriphClockCmd                   0x08000f4d   Thumb Code    26  stm32f10x_rcc.o(i.RCC_APB2PeriphClockCmd)
    RCC_APB2PeriphResetCmd                   0x08000f6d   Thumb Code    26  stm32f10x_rcc.o(i.RCC_APB2PeriphResetCmd)
    RCC_GetClocksFreq                        0x08000f8d   Thumb Code   192  stm32f10x_rcc.o(i.RCC_GetClocksFreq)
    SVC_Handler                              0x08001061   Thumb Code     2  stm32f10x_it.o(i.SVC_Handler)
    SysTick_CLKSourceConfig                  0x0800114d   Thumb Code    40  misc.o(i.SysTick_CLKSourceConfig)
    SysTick_Handler                          0x08001175   Thumb Code     2  stm32f10x_it.o(i.SysTick_Handler)
    SystemInit                               0x08001179   Thumb Code    78  system_stm32f10x.o(i.SystemInit)
    TIM3_IRQHandler                          0x080011d9   Thumb Code    26  timer.o(i.TIM3_IRQHandler)
    TIM3_Int_Init                            0x080011f9   Thumb Code    88  timer.o(i.TIM3_Int_Init)
    TIM_ClearITPendingBit                    0x08001255   Thumb Code     6  stm32f10x_tim.o(i.TIM_ClearITPendingBit)
    TIM_Cmd                                  0x0800125b   Thumb Code    24  stm32f10x_tim.o(i.TIM_Cmd)
    TIM_GetITStatus                          0x08001273   Thumb Code    34  stm32f10x_tim.o(i.TIM_GetITStatus)
    TIM_ITConfig                             0x08001295   Thumb Code    18  stm32f10x_tim.o(i.TIM_ITConfig)
    TIM_TimeBaseInit                         0x080012a9   Thumb Code   122  stm32f10x_tim.o(i.TIM_TimeBaseInit)
    USART1_IRQHandler                        0x0800134d   Thumb Code   122  usart.o(i.USART1_IRQHandler)
    USART2_Config                            0x080013d5   Thumb Code   144  bsp_usart2.o(i.USART2_Config)
    USART2_IRQHandler                        0x0800146d   Thumb Code    94  bsp_usart2.o(i.USART2_IRQHandler)
    USART3_IRQHandler                        0x080014d9   Thumb Code    44  usart3.o(i.USART3_IRQHandler)
    USART_ClearITPendingBit                  0x08001509   Thumb Code    30  stm32f10x_usart.o(i.USART_ClearITPendingBit)
    USART_Cmd                                0x08001527   Thumb Code    24  stm32f10x_usart.o(i.USART_Cmd)
    USART_DeInit                             0x08001541   Thumb Code   134  stm32f10x_usart.o(i.USART_DeInit)
    USART_GetFlagStatus                      0x080015dd   Thumb Code    26  stm32f10x_usart.o(i.USART_GetFlagStatus)
    USART_GetITStatus                        0x080015f7   Thumb Code    84  stm32f10x_usart.o(i.USART_GetITStatus)
    USART_ITConfig                           0x0800164b   Thumb Code    74  stm32f10x_usart.o(i.USART_ITConfig)
    USART_Init                               0x08001695   Thumb Code   210  stm32f10x_usart.o(i.USART_Init)
    USART_ReceiveData                        0x0800176d   Thumb Code    10  stm32f10x_usart.o(i.USART_ReceiveData)
    USART_SendData                           0x08001777   Thumb Code     8  stm32f10x_usart.o(i.USART_SendData)
    UsageFault_Handler                       0x0800177f   Thumb Code     4  stm32f10x_it.o(i.UsageFault_Handler)
    __0printf$8                              0x08001785   Thumb Code    22  printf8.o(i.__0printf$8)
    __1printf$8                              0x08001785   Thumb Code     0  printf8.o(i.__0printf$8)
    __2printf                                0x08001785   Thumb Code     0  printf8.o(i.__0printf$8)
    __aeabi_errno_addr                       0x080017a5   Thumb Code     4  errno.o(i.__aeabi_errno_addr)
    __rt_errno_addr                          0x080017a5   Thumb Code     0  errno.o(i.__aeabi_errno_addr)
    __read_errno                             0x080017ad   Thumb Code     6  errno.o(i.__read_errno)
    __scatterload_copy                       0x080017b9   Thumb Code    14  handlers.o(i.__scatterload_copy)
    __scatterload_null                       0x080017c7   Thumb Code     2  handlers.o(i.__scatterload_null)
    __scatterload_zeroinit                   0x080017c9   Thumb Code    14  handlers.o(i.__scatterload_zeroinit)
    __set_errno                              0x080017d9   Thumb Code     6  errno.o(i.__set_errno)
    _is_digit                                0x080017e5   Thumb Code    14  scanf_fp.o(i._is_digit)
    atof                                     0x08001c57   Thumb Code    42  atof.o(i.atof)
    cbIncr                                   0x08001c81   Thumb Code    14  rx_data_queue.o(i.cbIncr)
    cbInit                                   0x08001c8f   Thumb Code    10  rx_data_queue.o(i.cbInit)
    cbIsEmpty                                0x08001c99   Thumb Code    18  rx_data_queue.o(i.cbIsEmpty)
    cbIsFull                                 0x08001cab   Thumb Code    22  rx_data_queue.o(i.cbIsFull)
    cbRead                                   0x08001cc1   Thumb Code    52  rx_data_queue.o(i.cbRead)
    cbReadFinish                             0x08001cf5   Thumb Code    26  rx_data_queue.o(i.cbReadFinish)
    cbWrite                                  0x08001d0f   Thumb Code    52  rx_data_queue.o(i.cbWrite)
    cbWriteFinish                            0x08001d43   Thumb Code     6  rx_data_queue.o(i.cbWriteFinish)
    delay_init                               0x08001d49   Thumb Code    50  delay.o(i.delay_init)
    delay_ms                                 0x08001d8d   Thumb Code    72  delay.o(i.delay_ms)
    exchangeBytes                            0x08001dd9   Thumb Code    26  common.o(i.exchangeBytes)
    exchangeWord                             0x08001df3   Thumb Code    26  common.o(i.exchangeWord)
    fputc                                    0x08001e0d   Thumb Code    24  usart.o(i.fputc)
    gizAcrossByteJudge                       0x08001e29   Thumb Code    42  datapointtools.o(i.gizAcrossByteJudge)
    gizByteOrderExchange                     0x08001e53   Thumb Code    50  datapointtools.o(i.gizByteOrderExchange)
    gizGetTimerCount                         0x08002321   Thumb Code     6  gizwits_product.o(i.gizGetTimerCount)
    gizProtocolSum                           0x08003145   Thumb Code    38  common.o(i.gizProtocolSum)
    gizPutData                               0x08003219   Thumb Code    52  gizwits_protocol.o(i.gizPutData)
    gizStandardCompressValue                 0x08003361   Thumb Code   128  datapointtools.o(i.gizStandardCompressValue)
    gizStandardDecompressionValue            0x080033e1   Thumb Code   194  datapointtools.o(i.gizStandardDecompressionValue)
    gizTimerMs                               0x080034a5   Thumb Code    12  gizwits_product.o(i.gizTimerMs)
    gizY2X                                   0x080034b5   Thumb Code    14  datapointtools.o(i.gizY2X)
    gizwitsEventProcess                      0x080034c5   Thumb Code   252  gizwits_product.o(i.gizwitsEventProcess)
    gizwitsHandle                            0x08003695   Thumb Code   548  gizwits_protocol.o(i.gizwitsHandle)
    gizwitsInit                              0x080039b1   Thumb Code    46  gizwits_protocol.o(i.gizwitsInit)
    gizwitsSetMode                           0x08003a15   Thumb Code   590  gizwits_protocol.o(i.gizwitsSetMode)
    main                                     0x08003c9d   Thumb Code   168  main.o(i.main)
    mcuRestart                               0x08003d89   Thumb Code    38  gizwits_product.o(i.mcuRestart)
    pull_data_from_queue                     0x08003db9   Thumb Code   112  rx_data_queue.o(i.pull_data_from_queue)
    rbCanRead                                0x08003e7d   Thumb Code    56  ringbuffer.o(i.rbCanRead)
    rbCanWrite                               0x08003eb5   Thumb Code    30  ringbuffer.o(i.rbCanWrite)
    rbCapacity                               0x08003ed3   Thumb Code    14  ringbuffer.o(i.rbCapacity)
    rbCreate                                 0x08003ee1   Thumb Code    22  ringbuffer.o(i.rbCreate)
    rbRead                                   0x08003ef7   Thumb Code   162  ringbuffer.o(i.rbRead)
    rbWrite                                  0x08003f99   Thumb Code   154  ringbuffer.o(i.rbWrite)
    rx_queue_init                            0x08004035   Thumb Code   148  rx_data_queue.o(i.rx_queue_init)
    uartWrite                                0x08004115   Thumb Code    82  gizwits_product.o(i.uartWrite)
    uart_init                                0x0800416d   Thumb Code   152  usart.o(i.uart_init)
    usart3_init                              0x0800420d   Thumb Code   166  usart3.o(i.usart3_init)
    userHandle                               0x080042bd   Thumb Code    58  main.o(i.userHandle)
    __ctype_table                            0x08004310   Data         129  ctype_o.o(.constdata)
    Region$$Table$$Base                      0x08004424   Number         0  anon$$obj.o(Region$$Table)
    Region$$Table$$Limit                     0x08004444   Number         0  anon$$obj.o(Region$$Table)
    temp                                     0x20000000   Data           4  main.o(.data)
    humi                                     0x20000004   Data           4  main.o(.data)
    pm                                       0x20000008   Data           6  main.o(.data)
    light                                    0x2000000e   Data           7  main.o(.data)
    tempvalue                                0x20000018   Data           4  main.o(.data)
    humivalue                                0x2000001c   Data           4  main.o(.data)
    dustvalue                                0x20000020   Data           4  main.o(.data)
    lightvalue                               0x20000024   Data           4  main.o(.data)
    SystemCoreClock                          0x20000028   Data           4  system_stm32f10x.o(.data)
    AHBPrescTable                            0x2000002c   Data          16  system_stm32f10x.o(.data)
    __stdout                                 0x20000040   Data           4  usart.o(.data)
    USART_RX_STA                             0x20000044   Data           2  usart.o(.data)
    wifi_flag                                0x20000060   Data           1  gizwits_product.o(.data)
    currentDataPoint                         0x20000078   Data          27  main.o(.bss)
    USART_RX_BUF                             0x20000093   Data         200  usart.o(.bss)
    redata                                   0x2000015c   Data         100  rx_data_queue.o(.bss)
    node_data                                0x200001c0   Data          16  rx_data_queue.o(.bss)
    rx_queue                                 0x200001d0   Data          28  rx_data_queue.o(.bss)
    node_buff                                0x200001ec   Data        4096  rx_data_queue.o(.bss)
    gizwitsProtocol                          0x200011ec   Data         336  gizwits_protocol.o(.bss)
    pRb                                      0x2000133c   Data          16  gizwits_protocol.o(.bss)
    __initial_sp                             0x20001788   Data           0  startup_stm32f10x_md.o(STACK)



==============================================================================

Memory Map of the image

  Image Entry point : 0x08000101

  Load Region LR_1 (Base: 0x08000000, Size: 0x000044bc, Max: 0xffffffff, ABSOLUTE)

    Execution Region ER_RO (Exec base: 0x08000000, Load base: 0x08000000, Size: 0x00004444, Max: 0xffffffff, ABSOLUTE)

    Exec Addr    Load Addr    Size         Type   Attr      Idx    E Section Name        Object

    0x08000000   0x08000000   0x000000ec   Data   RO          403    RESET               startup_stm32f10x_md.o
    0x080000ec   0x080000ec   0x00000000   Code   RO         3983  * .ARM.Collect$$$$00000000  mc_w.l(entry.o)
    0x080000ec   0x080000ec   0x00000004   Code   RO         4273    .ARM.Collect$$$$00000001  mc_w.l(entry2.o)
    0x080000f0   0x080000f0   0x00000004   Code   RO         4276    .ARM.Collect$$$$00000004  mc_w.l(entry5.o)
    0x080000f4   0x080000f4   0x00000000   Code   RO         4278    .ARM.Collect$$$$00000008  mc_w.l(entry7b.o)
    0x080000f4   0x080000f4   0x00000000   Code   RO         4280    .ARM.Collect$$$$0000000A  mc_w.l(entry8b.o)
    0x080000f4   0x080000f4   0x00000008   Code   RO         4281    .ARM.Collect$$$$0000000B  mc_w.l(entry9a.o)
    0x080000fc   0x080000fc   0x00000000   Code   RO         4283    .ARM.Collect$$$$0000000D  mc_w.l(entry10a.o)
    0x080000fc   0x080000fc   0x00000000   Code   RO         4285    .ARM.Collect$$$$0000000F  mc_w.l(entry11a.o)
    0x080000fc   0x080000fc   0x00000004   Code   RO         4274    .ARM.Collect$$$$00002712  mc_w.l(entry2.o)
    0x08000100   0x08000100   0x00000024   Code   RO          404  * .text               startup_stm32f10x_md.o
    0x08000124   0x08000124   0x00000024   Code   RO         3988    .text               mc_w.l(memcpya.o)
    0x08000148   0x08000148   0x00000024   Code   RO         3990    .text               mc_w.l(memseta.o)
    0x0800016c   0x0800016c   0x00000012   Code   RO         3994    .text               mc_w.l(strcpy.o)
    0x0800017e   0x0800017e   0x0000001a   Code   RO         4259    .text               mc_w.l(atoi.o)
    0x08000198   0x08000198   0x00000028   Code   RO         4269    .text               mf_w.l(ffixui.o)
    0x080001c0   0x080001c0   0x00000038   Code   RO         4271    .text               mf_w.l(d2f.o)
    0x080001f8   0x080001f8   0x00000062   Code   RO         4289    .text               mc_w.l(uldiv.o)
    0x0800025a   0x0800025a   0x00000002   PAD
    0x0800025c   0x0800025c   0x0000009c   Code   RO         4298    .text               mc_w.l(strtod.o)
    0x080002f8   0x080002f8   0x00000070   Code   RO         4300    .text               mc_w.l(strtol.o)
    0x08000368   0x08000368   0x00000000   Code   RO         4302    .text               mc_w.l(iusefp.o)
    0x08000368   0x08000368   0x0000006e   Code   RO         4303    .text               mf_w.l(fepilogue.o)
    0x080003d6   0x080003d6   0x000000e4   Code   RO         4307    .text               mf_w.l(dmul.o)
    0x080004ba   0x080004ba   0x000000de   Code   RO         4309    .text               mf_w.l(ddiv.o)
    0x08000598   0x08000598   0x00000024   Code   RO         4315    .text               mc_w.l(init.o)
    0x080005bc   0x080005bc   0x0000001e   Code   RO         4317    .text               mc_w.l(llshl.o)
    0x080005da   0x080005da   0x00000020   Code   RO         4319    .text               mc_w.l(llushr.o)
    0x080005fa   0x080005fa   0x00000002   PAD
    0x080005fc   0x080005fc   0x00000008   Code   RO         4325    .text               mc_w.l(ctype_o.o)
    0x08000604   0x08000604   0x00000012   Code   RO         4347    .text               mc_w.l(isspace_o.o)
    0x08000616   0x08000616   0x00000002   PAD
    0x08000618   0x08000618   0x00000338   Code   RO         4353    .text               mc_w.l(scanf_fp.o)
    0x08000950   0x08000950   0x00000040   Code   RO         4357    .text               mc_w.l(_sgetc.o)
    0x08000990   0x08000990   0x0000009e   Code   RO         4359    .text               mc_w.l(_strtoul.o)
    0x08000a2e   0x08000a2e   0x000000ba   Code   RO         4361    .text               mf_w.l(depilogue.o)
    0x08000ae8   0x08000ae8   0x0000001c   Code   RO         4366    .text               mc_w.l(_chval.o)
    0x08000b04   0x08000b04   0x00000018   Code   RO         4368    .text               mf_w.l(dfltul.o)
    0x08000b1c   0x08000b1c   0x00000004   Code   RO          172    i.BusFault_Handler  stm32f10x_it.o
    0x08000b20   0x08000b20   0x00000002   Code   RO          173    i.DebugMon_Handler  stm32f10x_it.o
    0x08000b22   0x08000b22   0x000000be   Code   RO         3546    i.Extraction_str    bsp_usart2.o
    0x08000be0   0x08000be0   0x00000116   Code   RO         1559    i.GPIO_Init         stm32f10x_gpio.o
    0x08000cf6   0x08000cf6   0x00000002   PAD
    0x08000cf8   0x08000cf8   0x00000020   Code   RO            1    i.Gizetis_Init      main.o
    0x08000d18   0x08000d18   0x00000004   Code   RO          174    i.HardFault_Handler  stm32f10x_it.o
    0x08000d1c   0x08000d1c   0x0000007c   Code   RO         3375    i.KEY_Init          key.o
    0x08000d98   0x08000d98   0x000000c0   Code   RO         3376    i.KEY_Scan          key.o
    0x08000e58   0x08000e58   0x00000004   Code   RO          175    i.MemManage_Handler  stm32f10x_it.o
    0x08000e5c   0x08000e5c   0x00000002   Code   RO          176    i.NMI_Handler       stm32f10x_it.o
    0x08000e5e   0x08000e5e   0x00000026   Code   RO         3547    i.NVIC_Configuration  bsp_usart2.o
    0x08000e84   0x08000e84   0x00000070   Code   RO          408    i.NVIC_Init         misc.o
    0x08000ef4   0x08000ef4   0x00000014   Code   RO          409    i.NVIC_PriorityGroupConfig  misc.o
    0x08000f08   0x08000f08   0x00000002   Code   RO          177    i.PendSV_Handler    stm32f10x_it.o
    0x08000f0a   0x08000f0a   0x00000002   PAD
    0x08000f0c   0x08000f0c   0x00000020   Code   RO         1975    i.RCC_APB1PeriphClockCmd  stm32f10x_rcc.o
    0x08000f2c   0x08000f2c   0x00000020   Code   RO         1976    i.RCC_APB1PeriphResetCmd  stm32f10x_rcc.o
    0x08000f4c   0x08000f4c   0x00000020   Code   RO         1977    i.RCC_APB2PeriphClockCmd  stm32f10x_rcc.o
    0x08000f6c   0x08000f6c   0x00000020   Code   RO         1978    i.RCC_APB2PeriphResetCmd  stm32f10x_rcc.o
    0x08000f8c   0x08000f8c   0x000000d4   Code   RO         1985    i.RCC_GetClocksFreq  stm32f10x_rcc.o
    0x08001060   0x08001060   0x00000002   Code   RO          178    i.SVC_Handler       stm32f10x_it.o
    0x08001062   0x08001062   0x00000008   Code   RO          261    i.SetSysClock       system_stm32f10x.o
    0x0800106a   0x0800106a   0x00000002   PAD
    0x0800106c   0x0800106c   0x000000e0   Code   RO          262    i.SetSysClockTo72   system_stm32f10x.o
    0x0800114c   0x0800114c   0x00000028   Code   RO          412    i.SysTick_CLKSourceConfig  misc.o
    0x08001174   0x08001174   0x00000002   Code   RO          179    i.SysTick_Handler   stm32f10x_it.o
    0x08001176   0x08001176   0x00000002   PAD
    0x08001178   0x08001178   0x00000060   Code   RO          264    i.SystemInit        system_stm32f10x.o
    0x080011d8   0x080011d8   0x00000020   Code   RO         3394    i.TIM3_IRQHandler   timer.o
    0x080011f8   0x080011f8   0x0000005c   Code   RO         3395    i.TIM3_Int_Init     timer.o
    0x08001254   0x08001254   0x00000006   Code   RO         2604    i.TIM_ClearITPendingBit  stm32f10x_tim.o
    0x0800125a   0x0800125a   0x00000018   Code   RO         2609    i.TIM_Cmd           stm32f10x_tim.o
    0x08001272   0x08001272   0x00000022   Code   RO         2630    i.TIM_GetITStatus   stm32f10x_tim.o
    0x08001294   0x08001294   0x00000012   Code   RO         2634    i.TIM_ITConfig      stm32f10x_tim.o
    0x080012a6   0x080012a6   0x00000002   PAD
    0x080012a8   0x080012a8   0x000000a4   Code   RO         2680    i.TIM_TimeBaseInit  stm32f10x_tim.o
    0x0800134c   0x0800134c   0x00000088   Code   RO          350    i.USART1_IRQHandler  usart.o
    0x080013d4   0x080013d4   0x00000098   Code   RO         3548    i.USART2_Config     bsp_usart2.o
    0x0800146c   0x0800146c   0x0000006c   Code   RO         3549    i.USART2_IRQHandler  bsp_usart2.o
    0x080014d8   0x080014d8   0x00000030   Code   RO         3416    i.USART3_IRQHandler  usart3.o
    0x08001508   0x08001508   0x0000001e   Code   RO         3142    i.USART_ClearITPendingBit  stm32f10x_usart.o
    0x08001526   0x08001526   0x00000018   Code   RO         3145    i.USART_Cmd         stm32f10x_usart.o
    0x0800153e   0x0800153e   0x00000002   PAD
    0x08001540   0x08001540   0x0000009c   Code   RO         3147    i.USART_DeInit      stm32f10x_usart.o
    0x080015dc   0x080015dc   0x0000001a   Code   RO         3148    i.USART_GetFlagStatus  stm32f10x_usart.o
    0x080015f6   0x080015f6   0x00000054   Code   RO         3149    i.USART_GetITStatus  stm32f10x_usart.o
    0x0800164a   0x0800164a   0x0000004a   Code   RO         3151    i.USART_ITConfig    stm32f10x_usart.o
    0x08001694   0x08001694   0x000000d8   Code   RO         3152    i.USART_Init        stm32f10x_usart.o
    0x0800176c   0x0800176c   0x0000000a   Code   RO         3159    i.USART_ReceiveData  stm32f10x_usart.o
    0x08001776   0x08001776   0x00000008   Code   RO         3162    i.USART_SendData    stm32f10x_usart.o
    0x0800177e   0x0800177e   0x00000004   Code   RO          180    i.UsageFault_Handler  stm32f10x_it.o
    0x08001782   0x08001782   0x00000002   PAD
    0x08001784   0x08001784   0x00000020   Code   RO         4205    i.__0printf$8       mc_w.l(printf8.o)
    0x080017a4   0x080017a4   0x00000008   Code   RO         4291    i.__aeabi_errno_addr  mc_w.l(errno.o)
    0x080017ac   0x080017ac   0x0000000c   Code   RO         4292    i.__read_errno      mc_w.l(errno.o)
    0x080017b8   0x080017b8   0x0000000e   Code   RO         4372    i.__scatterload_copy  mc_w.l(handlers.o)
    0x080017c6   0x080017c6   0x00000002   Code   RO         4373    i.__scatterload_null  mc_w.l(handlers.o)
    0x080017c8   0x080017c8   0x0000000e   Code   RO         4374    i.__scatterload_zeroinit  mc_w.l(handlers.o)
    0x080017d6   0x080017d6   0x00000002   PAD
    0x080017d8   0x080017d8   0x0000000c   Code   RO         4293    i.__set_errno       mc_w.l(errno.o)
    0x080017e4   0x080017e4   0x0000000e   Code   RO         4355    i._is_digit         mc_w.l(scanf_fp.o)
    0x080017f2   0x080017f2   0x00000002   PAD
    0x080017f4   0x080017f4   0x00000410   Code   RO         4212    i._printf_core      mc_w.l(printf8.o)
    0x08001c04   0x08001c04   0x00000024   Code   RO         4213    i._printf_post_padding  mc_w.l(printf8.o)
    0x08001c28   0x08001c28   0x0000002e   Code   RO         4214    i._printf_pre_padding  mc_w.l(printf8.o)
    0x08001c56   0x08001c56   0x0000002a   Code   RO         3980    i.atof              m_ws.l(atof.o)
    0x08001c80   0x08001c80   0x0000000e   Code   RO         3455    i.cbIncr            rx_data_queue.o
    0x08001c8e   0x08001c8e   0x0000000a   Code   RO         3456    i.cbInit            rx_data_queue.o
    0x08001c98   0x08001c98   0x00000012   Code   RO         3457    i.cbIsEmpty         rx_data_queue.o
    0x08001caa   0x08001caa   0x00000016   Code   RO         3458    i.cbIsFull          rx_data_queue.o
    0x08001cc0   0x08001cc0   0x00000034   Code   RO         3459    i.cbRead            rx_data_queue.o
    0x08001cf4   0x08001cf4   0x0000001a   Code   RO         3460    i.cbReadFinish      rx_data_queue.o
    0x08001d0e   0x08001d0e   0x00000034   Code   RO         3461    i.cbWrite           rx_data_queue.o
    0x08001d42   0x08001d42   0x00000006   Code   RO         3462    i.cbWriteFinish     rx_data_queue.o
    0x08001d48   0x08001d48   0x00000044   Code   RO          295    i.delay_init        delay.o
    0x08001d8c   0x08001d8c   0x0000004c   Code   RO          296    i.delay_ms          delay.o
    0x08001dd8   0x08001dd8   0x0000001a   Code   RO         3796    i.exchangeBytes     common.o
    0x08001df2   0x08001df2   0x0000001a   Code   RO         3797    i.exchangeWord      common.o
    0x08001e0c   0x08001e0c   0x0000001c   Code   RO          352    i.fputc             usart.o
    0x08001e28   0x08001e28   0x0000002a   Code   RO         3865    i.gizAcrossByteJudge  datapointtools.o
    0x08001e52   0x08001e52   0x00000032   Code   RO         3866    i.gizByteOrderExchange  datapointtools.o
    0x08001e84   0x08001e84   0x00000218   Code   RO         3636    i.gizCheckReport    gizwits_protocol.o
    0x0800209c   0x0800209c   0x000000dc   Code   RO         3637    i.gizDataPoint2Event  gizwits_protocol.o
    0x08002178   0x08002178   0x000000ec   Code   RO         3638    i.gizDataPoints2ReportData  gizwits_protocol.o
    0x08002264   0x08002264   0x000000bc   Code   RO         3639    i.gizDevReportPolicy  gizwits_protocol.o
    0x08002320   0x08002320   0x0000000c   Code   RO         3577    i.gizGetTimerCount  gizwits_product.o
    0x0800232c   0x0800232c   0x0000008c   Code   RO         3640    i.gizProtocolAckHandle  gizwits_protocol.o
    0x080023b8   0x080023b8   0x000000a0   Code   RO         3641    i.gizProtocolCommonAck  gizwits_protocol.o
    0x08002458   0x08002458   0x000000a4   Code   RO         3642    i.gizProtocolErrorCmd  gizwits_protocol.o
    0x080024fc   0x080024fc   0x0000017c   Code   RO         3643    i.gizProtocolGetDeviceInfo  gizwits_protocol.o
    0x08002678   0x08002678   0x000001a8   Code   RO         3644    i.gizProtocolGetOnePacket  gizwits_protocol.o
    0x08002820   0x08002820   0x00000050   Code   RO         3645    i.gizProtocolHeadInit  gizwits_protocol.o
    0x08002870   0x08002870   0x00000140   Code   RO         3646    i.gizProtocolIssuedDataAck  gizwits_protocol.o
    0x080029b0   0x080029b0   0x00000118   Code   RO         3647    i.gizProtocolIssuedProcess  gizwits_protocol.o
    0x08002ac8   0x08002ac8   0x0000005c   Code   RO         3648    i.gizProtocolModuleInfoHandle  gizwits_protocol.o
    0x08002b24   0x08002b24   0x00000504   Code   RO         3649    i.gizProtocolModuleStatus  gizwits_protocol.o
    0x08003028   0x08003028   0x00000084   Code   RO         3650    i.gizProtocolNTP    gizwits_protocol.o
    0x080030ac   0x080030ac   0x0000001c   Code   RO         3651    i.gizProtocolReboot  gizwits_protocol.o
    0x080030c8   0x080030c8   0x0000007c   Code   RO         3652    i.gizProtocolResendData  gizwits_protocol.o
    0x08003144   0x08003144   0x00000026   Code   RO         3799    i.gizProtocolSum    common.o
    0x0800316a   0x0800316a   0x00000002   PAD
    0x0800316c   0x0800316c   0x00000064   Code   RO         3653    i.gizProtocolWaitAck  gizwits_protocol.o
    0x080031d0   0x080031d0   0x00000048   Code   RO         3654    i.gizProtocolWaitAckCheck  gizwits_protocol.o
    0x08003218   0x08003218   0x00000074   Code   RO         3655    i.gizPutData        gizwits_protocol.o
    0x0800328c   0x0800328c   0x000000d4   Code   RO         3656    i.gizReportData     gizwits_protocol.o
    0x08003360   0x08003360   0x00000080   Code   RO         3867    i.gizStandardCompressValue  datapointtools.o
    0x080033e0   0x080033e0   0x000000c2   Code   RO         3868    i.gizStandardDecompressionValue  datapointtools.o
    0x080034a2   0x080034a2   0x00000002   PAD
    0x080034a4   0x080034a4   0x00000010   Code   RO         3578    i.gizTimerMs        gizwits_product.o
    0x080034b4   0x080034b4   0x0000000e   Code   RO         3873    i.gizY2X            datapointtools.o
    0x080034c2   0x080034c2   0x00000002   PAD
    0x080034c4   0x080034c4   0x000001d0   Code   RO         3579    i.gizwitsEventProcess  gizwits_product.o
    0x08003694   0x08003694   0x0000031c   Code   RO         3659    i.gizwitsHandle     gizwits_protocol.o
    0x080039b0   0x080039b0   0x00000064   Code   RO         3660    i.gizwitsInit       gizwits_protocol.o
    0x08003a14   0x08003a14   0x00000288   Code   RO         3662    i.gizwitsSetMode    gizwits_protocol.o
    0x08003c9c   0x08003c9c   0x000000ec   Code   RO            2    i.main              main.o
    0x08003d88   0x08003d88   0x00000030   Code   RO         3580    i.mcuRestart        gizwits_product.o
    0x08003db8   0x08003db8   0x000000c4   Code   RO         3463    i.pull_data_from_queue  rx_data_queue.o
    0x08003e7c   0x08003e7c   0x00000038   Code   RO         3931    i.rbCanRead         ringbuffer.o
    0x08003eb4   0x08003eb4   0x0000001e   Code   RO         3932    i.rbCanWrite        ringbuffer.o
    0x08003ed2   0x08003ed2   0x0000000e   Code   RO         3933    i.rbCapacity        ringbuffer.o
    0x08003ee0   0x08003ee0   0x00000016   Code   RO         3934    i.rbCreate          ringbuffer.o
    0x08003ef6   0x08003ef6   0x000000a2   Code   RO         3936    i.rbRead            ringbuffer.o
    0x08003f98   0x08003f98   0x0000009a   Code   RO         3937    i.rbWrite           ringbuffer.o
    0x08004032   0x08004032   0x00000002   PAD
    0x08004034   0x08004034   0x000000e0   Code   RO         3465    i.rx_queue_init     rx_data_queue.o
    0x08004114   0x08004114   0x00000058   Code   RO         3581    i.uartWrite         gizwits_product.o
    0x0800416c   0x0800416c   0x000000a0   Code   RO          353    i.uart_init         usart.o
    0x0800420c   0x0800420c   0x000000b0   Code   RO         3418    i.usart3_init       usart3.o
    0x080042bc   0x080042bc   0x00000054   Code   RO            3    i.userHandle        main.o
    0x08004310   0x08004310   0x00000081   Data   RO         4326    .constdata          mc_w.l(ctype_o.o)
    0x08004391   0x08004391   0x00000003   PAD
    0x08004394   0x08004394   0x00000004   Data   RO         4327    .constdata          mc_w.l(ctype_o.o)
    0x08004398   0x08004398   0x0000008c   Data   RO         3467    .conststring        rx_data_queue.o
    0x08004424   0x08004424   0x00000020   Data   RO         4370    Region$$Table       anon$$obj.o


    Execution Region ER_RW (Exec base: 0x20000000, Load base: 0x08004444, Size: 0x00000078, Max: 0xffffffff, ABSOLUTE)

    Exec Addr    Load Addr    Size         Type   Attr      Idx    E Section Name        Object

    0x20000000   0x08004444   0x00000028   Data   RW            5    .data               main.o
    0x20000028   0x0800446c   0x00000014   Data   RW          265    .data               system_stm32f10x.o
    0x2000003c   0x08004480   0x00000004   Data   RW          298    .data               delay.o
    0x20000040   0x08004484   0x00000006   Data   RW          355    .data               usart.o
    0x20000046   0x0800448a   0x00000014   Data   RW         2005    .data               stm32f10x_rcc.o
    0x2000005a   0x0800449e   0x00000001   Data   RW         3377    .data               key.o
    0x2000005b   0x0800449f   0x00000001   PAD
    0x2000005c   0x080044a0   0x00000005   Data   RW         3583    .data               gizwits_product.o
    0x20000061   0x080044a5   0x00000003   PAD
    0x20000064   0x080044a8   0x00000010   Data   RW         3664    .data               gizwits_protocol.o
    0x20000074   0x080044b8   0x00000004   Data   RW         4294    .data               mc_w.l(errno.o)


    Execution Region ER_ZI (Exec base: 0x20000078, Load base: 0x080044bc, Size: 0x00001710, Max: 0xffffffff, ABSOLUTE)

    Exec Addr    Load Addr    Size         Type   Attr      Idx    E Section Name        Object

    0x20000078        -       0x0000001b   Zero   RW            4    .bss                main.o
    0x20000093        -       0x000000c8   Zero   RW          354    .bss                usart.o
    0x2000015b   0x080044bc   0x00000001   PAD
    0x2000015c        -       0x00001090   Zero   RW         3466    .bss                rx_data_queue.o
    0x200011ec        -       0x0000019c   Zero   RW         3663    .bss                gizwits_protocol.o
    0x20001388        -       0x00000400   Zero   RW          401    STACK               startup_stm32f10x_md.o


==============================================================================

Image component sizes


      Code (inc. data)   RO Data    RW Data    ZI Data      Debug   Object Name

       488         22          0          0          0       2497   bsp_usart2.o
        90          0          0          0          0       2076   common.o
       428          0          0          0          0       4396   datapointtools.o
       144         22          0          4          0       1144   delay.o
       628        258          0          5          0      18998   gizwits_product.o
      6832       2196          0         16        412      18838   gizwits_protocol.o
       316         24          0          1          0       1218   key.o
       352        100          0         40         27     264968   main.o
       172         22          0          0          0       1985   misc.o
       438          0          0          0          0       4048   ringbuffer.o
       620        160        140          0       4240       7576   rx_data_queue.o
        36          8        236          0       1024        788   startup_stm32f10x_md.o
       278          0          0          0          0       1928   stm32f10x_gpio.o
        26          0          0          0          0       3550   stm32f10x_it.o
       340         44          0         20          0       5456   stm32f10x_rcc.o
       246         42          0          0          0       3450   stm32f10x_tim.o
       628         28          0          0          0       7254   stm32f10x_usart.o
         0          0          0          0          0         32   sys.o
       328         28          0         20          0       1997   system_stm32f10x.o
       124         10          0          0          0       1102   timer.o
       324         26          0          6        200       3560   usart.o
       224         14          0          0          0       1190   usart3.o

    ----------------------------------------------------------------------
     13084       3004        408        116       5904     358051   Object Totals
         0          0         32          0          0          0   (incl. Generated)
        22          0          0          4          1          0   (incl. Padding)

    ----------------------------------------------------------------------

      Code (inc. data)   RO Data    RW Data    ZI Data      Debug   Library Member Name

        42          0          0          0          0         84   atof.o
        28          0          0          0          0         68   _chval.o
        64          0          0          0          0         84   _sgetc.o
       158          0          0          0          0         92   _strtoul.o
        26          0          0          0          0         80   atoi.o
         8          4        133          0          0         68   ctype_o.o
         0          0          0          0          0          0   entry.o
         0          0          0          0          0          0   entry10a.o
         0          0          0          0          0          0   entry11a.o
         8          4          0          0          0          0   entry2.o
         4          0          0          0          0          0   entry5.o
         0          0          0          0          0          0   entry7b.o
         0          0          0          0          0          0   entry8b.o
         8          4          0          0          0          0   entry9a.o
        32         16          0          4          0        204   errno.o
        30          0          0          0          0          0   handlers.o
        36          8          0          0          0         68   init.o
        18          0          0          0          0         76   isspace_o.o
         0          0          0          0          0          0   iusefp.o
        30          0          0          0          0         68   llshl.o
        32          0          0          0          0         68   llushr.o
        36          0          0          0          0         68   memcpya.o
        36          0          0          0          0        108   memseta.o
      1154         54          0          0          0        352   printf8.o
       838         12          0          0          0        216   scanf_fp.o
        18          0          0          0          0         68   strcpy.o
       156         14          0          0          0        120   strtod.o
       112          0          0          0          0         88   strtol.o
        98          0          0          0          0         92   uldiv.o
        56          0          0          0          0         88   d2f.o
       222          0          0          0          0        100   ddiv.o
       186          0          0          0          0        176   depilogue.o
        24          0          0          0          0         76   dfltul.o
       228          0          0          0          0         96   dmul.o
       110          0          0          0          0        168   fepilogue.o
        40          0          0          0          0         68   ffixui.o

    ----------------------------------------------------------------------
      3848        116        136          4          0       2844   Library Totals
        10          0          3          0          0          0   (incl. Padding)

    ----------------------------------------------------------------------

      Code (inc. data)   RO Data    RW Data    ZI Data      Debug   Library Name

        42          0          0          0          0         84   m_ws.l
      2930        116        133          4          0       1988   mc_w.l
       866          0          0          0          0        772   mf_w.l

    ----------------------------------------------------------------------
      3848        116        136          4          0       2844   Library Totals

    ----------------------------------------------------------------------

==============================================================================


      Code (inc. data)   RO Data    RW Data    ZI Data      Debug   

     16932       3120        544        120       5904     354287   Grand Totals
     16932       3120        544        120       5904     354287   ELF Image Totals
     16932       3120        544        120          0          0   ROM Totals

==============================================================================

    Total RO  Size (Code + RO Data)                17476 (  17.07kB)
    Total RW  Size (RW Data + ZI Data)              6024 (   5.88kB)
    Total ROM Size (Code + RO Data + RW Data)      17596 (  17.18kB)

==============================================================================

